******************************************************************************
                  TI ARM Linker PC v20.2.5                     
******************************************************************************
>> Linked Thu Nov  3 13:00:25 2022

OUTPUT FILE NAME:   <TSGC-Reconfig-Lighting-System-Software.out>
ENTRY POINT SYMBOL: "_c_int00"  address: 00007069


MEMORY CONFIGURATION

         name            origin    length      used     unused   attr    fill
----------------------  --------  ---------  --------  --------  ----  --------
  FLASH                 00000000   00040000  0000c67c  00033984  R  X
  SRAM                  20000000   00008000  000029ec  00005614  RW X


SEGMENT ALLOCATION MAP

run origin  load origin   length   init length attrs members
----------  ----------- ---------- ----------- ----- -------
00000000    00000000    0000c688   0000c688    r-x
  00000000    00000000    0000003c   0000003c    r-- .resetVecs
  00000040    00000040    0000a192   0000a192    r-x .text
  0000a1d4    0000a1d4    000021ee   000021ee    r-- .const
  0000c3c8    0000c3c8    000002c0   000002c0    r-- .cinit
20000000    20000000    000029f0   00000000    rw-
  20000000    20000000    00000360   00000000    rw- .vecs
  20000360    20000360    00001cf4   00000000    rw- .bss
  20002054    20002054    00000698   00000000    rw- .data
  200026f0    200026f0    00000300   00000000    rw- .stack


SECTION ALLOCATION MAP

 output                                  attributes/
section   page    origin      length       input sections
--------  ----  ----------  ----------   ----------------
.text      0    00000040    0000a192     
                  00000040    00000a4e     rtsv7M4_T_le_v4SPD16_eabi.lib : _printfi.c.obj (.text:__TI_printfi)
                  00000a8e    00000002                                   : _lock.c.obj (.text:_nop)
                  00000a90    00000430     sysbios.aem4f : BIOS.obj (.text:ti_sysbios_family_arm_m3_Hwi_excDumpRegs__I)
                  00000ec0    0000034c     ti.targets.arm.rtsarm.aem4f : System.oem4f (.text:xdc_runtime_System_doPrint__I)
                  0000120c    00000270     rtsv7M4_T_le_v4SPD16_eabi.lib : _printfi.c.obj (.text:_pconv_a)
                  0000147c    0000021c     RLS_USB.obj (.text:cdc_Event_Control_Handler)
                  00001698    000001f4     sysbios.aem4f : BIOS.obj (.text:ti_sysbios_family_arm_m3_Hwi_excHandlerMax__I)
                  0000188c    000001d0     rtsv7M4_T_le_v4SPD16_eabi.lib : _printfi.c.obj (.text:_pconv_g)
                  00001a5c    000001b6                                   : fd_add_t2.asm.obj (.text)
                  00001c12    00000002     usblib.lib : usbdma.obj (.text:iDMAUSBArbSizeSet)
                  00001c14    0000019c     RLS_LED.obj (.text:RLS_LED_Update_Task)
                  00001db0    00000174     sysbios.aem4f : BIOS.obj (.text:ti_sysbios_family_arm_m3_Hwi_excBusFault__I)
                  00001f24    00000170     usblib.lib : usbdma.obj (.text:USBLibDMAInit)
                  00002094    00000004                : usbdma.obj (.text:DMAUSBStatus)
                  00002098    00000164     sysbios.aem4f : BIOS.obj (.text:ti_sysbios_family_arm_m3_Hwi_excUsageFault__I)
                  000021fc    00000004     driverlib.lib : usb.obj (.text:USBDevAddrSet)
                  00002200    00000154     sysbios.aem4f : BIOS.obj (.text:ti_sysbios_knl_Semaphore_pend__E)
                  00002354    00000150     drivers_tivaware.aem4f : GPIOTiva.oem4f (.text:GPIO_setConfig)
                  000024a4    00000150     usblib.lib : usbdenum.obj (.text:USBDEP0StateTxConfig)
                  000025f4    00000150                : usbdenum.obj (.text:USBDeviceIntHandlerInternal)
                  00002744    00000148                : usbdenum.obj (.text:USBDCDInit)
                  0000288c    00000004     rtsv7M4_T_le_v4SPD16_eabi.lib : printf.c.obj (.text:_outc)
                  00002890    00000148     sysbios.aem4f : BIOS.obj (.text:ti_sysbios_family_arm_m3_Hwi_excMemFault__I)
                  000029d8    00000140     usblib.lib : usbdconfig.obj (.text:USBDeviceConfig)
                  00002b18    0000013c     rtsv7M4_T_le_v4SPD16_eabi.lib : _printfi.c.obj (.text:_pconv_e)
                  00002c54    00000138     RLS_USB.obj (.text:USB_serialTX)
                  00002d8c    00000136     rtsv7M4_T_le_v4SPD16_eabi.lib : fd_div_t2.asm.obj (.text)
                  00002ec2    00000130     driverlib.lib : gpio.obj (.text:GPIOPadConfigSet)
                  00002ff2    00000002     usblib.lib : usbdma.obj (.text:iDMAUSBUnitSizeSet)
                  00002ff4    00000130     RLS_LED.obj (.text:RLS_LED_Setup)
                  00003124    00000124     rtsv7M4_T_le_v4SPD16_eabi.lib : _printfi.c.obj (.text:fcvt)
                  00003248    00000118     ti.targets.arm.rtsarm.aem4f : Error.oem4f (.text:xdc_runtime_Error_policyDefault__E)
                  00003360    00000114     rtsv7M4_T_le_v4SPD16_eabi.lib : fputs.c.obj (.text:fputs)
                  00003474    00000110                                   : s_scalbn.c.obj (.text:scalbn)
                  00003584    00000108     RLS_USB.obj (.text:USB_serialRX)
                  0000368c    00000004     rtsv7M4_T_le_v4SPD16_eabi.lib : printf.c.obj (.text:_outs)
                  00003690    00000108     sysbios.aem4f : BIOS.obj (.text:ti_sysbios_family_arm_lm4_Timer_start__E)
                  00003798    00000100     Boot.aem4f : Boot_sysctl.oem4f (.text:ti_catalog_arm_cortexm4_tiva_ce_Boot_sysCtlClockSetI__I)
                  00003898    00000100     ti.targets.arm.rtsarm.aem4f : Core-mem.oem4f (.text:xdc_runtime_Core_createObject__I)
                  00003998    000000fc     rtsv7M4_T_le_v4SPD16_eabi.lib : fd_mul_t2.asm.obj (.text)
                  00003a94    000000f8     ti.targets.arm.rtsarm.aem4f : Startup.oem4f (.text:xdc_runtime_Startup_startMods__I)
                  00003b8c    000000f8     empty_min_pem4f.oem4f (.text:xdc_runtime_System_printfExtend__I)
                  00003c84    000000f5     RLS_Command.obj (.text:command_Task)
                  00003d79    00000001     --HOLE-- [fill = 0]
                  00003d7a    00000002     rtsv7M4_T_le_v4SPD16_eabi.lib : div0.asm.obj (.text)
                  00003d7c    000000f4     sysbios.aem4f : m3_Hwi_asm.obj (.text:ti_sysbios_family_arm_m3_Hwi_dispatch__I)
                  00003e70    000000ea     usblib.lib : usbdma.obj (.text:iDMAUSBTransfer)
                  00003f5a    00000002     empty_min_pem4f.oem4f (.text:ti_sysbios_BIOS_nullFunc__I)
                  00003f5c    000000e4     usblib.lib : usbdenum.obj (.text:USBDGetDescriptor)
                  00004040    000000dc     RLS_USB.obj (.text:USB_Setup)
                  0000411c    000000dc     rtsv7M4_T_le_v4SPD16_eabi.lib : setvbuf.c.obj (.text:setvbuf)
                  000041f8    000000dc     sysbios.aem4f : BIOS.obj (.text:ti_sysbios_knl_Task_sleep__E)
                  000042d4    000000d8     usblib.lib : usbdenum.obj (.text:USBDeviceEnumHandler)
                  000043ac    000000d8     RLS_USB.obj (.text:cdc_RX_Handler)
                  00004484    000000d4     usblib.lib : usbdcdc.obj (.text:HandleRequests)
                  00004558    000000d4     sysbios.aem4f : BIOS.obj (.text:ti_sysbios_heaps_HeapMem_alloc__E)
                  0000462c    00000004     rtsv7M4_T_le_v4SPD16_eabi.lib : exit.c.obj (.text:abort:abort)
                  00004630    000000cc     sysbios.aem4f : BIOS.obj (.text:ti_sysbios_knl_Task_Instance_init__E)
                  000046fc    000000cc     ti.targets.arm.rtsarm.aem4f : Core-smem.oem4f (.text:xdc_runtime_Core_constructObject__I)
                  000047c8    000000c0     usblib.lib : usbdma.obj (.text:uDMAUSBChannelAllocate)
                  00004888    000000bc     sysbios.aem4f : BIOS.obj (.text:ti_sysbios_family_arm_m3_Hwi_excDebugMon__I)
                  00004944    00000004     empty_min_pem4f.oem4f (.text:ti_sysbios_BIOS_RtsGateProxy_enter__E)
                  00004948    000000bc     sysbios.aem4f : BIOS.obj (.text:ti_sysbios_family_arm_m3_Hwi_excHardFault__I)
                  00004a04    00000004     empty_min_pem4f.oem4f (.text:ti_sysbios_BIOS_RtsGateProxy_leave__E)
                  00004a08    000000bc     sysbios.aem4f : BIOS.obj (.text:ti_sysbios_knl_Task_Instance_finalize__E)
                  00004ac4    000000ba     usblib.lib : usbdma.obj (.text:uDMAUSBTransfer)
                  00004b7e    00000002                : usbdma.obj (.text:uDMAUSBChannelIntDisable)
                  00004b80    000000b1     rtsv7M4_T_le_v4SPD16_eabi.lib : _printfi.c.obj (.text:_ltostr)
                  00004c31    00000001     --HOLE-- [fill = 0]
                  00004c32    00000006     driverlib.lib : gpio.obj (.text:GPIOIntClear)
                  00004c38    000000ac     sysbios.aem4f : BIOS.obj (.text:ti_sysbios_family_arm_lm4_Timer_enableTiva__I)
                  00004ce4    000000a8     usblib.lib : usbdcdc.obj (.text:HandleDevice)
                  00004d8c    000000a0                : usbdcdc.obj (.text:USBDCDCCompositeInit)
                  00004e2c    000000a0     auto_init.aem4f : auto_init.oem4f (.text)
                  00004ecc    000000a0     ti.targets.arm.rtsarm.aem4f : Text.oem4f (.text:xdc_runtime_Text_putMod__E)
                  00004f6c    0000009c     rtsv7M4_T_le_v4SPD16_eabi.lib : memcpy_t2.asm.obj (.text)
                  00005008    0000009a     ti.targets.arm.rtsarm.aem4f : Text.oem4f (.text:xdc_runtime_Text_putSite__E)
                  000050a2    00000002     usblib.lib : usbdma.obj (.text:uDMAUSBChannelIntEnable)
                  000050a4    00000098                : usbdenum.obj (.text:USBDSetInterface)
                  0000513c    00000098     Boot.aem4f : Boot.oem4f (.text:ti_catalog_arm_cortexm4_tiva_ce_Boot_sysCtlClockSet__E)
                  000051d4    00000096     usblib.lib : usbdcdc.obj (.text:CDCTickHandler)
                  0000526a    00000096     rtsv7M4_T_le_v4SPD16_eabi.lib : ull_div_t2.asm.obj (.text)
                  00005300    00000094     sysbios.aem4f : BIOS.obj (.text:ti_sysbios_family_arm_m3_Hwi_Instance_init__E)
                  00005394    00000004                   : BIOS.obj (.text:ti_sysbios_family_arm_lm4_Timer_masterEnable__I)
                  00005398    00000094                   : BIOS.obj (.text:ti_sysbios_family_arm_m3_Hwi_initNVIC__E)
                  0000542c    00000004     empty_min_pem4f.oem4f (.text:ti_sysbios_family_arm_m3_TaskSupport_Module__startupDone__S)
                  00005430    00000094     sysbios.aem4f : BIOS.obj (.text:ti_sysbios_knl_Task_postInit__I)
                  000054c4    00000092     usblib.lib : usbdcdc.obj (.text:SendSerialState)
                  00005556    00000090                : usbdcdc.obj (.text:USBDCDCPacketRead)
                  000055e6    00000002     empty_min_pem4f.oem4f (.text:xdc_runtime_Startup_reset__I)
                  000055e8    0000008c     drivers_tivaware.aem4f : GPIOTiva.oem4f (.text:GPIO_init)
                  00005674    0000008c     usblib.lib : usbdenum.obj (.text:USBDSetConfiguration)
                  00005700    0000008c                : usbdconfig.obj (.text:USBDeviceConfigAlternate)
                  0000578c    0000008c     rtsv7M4_T_le_v4SPD16_eabi.lib : fputc.c.obj (.text:fputc)
                  00005818    0000008c     sysbios.aem4f : m3_TaskSupport_asm.obj (.text:ti_sysbios_family_arm_m3_TaskSupport_buildTaskStack)
                  000058a4    00000086     rtsv7M4_T_le_v4SPD16_eabi.lib : fd_cmp_t2.asm.obj (.text:__aeabi_cdcmple)
                  0000592a    00000086                                   : fd_cmp_t2.asm.obj (.text:__aeabi_cdrcmple)
                  000059b0    00000084     RLS_USB.obj (.text:cdc_TX_Handler)
                  00005a34    00000084     usblib.lib : usbdma.obj (.text:iDMAUSBChannelAllocate)
                  00005ab8    00000084     sysbios.aem4f : BIOS.obj (.text:ti_sysbios_family_arm_m3_Hwi_postInit__I)
                  00005b3c    00000084     driverlib.lib : udma.obj (.text:uDMAChannelTransferSet)
                  00005bc0    00000080     RLS_Main.obj (.text:main)
                  00005c40    0000007c     usblib.lib : usbdenum.obj (.text:USBDClearFeature)
                  00005cbc    0000007c     RLS_USB.obj (.text:USB_WaitConnect)
                  00005d38    0000007c     sysbios.aem4f : BIOS.obj (.text:ti_sysbios_heaps_HeapMem_free__E)
                  00005db4    0000007a     driverlib.lib : usb.obj (.text:USBDevEndpointConfigSet)
                  00005e2e    0000007a     rtsv7M4_T_le_v4SPD16_eabi.lib : memset_t2.asm.obj (.text)
                  00005ea8    00000074     usblib.lib : usbdenum.obj (.text:USBDGetStatus)
                  00005f1c    00000074     rtsv7M4_T_le_v4SPD16_eabi.lib : fclose.c.obj (.text:__TI_closefile)
                  00005f90    00000072     usblib.lib : usbdcdc.obj (.text:ProcessDataFromHost)
                  00006002    00000072                : usbdma.obj (.text:uDMAUSBArbSizeSet)
                  00006074    00000070                : usbdenum.obj (.text:USBDEP0StateTx)
                  000060e4    00000004     empty_min_pem4f.oem4f (.text:ti_sysbios_hal_Hwi_HwiProxy_delete)
                  000060e8    00000070     sysbios.aem4f : BIOS.obj (.text:ti_sysbios_knl_Clock_workFunc__E)
                  00006158    00000070                   : BIOS.obj (.text:ti_sysbios_knl_Task_exit__E)
                  000061c8    00000070     usblib.lib : usbdma.obj (.text:uDMAUSBUnitSizeSet)
                  00006238    0000006e     rtsv7M4_T_le_v4SPD16_eabi.lib : _printfi.c.obj (.text:_mcpy)
                  000062a6    00000002     --HOLE-- [fill = 0]
                  000062a8    0000006d     ti.targets.arm.rtsarm.aem4f : System.oem4f (.text:xdc_runtime_System_formatNum__I)
                  00006315    00000003     --HOLE-- [fill = 0]
                  00006318    0000006c     rtsv7M4_T_le_v4SPD16_eabi.lib : hostrename.c.obj (.text:HOSTrename)
                  00006384    0000006c     empty_min_pem4f.oem4f (.text:ti_sysbios_family_arm_m3_Hwi_Object__create__S)
                  000063f0    0000006c     sysbios.aem4f : BIOS.obj (.text:ti_sysbios_knl_Swi_restoreHwi__E)
                  0000645c    0000006c     ti.targets.arm.rtsarm.aem4f : Error.oem4f (.text:xdc_runtime_Error_print__E)
                  000064c8    0000006c                                 : Memory.oem4f (.text:xdc_runtime_Memory_alloc__E)
                  00006534    00000068     rtsv7M4_T_le_v4SPD16_eabi.lib : hostlseek.c.obj (.text:HOSTlseek)
                  0000659c    00000068     driverlib.lib : interrupt.obj (.text:IntDisable)
                  00006604    00000068                   : interrupt.obj (.text:IntEnable)
                  0000666c    00000068     usblib.lib : usbdenum.obj (.text:USBDSetFeature)
                  000066d4    00000068     rtsv7M4_T_le_v4SPD16_eabi.lib : copy_decompress_lzss.c.obj (.text:decompress:lzss:__TI_decompress_lzss)
                  0000673c    00000068                                   : printf.c.obj (.text:printf)
                  000067a4    00000066     ti.targets.arm.rtsarm.aem4f : Core-mem.oem4f (.text:xdc_runtime_Core_deleteObject__I)
                  0000680a    00000002     --HOLE-- [fill = 0]
                  0000680c    00000064     drivers_tivaware.aem4f : GPIOTiva.oem4f (.text:GPIO_hwiIntFxn)
                  00006870    00000064     driverlib.lib : interrupt.obj (.text:IntIsEnabled)
                  000068d4    00000064     rtsv7M4_T_le_v4SPD16_eabi.lib : s_frexp.c.obj (.text:frexp)
                  00006938    00000064                                   : fseek.c.obj (.text:fseek)
                  0000699c    00000004     empty_min_pem4f.oem4f (.text:ti_sysbios_heaps_HeapMem_Module_GateProxy_enter__E)
                  000069a0    00000064     sysbios.aem4f : BIOS.obj (.text:ti_sysbios_family_arm_lm4_Timer_Module_startup__E)
                  00006a04    00000064     empty_min_pem4f.oem4f (.text:ti_sysbios_family_arm_m3_Hwi_create)
                  00006a68    00000064     sysbios.aem4f : BIOS.obj (.text:ti_sysbios_family_arm_m3_Hwi_dispatchC__I)
                  00006acc    00000064     empty_min_pem4f.oem4f (.text:ti_sysbios_hal_Hwi_create)
                  00006b30    00000064     sysbios.aem4f : BIOS.obj (.text:ti_sysbios_knl_Semaphore_post__E)
                  00006b94    00000064     usblib.lib : usbdma.obj (.text:uDMAUSBChannelEnable)
                  00006bf8    00000062     rtsv7M4_T_le_v4SPD16_eabi.lib : _io_perm.c.obj (.text:__TI_wrt_ok)
                  00006c5a    00000002     --HOLE-- [fill = 0]
                  00006c5c    00000060                                   : hostopen.c.obj (.text:HOSTopen)
                  00006cbc    00000060     usblib.lib : usbdenum.obj (.text:USBDReadAndDispatchRequest)
                  00006d1c    0000005e                : usbdcdc.obj (.text:ProcessDataToHost)
                  00006d7a    0000005e     driverlib.lib : usb.obj (.text:USBDevEndpointStatusClear)
                  00006dd8    0000005c     usblib.lib : usbdcdc.obj (.text:USBDCDCInit)
                  00006e34    0000005c     rtsv7M4_T_le_v4SPD16_eabi.lib : close.c.obj (.text:close)
                  00006e90    0000005c     sysbios.aem4f : BIOS.obj (.text:ti_sysbios_knl_Swi_run__I)
                  00006eec    00000004     empty_min_pem4f.oem4f (.text:ti_sysbios_heaps_HeapMem_Module_GateProxy_leave__E)
                  00006ef0    0000005c     sysbios.aem4f : BIOS.obj (.text:ti_sysbios_knl_Swi_schedule__I)
                  00006f4c    00000004     empty_min_pem4f.oem4f (.text:ti_sysbios_knl_Clock_TimerProxy_getMaxTicks__E)
                  00006f50    0000005c     sysbios.aem4f : BIOS.obj (.text:ti_sysbios_knl_Task_Module_startup__E)
                  00006fac    00000004     empty_min_pem4f.oem4f (.text:ti_sysbios_knl_Queue_destruct)
                  00006fb0    0000005c     sysbios.aem4f : BIOS.obj (.text:ti_sysbios_knl_Task_startCore__E)
                  0000700c    0000005b     ti.targets.arm.rtsarm.aem4f : Text.oem4f (.text:xdc_runtime_Text_putLab__E)
                  00007067    00000001     --HOLE-- [fill = 0]
                  00007068    00000058     boot.aem4f : boot.oem4f (.text)
                  000070c0    00000058     rtsv7M4_T_le_v4SPD16_eabi.lib : hostread.c.obj (.text:HOSTread)
                  00007118    00000058                                   : hostwrite.c.obj (.text:HOSTwrite)
                  00007170    00000058     usblib.lib : usbdcdc.obj (.text:USBDCDCPacketWrite)
                  000071c8    00000058     sysbios.aem4f : m3_Hwi_asm_switch.obj (.text:ti_sysbios_family_arm_m3_Hwi_initStacks__E)
                  00007220    00000056     driverlib.lib : gpio.obj (.text:GPIOIntTypeSet)
                  00007276    00000056     rtsv7M4_T_le_v4SPD16_eabi.lib : _printfi.c.obj (.text:_pconv_f)
                  000072cc    00000056     usblib.lib : usbdma.obj (.text:uDMAUSBChannelRelease)
                  00007322    00000054     rtsv7M4_T_le_v4SPD16_eabi.lib : _ltoa.c.obj (.text:__TI_ltoa)
                  00007376    00000002     --HOLE-- [fill = 0]
                  00007378    00000054     sysbios.aem4f : BIOS.obj (.text:ti_sysbios_family_arm_lm4_Timer_initDevice__I)
                  000073cc    00000054     empty_min_pem4f.oem4f (.text:ti_sysbios_knl_Task_construct)
                  00007420    00000054     ti.targets.arm.rtsarm.aem4f : Assert.oem4f (.text:xdc_runtime_Assert_raise__I)
                  00007474    00000052     usblib.lib : usbulpi.obj (.text:ULPIConfigSet)
                  000074c6    00000052     rtsv7M4_T_le_v4SPD16_eabi.lib : _printfi.c.obj (.text:_ecpy)
                  00007518    00000050     drivers_tivaware.aem4f : GPIOTiva.oem4f (.text:GPIO_setCallback)
                  00007568    00000050     driverlib.lib : sysctl.obj (.text:SysCtlPeripheralReset)
                  000075b8    00000050     usblib.lib : usbdcdesc.obj (.text:USBDCDConfigDescGet)
                  00007608    00000050                : usbdenum.obj (.text:USBDeviceResumeTickHandler)
                  00007658    00000050     sysbios.aem4f : BIOS.obj (.text:ti_sysbios_family_arm_m3_Hwi_Module_startup__E)
                  000076a8    00000050     ti.targets.arm.rtsarm.aem4f : Startup.oem4f (.text:xdc_runtime_Startup_exec__E)
                  000076f8    00000050                                 : Text.oem4f (.text:xdc_runtime_Text_visitRope2__I)
                  00007748    0000004e     driverlib.lib : usb.obj (.text:USBDevEndpointStallClear)
                  00007796    0000004c     usblib.lib : usbdcdesc.obj (.text:ConfigAlternateInterfaceGet)
                  000077e2    0000004c                : usbdconfig.obj (.text:GetEPDescriptorType)
                  0000782e    0000004c                : usbdcdc.obj (.text:HandleEndpoints)
                  0000787a    0000004c     driverlib.lib : usb.obj (.text:USBEndpointDMAConfigSet)
                  000078c6    0000004c     rtsv7M4_T_le_v4SPD16_eabi.lib : fflush.c.obj (.text:__TI_doflush)
                  00007912    00000002     --HOLE-- [fill = 0]
                  00007914    0000004c                                   : atoi.c.obj (.text:atoi)
                  00007960    0000004c                                   : cpy_tbl.c.obj (.text:copy_in)
                  000079ac    00000004     empty_min_pem4f.oem4f (.text:ti_sysbios_knl_Semaphore_destruct)
                  000079b0    0000004c     sysbios.aem4f : BIOS.obj (.text:ti_sysbios_heaps_HeapMem_getStats__E)
                  000079fc    00000004     ti.targets.arm.rtsarm.aem4f : Error.oem4f (.text:xdc_runtime_Error_getSite__E)
                  00007a00    0000004c     sysbios.aem4f : BIOS.obj (.text:ti_sysbios_knl_Swi_runLoop__I)
                  00007a4c    00000004     empty_min_pem4f.oem4f (.text:xdc_runtime_System_Module_GateProxy_enter__E)
                  00007a50    0000004c     sysbios.aem4f : BIOS.obj (.text:ti_sysbios_knl_Task_allBlockedFunction__I)
                  00007a9c    00000004     empty_min_pem4f.oem4f (.text:xdc_runtime_System_Module_GateProxy_leave__E)
                  00007aa0    0000004c     sysbios.aem4f : BIOS.obj (.text:ti_sysbios_knl_Task_schedule__I)
                  00007aec    0000004a     usblib.lib : usbdma.obj (.text:iDMAUSBChannelEnable)
                  00007b36    0000004a                : usbdma.obj (.text:uDMAUSBChannelDisable)
                  00007b80    00000048     EK_TM4C123GXL.obj (.text:EK_TM4C123GXL_initUSB)
                  00007bc8    00000048     driverlib.lib : gpio.obj (.text:GPIOPinConfigure)
                  00007c10    00000048     usblib.lib : usbdcdc.obj (.text:HandleEP0Data)
                  00007c58    00000048                : usbdenum.obj (.text:USBDStringIndexFromRequest)
                  00007ca0    00000048                : usbdenum.obj (.text:USBDeviceEnumResetHandler)
                  00007ce8    00000048     rtsv7M4_T_le_v4SPD16_eabi.lib : exit.c.obj (.text:exit)
                  00007d30    00000048                                   : fd_toi_t2.asm.obj (.text)
                  00007d78    00000048     sysbios.aem4f : BIOS.obj (.text:ti_sysbios_family_arm_lm4_Timer_enableTimers__I)
                  00007dc0    00000048                   : BIOS.obj (.text:ti_sysbios_family_arm_m3_Hwi_disableInterrupt__E)
                  00007e08    00000048                   : BIOS.obj (.text:ti_sysbios_family_arm_m3_Hwi_enableInterrupt__E)
                  00007e50    00000048                   : BIOS.obj (.text:ti_sysbios_family_arm_m3_Hwi_excReserved__I)
                  00007e98    00000048     driverlib.lib : udma.obj (.text:uDMAChannelAttributeDisable)
                  00007ee0    00000046     ti.targets.arm.rtsarm.aem4f : Core-params.oem4f (.text:xdc_runtime_Core_assignParams__I)
                  00007f26    00000002     --HOLE-- [fill = 0]
                  00007f28    00000044     rtsv7M4_T_le_v4SPD16_eabi.lib : hostclose.c.obj (.text:HOSTclose)
                  00007f6c    00000044                                   : hostunlink.c.obj (.text:HOSTunlink)
                  00007fb0    00000044     usblib.lib : usbdenum.obj (.text:USBDCDDeviceInfoInit)
                  00007ff4    00000044                : usbdenum.obj (.text:USBDGetInterface)
                  00008038    00000044     driverlib.lib : usb.obj (.text:USBEndpointDataGet)
                  0000807c    00000044     rtsv7M4_T_le_v4SPD16_eabi.lib : getdevice.c.obj (.text:getdevice)
                  000080c0    00000044     sysbios.aem4f : BIOS.obj (.text:ti_sysbios_family_arm_lm4_Timer_isrStub__E)
                  00008104    00000004     ti.targets.arm.rtsarm.aem4f : System.oem4f (.text:xdc_runtime_System_aprintf_va__F)
                  00008108    00000044     sysbios.aem4f : BIOS.obj (.text:ti_sysbios_family_arm_m3_Hwi_getStackInfo__E)
                  0000814c    00000004     ti.targets.arm.rtsarm.aem4f : System.oem4f (.text:xdc_runtime_System_printf_va__F)
                  00008150    00000044     sysbios.aem4f : BIOS.obj (.text:ti_sysbios_knl_Swi_post__E)
                  00008194    00000044     ti.targets.arm.rtsarm.aem4f : Error.oem4f (.text:xdc_runtime_Error_setX__E)
                  000081d8    00000044                                 : SysMin.oem4f (.text:xdc_runtime_SysMin_flush__E)
                  0000821c    00000044                                 : Text.oem4f (.text:xdc_runtime_Text_xprintf__I)
                  00008260    00000040     EK_TM4C123GXL.obj (.text:EK_TM4C123GXL_initGeneral)
                  000082a0    00000040     rtsv7M4_T_le_v4SPD16_eabi.lib : u_divt2.asm.obj (.text)
                  000082e0    00000040     sysbios.aem4f : BIOS.obj (.text:ti_sysbios_family_arm_lm4_Timer_startup__E)
                  00008320    00000040                   : BIOS.obj (.text:ti_sysbios_heaps_HeapMem_Instance_init__E)
                  00008360    0000003e     rtsv7M4_T_le_v4SPD16_eabi.lib : _printfi.c.obj (.text:_fcpy)
                  0000839e    0000003c     usblib.lib : usbdma.obj (.text:iDMAUSBChannelRelease)
                  000083da    00000006     driverlib.lib : gpio.obj (.text:GPIOPinRead)
                  000083e0    0000003c     sysbios.aem4f : BIOS.obj (.text:ti_sysbios_family_arm_m3_Hwi_excSvCall__I)
                  0000841c    00000004     --HOLE-- [fill = 0]
                  00008420    0000003c                   : BIOS.obj (.text:ti_sysbios_heaps_HeapMem_init__I)
                  0000845c    00000004     --HOLE-- [fill = 0]
                  00008460    0000003c                   : BIOS.obj (.text:ti_sysbios_knl_Swi_restore__E)
                  0000849c    0000003a     usblib.lib : usbdcdesc.obj (.text:USBDCDConfigGetInterfaceEndpoint)
                  000084d6    0000003a     driverlib.lib : usb.obj (.text:USBFIFOConfigSet)
                  00008510    00000038     usblib.lib : usbtick.obj (.text:InternalUSBRegisterTickHandler)
                  00008548    00000038                : usbdcdc.obj (.text:SendBreak)
                  00008580    00000038     driverlib.lib : sysctl.obj (.text:SysCtlPeripheralReady)
                  000085b8    00000038                   : usb.obj (.text:USBIntStatusControl)
                  000085f0    00000038     rtsv7M4_T_le_v4SPD16_eabi.lib : trgmsg.c.obj (.text:__TI_writemsg)
                  00008628    00000038     sysbios.aem4f : BIOS.obj (.text:ti_sysbios_family_arm_m3_Hwi_excNoIsr__I)
                  00008660    00000038                   : BIOS.obj (.text:ti_sysbios_knl_Task_processVitalTaskFlag__I)
                  00008698    00000038     ti.targets.arm.rtsarm.aem4f : SysMin.oem4f (.text:xdc_runtime_SysMin_putch__E)
                  000086d0    00000038                                 : System.oem4f (.text:xdc_runtime_System_atexit__E)
                  00008708    00000036     rtsv7M4_T_le_v4SPD16_eabi.lib : strncpy.c.obj (.text:strncpy)
                  0000873e    00000002     --HOLE-- [fill = 0]
                  00008740    00000034     usblib.lib : usbtick.obj (.text:InternalUSBStartOfFrameTick)
                  00008774    00000034     driverlib.lib : sysctl.obj (.text:SysCtlPeripheralEnable)
                  000087a8    00000034     rtsv7M4_T_le_v4SPD16_eabi.lib : fopen.c.obj (.text:__TI_cleanup)
                  000087dc    00000034                                   : trgmsg.c.obj (.text:__TI_readmsg)
                  00008810    00000034     usblib.lib : usbdma.obj (.text:iDMAUSBChannelStatus)
                  00008844    00000004     --HOLE-- [fill = 0]
                  00008848    00000034     sysbios.aem4f : BIOS.obj (.text:ti_sysbios_family_arm_m3_Hwi_Instance_finalize__E)
                  0000887c    00000004     --HOLE-- [fill = 0]
                  00008880    00000034                   : BIOS.obj (.text:ti_sysbios_family_arm_m3_Hwi_excNmi__I)
                  000088b4    00000034     empty_min_pem4f.oem4f (.text:ti_sysbios_knl_Semaphore_create)
                  000088e8    00000034     ti.targets.arm.rtsarm.aem4f : Core-label.oem4f (.text:xdc_runtime_Core_assignLabel__I)
                  0000891c    00000033                                 : Text.oem4f (.text:xdc_runtime_Text_printVisFxn__I)
                  0000894f    00000001     --HOLE-- [fill = 0]
                  00008950    00000032     usblib.lib : usbdcdc.obj (.text:HandleConfigChange)
                  00008982    00000032                : usbdcdesc.obj (.text:NextConfigDescGet)
                  000089b4    00000032                : usbdcdc.obj (.text:ProcessNotificationToHost)
                  000089e6    00000032     driverlib.lib : usb.obj (.text:USBDevEndpointStall)
                  00008a18    00000032     usblib.lib : usbdma.obj (.text:iDMAUSBChannelDisable)
                  00008a4a    00000006     driverlib.lib : gpio.obj (.text:GPIOPinWrite)
                  00008a50    00000032     sysbios.aem4f : BIOS.obj (.text:ti_sysbios_hal_Hwi_initStack)
                  00008a82    00000030     usblib.lib : usbdma.obj (.text:DMAUSBIntHandler)
                  00008ab2    00000002     --HOLE-- [fill = 0]
                  00008ab4    00000030     EK_TM4C123GXL.obj (.text:EK_TM4C123GXL_initGPIO)
                  00008ae4    00000030     usblib.lib : usbtick.obj (.text:InternalUSBTickInit)
                  00008b14    00000030                : usbdenum.obj (.text:USBDGetConfiguration)
                  00008b44    00000030     driverlib.lib : usb.obj (.text:USBEndpointDataPut)
                  00008b74    00000030     rtsv7M4_T_le_v4SPD16_eabi.lib : getdevice.c.obj (.text:finddevice)
                  00008ba4    00000030     empty_min_pem4f.oem4f (.text:ti_sysbios_BIOS_atExitFunc__I)
                  00008bd4    00000004     --HOLE-- [fill = 0]
                  00008bd8    00000030     sysbios.aem4f : BIOS.obj (.text:ti_sysbios_family_arm_lm4_Timer_stop__E)
                  00008c08    00000030                   : BIOS.obj (.text:ti_sysbios_family_arm_m3_TaskSupport_start__E)
                  00008c38    00000030     empty_min_pem4f.oem4f (.text:ti_sysbios_gates_GateHwi_Object__create__S)
                  00008c68    00000030     empty_min_pem4f.oem4f (.text:ti_sysbios_gates_GateMutex_Object__create__S)
                  00008c98    00000030     empty_min_pem4f.oem4f (.text:ti_sysbios_gates_GateMutex_create)
                  00008cc8    00000030     sysbios.aem4f : BIOS.obj (.text:ti_sysbios_gates_GateMutex_enter__E)
                  00008cf8    00000030     empty_min_pem4f.oem4f (.text:ti_sysbios_heaps_HeapMem_Object__create__S)
                  00008d28    00000030     empty_min_pem4f.oem4f (.text:ti_sysbios_knl_Semaphore_construct)
                  00008d58    00000030     sysbios.aem4f : BIOS.obj (.text:ti_sysbios_knl_Semaphore_pendTimeout__I)
                  00008d88    00000030                   : BIOS.obj (.text:ti_sysbios_knl_Task_unblockI__E)
                  00008db8    00000030     ti.targets.arm.rtsarm.aem4f : SysMin.oem4f (.text:xdc_runtime_SysMin_abort__E)
                  00008de8    00000030                                 : System.oem4f (.text:xdc_runtime_System_processAtExit__E)
                  00008e18    0000002e     usblib.lib : usbdcdc.obj (.text:USBDCDCRxPacketAvailable)
                  00008e46    0000002e     driverlib.lib : usb.obj (.text:USBEndpointDataSend)
                  00008e74    0000002e     empty_min_pem4f.oem4f (.text:malloc)
                  00008ea2    0000002e     rtsv7M4_T_le_v4SPD16_eabi.lib : i_tofd_t2.asm.obj (.text)
                  00008ed0    0000002c     usblib.lib : usbdesc.obj (.text:USBDescGet)
                  00008efc    0000002c     empty_min_pem4f.oem4f (.text:ti_sysbios_knl_Clock_doTick__I)
                  00008f28    0000002c     empty_min_pem4f.oem4f (.text:ti_sysbios_knl_Queue_construct)
                  00008f54    00000004     --HOLE-- [fill = 0]
                  00008f58    0000002c     sysbios.aem4f : BIOS.obj (.text:ti_sysbios_knl_Task_restore__E)
                  00008f84    0000002c     usblib.lib : usbdma.obj (.text:uDMAUSBIntStatus)
                  00008fb0    0000002c     rtsv7M4_T_le_v4SPD16_eabi.lib : unlink.c.obj (.text:unlink)
                  00008fdc    0000002c     ti.targets.arm.rtsarm.aem4f : Text.oem4f (.text:xdc_runtime_Text_cordText__E)
                  00009008    0000002a     driverlib.lib : gpio.obj (.text:GPIODirModeSet)
                  00009032    0000002a     usblib.lib : usbdcdesc.obj (.text:USBDCDConfigDescGetNum)
                  0000905c    0000002a     ti.targets.arm.rtsarm.aem4f : System.oem4f (.text:xdc_runtime_System_putchar__I)
                  00009086    00000002     --HOLE-- [fill = 0]
                  00009088    00000028     usblib.lib : usbdenum.obj (.text:USBDSetAddress)
                  000090b0    00000028                : usbdesc.obj (.text:USBDescGetNum)
                  000090d8    00000028     driverlib.lib : usb.obj (.text:USBIntEnableControl)
                  00009100    00000028     rtsv7M4_T_le_v4SPD16_eabi.lib : lseek.c.obj (.text:lseek)
                  00009128    00000028     sysbios.aem4f : BIOS.obj (.text:ti_sysbios_hal_Hwi_Instance_init__E)
                  00009150    00000028                   : BIOS.obj (.text:ti_sysbios_knl_Swi_Module_startup__E)
                  00009178    00000028     driverlib.lib : udma.obj (.text:uDMAChannelModeGet)
                  000091a0    00000028     rtsv7M4_T_le_v4SPD16_eabi.lib : write.c.obj (.text:write)
                  000091c8    00000026     sysbios.aem4f : m3_Hwi_asm.obj (.text:ti_sysbios_family_arm_m3_Hwi_pendSV__I)
                  000091ee    00000026     ti.targets.arm.rtsarm.aem4f : System.oem4f (.text:xdc_runtime_System_avprintf__E)
                  00009214    00000024     usblib.lib : usbdcdc.obj (.text:SendLineStateChange)
                  00009238    00000024     driverlib.lib : usb.obj (.text:USBDevEndpointDataAck)
                  0000925c    00000024                   : usb.obj (.text:USBEndpointDMADisable)
                  00009280    00000024                   : usb.obj (.text:USBEndpointDMAEnable)
                  000092a4    00000024     empty_min_pem4f.oem4f (.text:ti_sysbios_BIOS_errorRaiseHook__I)
                  000092c8    00000024     empty_min_pem4f.oem4f (.text:ti_sysbios_BIOS_registerRTSLock__I)
                  000092ec    00000024     empty_min_pem4f.oem4f (.text:ti_sysbios_BIOS_removeRTSLock__I)
                  00009310    00000024     empty_min_pem4f.oem4f (.text:ti_sysbios_BIOS_startFunc__I)
                  00009334    00000024     empty_min_pem4f.oem4f (.text:ti_sysbios_gates_GateMutex_Object__delete__S)
                  00009358    00000024     sysbios.aem4f : BIOS.obj (.text:ti_sysbios_knl_Clock_Module_startup__E)
                  0000937c    00000004     --HOLE-- [fill = 0]
                  00009380    00000024                   : BIOS.obj (.text:ti_sysbios_knl_Semaphore_Instance_init__E)
                  000093a4    00000004     --HOLE-- [fill = 0]
                  000093a8    00000024                   : BIOS.obj (.text:ti_sysbios_knl_Task_restoreHwi__E)
                  000093cc    00000024     driverlib.lib : udma.obj (.text:uDMAChannelControlSet)
                  000093f0    00000024     ti.targets.arm.rtsarm.aem4f : System.oem4f (.text:xdc_runtime_System_vprintf__E)
                  00009414    00000022     usblib.lib : usbdcdc.obj (.text:HandleDisconnect)
                  00009436    00000022     driverlib.lib : pwm.obj (.text:PWMGenConfigure)
                  00009458    00000022     usblib.lib : usbdcdc.obj (.text:SendLineCodingChange)
                  0000947a    00000006     driverlib.lib : usb.obj (.text:USBDMAChannelIntStatus)
                  00009480    00000022     sysbios.aem4f : BIOS.obj (.text:ti_sysbios_family_arm_lm4_Timer_write__I)
                  000094a2    00000022     usblib.lib : usbdma.obj (.text:uDMAUSBChannelStatus)
                  000094c4    00000022     empty_min_pem4f.oem4f (.text:xdc_runtime_SysMin_output__I)
                  000094e6    00000020     usblib.lib : usbdconfig.obj (.text:GetEndpointFIFOSize)
                  00009506    00000002     --HOLE-- [fill = 0]
                  00009508    00000020                : usbmode.obj (.text:USBStackModeSet)
                  00009528    00000020     rtsv7M4_T_le_v4SPD16_eabi.lib : memchr.c.obj (.text:memchr)
                  00009548    00000020     empty_min_pem4f.oem4f (.text:ti_sysbios_BIOS_rtsLock__I)
                  00009568    00000020     empty_min_pem4f.oem4f (.text:ti_sysbios_family_arm_m3_Hwi_Object__delete__S)
                  00009588    00000020     sysbios.aem4f : m3_Hwi_asm.obj (.text:ti_sysbios_family_arm_m3_Hwi_excHandlerAsm__I)
                  000095a8    00000020                   : BIOS.obj (.text:ti_sysbios_family_arm_m3_Hwi_excHandler__I)
                  000095c8    00000020     empty_min_pem4f.oem4f (.text:ti_sysbios_gates_GateHwi_Object__delete__S)
                  000095e8    00000020     empty_min_pem4f.oem4f (.text:ti_sysbios_heaps_HeapMem_Object__delete__S)
                  00009608    00000020     sysbios.aem4f : BIOS.obj (.text:ti_sysbios_knl_Idle_run__E)
                  00009628    00000020     empty_min_pem4f.oem4f (.text:ti_sysbios_knl_Semaphore_Object__destruct__S)
                  00009648    00000020     ti.targets.arm.rtsarm.aem4f : Registry.oem4f (.text:xdc_runtime_Registry_findById__E)
                  00009668    00000020                                 : SysMin.oem4f (.text:xdc_runtime_SysMin_Module_startup__E)
                  00009688    0000001e     usblib.lib : usbdcdc.obj (.text:CheckAndSendBreak)
                  000096a6    0000001e     driverlib.lib : pwm.obj (.text:PWMPulseWidthSet)
                  000096c4    0000001e                   : usb.obj (.text:USBULPIRegRead)
                  000096e2    0000001e                   : usb.obj (.text:USBULPIRegWrite)
                  00009700    0000001e     sysbios.aem4f : m3_Hwi_asm_switch.obj (.text:ti_sysbios_family_xxx_Hwi_switchAndRunFunc)
                  0000971e    0000001c     usblib.lib : usbdcdesc.obj (.text:USBDCDConfigGetInterface)
                  0000973a    00000002     --HOLE-- [fill = 0]
                  0000973c    0000001c                : usbdenum.obj (.text:USBDCDStallEP0)
                  00009758    0000001c     driverlib.lib : usb.obj (.text:USBEndpointDataAvail)
                  00009774    0000001c     drivers_tivaware.aem4f : GPIOTiva.oem4f (.text:getGpioIntIndex)
                  00009790    0000001c     rtsv7M4_T_le_v4SPD16_eabi.lib : memccpy.c.obj (.text:memccpy)
                  000097ac    00000004     --HOLE-- [fill = 0]
                  000097b0    0000001c     sysbios.aem4f : BIOS.obj (.text:ti_sysbios_gates_GateMutex_Instance_init__E)
                  000097cc    0000001c     empty_min_pem4f.oem4f (.text:ti_sysbios_hal_Hwi_HwiProxy_create)
                  000097e8    0000001c     empty_min_pem4f.oem4f (.text:ti_sysbios_knl_Queue_Object__destruct__S)
                  00009804    00000004     --HOLE-- [fill = 0]
                  00009808    0000001c     sysbios.aem4f : BIOS.obj (.text:ti_sysbios_knl_Queue_put__E)
                  00009824    00000004     --HOLE-- [fill = 0]
                  00009828    0000001c                   : BIOS.obj (.text:ti_sysbios_knl_Task_enter__I)
                  00009844    0000001c     ti.targets.arm.rtsarm.aem4f : Error.oem4f (.text:xdc_runtime_Error_raiseX__E)
                  00009860    0000001c                                 : Memory.oem4f (.text:xdc_runtime_Memory_valloc__E)
                  0000987c    0000001c                                 : SysMin.oem4f (.text:xdc_runtime_SysMin_exit__E)
                  00009898    0000001c                                 : System.oem4f (.text:xdc_runtime_System_abort__E)
                  000098b4    0000001a     usblib.lib : usbdcdc.obj (.text:DeviceConsumedAllData)
                  000098ce    0000001a     driverlib.lib : usb.obj (.text:USBEndpointDMAChannel)
                  000098e8    0000001a     rtsv7M4_T_le_v4SPD16_eabi.lib : s_copysign.c.obj (.text:copysign)
                  00009902    0000001a     empty_min_pem4f.oem4f (.text:free)
                  0000991c    0000001a     empty_min_pem4f.oem4f (.text:ti_sysbios_family_arm_m3_Hwi_Handle__label__S)
                  00009936    0000001a     empty_min_pem4f.oem4f (.text:ti_sysbios_gates_GateHwi_Handle__label__S)
                  00009950    0000001a     empty_min_pem4f.oem4f (.text:ti_sysbios_gates_GateMutex_Handle__label__S)
                  0000996a    0000001a     empty_min_pem4f.oem4f (.text:ti_sysbios_heaps_HeapMem_Handle__label__S)
                  00009984    0000001a     empty_min_pem4f.oem4f (.text:ti_sysbios_knl_Swi_Handle__label__S)
                  0000999e    0000001a     empty_min_pem4f.oem4f (.text:ti_sysbios_knl_Task_Handle__label__S)
                  000099b8    0000001a     empty_min_pem4f.oem4f (.text:xdc_runtime_System_aprintf__E)
                  000099d2    0000001a     empty_min_pem4f.oem4f (.text:xdc_runtime_System_printf__E)
                  000099ec    00000018     usblib.lib : usbdcdc.obj (.text:SetDeferredOpFlag)
                  00009a04    00000018                : usbdhandler.obj (.text:USB0DeviceIntHandler)
                  00009a1c    00000018                : usbdcdesc.obj (.text:USBDCDConfigDescGetSize)
                  00009a34    00000018                : usbdenum.obj (.text:USBDSetDescriptor)
                  00009a4c    00000018                : usbdenum.obj (.text:USBDSyncFrame)
                  00009a64    00000018     rtsv7M4_T_le_v4SPD16_eabi.lib : args_main.c.obj (.text:_args_main)
                  00009a7c    00000018     RLS_Main.obj (.text:heartBeatFxn)
                  00009a94    00000018     rtsv7M4_T_le_v4SPD16_eabi.lib : strcmp.c.obj (.text:strcmp)
                  00009aac    00000018     empty_min_pem4f.oem4f (.text:ti_sysbios_BIOS_rtsUnlock__I)
                  00009ac4    00000018     empty_min_pem4f.oem4f (.text:ti_sysbios_family_arm_lm4_Timer_Module__startupDone__F)
                  00009adc    00000018     empty_min_pem4f.oem4f (.text:ti_sysbios_family_arm_m3_Hwi_Module__startupDone__F)
                  00009af4    00000018     sysbios.aem4f : m3_TaskSupport_asm.obj (.text:ti_sysbios_family_arm_m3_TaskSupport_swap__E)
                  00009b0c    00000004     --HOLE-- [fill = 0]
                  00009b10    00000018                   : BIOS.obj (.text:ti_sysbios_gates_GateMutex_leave__E)
                  00009b28    00000018                   : BIOS.obj (.text:ti_sysbios_knl_Task_sleepTimeout__I)
                  00009b40    00000018     driverlib.lib : udma.obj (.text:uDMAChannelDisable)
                  00009b58    00000018                   : udma.obj (.text:uDMAChannelEnable)
                  00009b70    00000018     ti.targets.arm.rtsarm.aem4f : Error.oem4f (.text:xdc_runtime_Error_check__E)
                  00009b88    00000018                                 : System.oem4f (.text:xdc_runtime_System_exit__E)
                  00009ba0    00000018                                 : Text.oem4f (.text:xdc_runtime_Text_ropeText__E)
                  00009bb8    00000016     usblib.lib : usbdcdc.obj (.text:CheckAndSendLineCodingChange)
                  00009bce    00000016                : usbdcdc.obj (.text:CheckAndSendLineStateChange)
                  00009be4    00000016     rtsv7M4_T_le_v4SPD16_eabi.lib : strchr.c.obj (.text:strchr)
                  00009bfa    00000016     empty_min_pem4f.oem4f (.text:ti_sysbios_BIOS_exitFunc__I)
                  00009c10    00000016     RLS_USB.obj (.text:ti_sysbios_knl_Semaphore_Params_init)
                  00009c26    00000016     RLS_Main.obj (.text:ti_sysbios_knl_Task_Params_init)
                  00009c3c    00000014     driverlib.lib : sysctl.obj (.text:SysCtlUSBPLLEnable)
                  00009c50    00000014     usblib.lib : usbdenum.obj (.text:USBDCDRequestDataEP0)
                  00009c64    00000014                : usbdenum.obj (.text:USBDCDSendDataEP0)
                  00009c78    00000014     driverlib.lib : usb.obj (.text:USBDMAChannelConfigSet)
                  00009c8c    00000014                   : usb.obj (.text:USBHostResume)
                  00009ca0    00000014                   : usb.obj (.text:USBIntEnableEndpoint)
                  00009cb4    00000014                   : usb.obj (.text:_USBIndexWrite)
                  00009cc8    00000014     rtsv7M4_T_le_v4SPD16_eabi.lib : strcpy.c.obj (.text:strcpy)
                  00009cdc    00000014                                   : strlen.c.obj (.text:strlen)
                  00009cf0    00000014     empty_min_pem4f.oem4f (.text:ti_sysbios_family_arm_m3_Hwi_Object__get__S)
                  00009d04    00000004     --HOLE-- [fill = 0]
                  00009d08    00000014     sysbios.aem4f : BIOS.obj (.text:ti_sysbios_family_arm_m3_Hwi_switchFromBootStack__E)
                  00009d1c    00000014     empty_min_pem4f.oem4f (.text:ti_sysbios_heaps_HeapMem_Object__get__S)
                  00009d30    00000014     empty_min_pem4f.oem4f (.text:ti_sysbios_knl_Swi_Object__get__S)
                  00009d44    00000012     driverlib.lib : gpio.obj (.text:GPIOPinTypeGPIOInput)
                  00009d56    00000012                   : gpio.obj (.text:GPIOPinTypePWM)
                  00009d68    00000012                   : gpio.obj (.text:GPIOPinTypeUSBAnalog)
                  00009d7a    00000012     usblib.lib : usbdcdc.obj (.text:HandleResume)
                  00009d8c    00000012                : usbdcdc.obj (.text:HandleSuspend)
                  00009d9e    00000012     driverlib.lib : pwm.obj (.text:PWMOutputState)
                  00009db0    00000012                   : usb.obj (.text:USBDMAChannelDisable)
                  00009dc2    00000012                   : usb.obj (.text:USBDMAChannelEnable)
                  00009dd4    00000012                   : usb.obj (.text:USBDMAChannelIntDisable)
                  00009de6    00000012                   : usb.obj (.text:USBDMAChannelIntEnable)
                  00009df8    00000012     sysbios.aem4f : BIOS.obj (.text:ti_sysbios_hal_Hwi_Module_startup__E)
                  00009e0a    00000012     rtsv7M4_T_le_v4SPD16_eabi.lib : wcslen.c.obj (.text:wcslen)
                  00009e1c    00000012     empty_min_pem4f.oem4f (.text:xdc_runtime_Startup_exec__I)
                  00009e2e    00000010     driverlib.lib : pwm.obj (.text:PWMGenPeriodSet)
                  00009e3e    00000010                   : usb.obj (.text:USBEndpointStatus)
                  00009e4e    00000002     --HOLE-- [fill = 0]
                  00009e50    00000010     sysbios.aem4f : BIOS.obj (.text:ti_sysbios_BIOS_setThreadType__E)
                  00009e60    00000010                   : BIOS.obj (.text:ti_sysbios_BIOS_start__E)
                  00009e70    00000010                   : m3_TaskSupport_asm.obj (.text:ti_sysbios_family_arm_m3_TaskSupport_glue)
                  00009e80    00000010                   : BIOS.obj (.text:ti_sysbios_gates_GateMutex_Instance_finalize__E)
                  00009e90    00000010     empty_min_pem4f.oem4f (.text:ti_sysbios_hal_Hwi_HwiProxy_Object__create__S)
                  00009ea0    00000010     sysbios.aem4f : BIOS.obj (.text:ti_sysbios_knl_Semaphore_Instance_finalize__E)
                  00009eb0    00000010                   : BIOS.obj (.text:ti_sysbios_knl_Swi_disable__E)
                  00009ec0    00000010                   : BIOS.obj (.text:ti_sysbios_knl_Task_disable__E)
                  00009ed0    00000010     ti.targets.arm.rtsarm.aem4f : Gate.oem4f (.text:xdc_runtime_Gate_leaveSystem__E)
                  00009ee0    00000010                                 : Memory.oem4f (.text:xdc_runtime_Memory_free__E)
                  00009ef0    00000010                                 : SysMin.oem4f (.text:xdc_runtime_SysMin_ready__E)
                  00009f00    00000010                                 : System.oem4f (.text:xdc_runtime_System_vsnprintf__E)
                  00009f10    00000010     empty_min_pem4f.oem4f (.text:xdc_runtime_Text_visitRope__I)
                  00009f20    0000000e     usblib.lib : usbdma.obj (.text:DMAUSBIntStatusClear)
                  00009f2e    0000000e     driverlib.lib : gpio.obj (.text:GPIOIntStatus)
                  00009f3c    0000000e     usblib.lib : usbdcdc.obj (.text:USBDCDCTxPacketAvailable)
                  00009f4a    0000000e     driverlib.lib : usb.obj (.text:USBDMAChannelStatus)
                  00009f58    0000000e                   : usb.obj (.text:USBDevLPMDisable)
                  00009f66    0000000e                   : usb.obj (.text:USBDevLPMEnable)
                  00009f74    0000000e                   : usb.obj (.text:USBULPIDisable)
                  00009f82    0000000e                   : usb.obj (.text:USBULPIEnable)
                  00009f90    0000000e     rtsv7M4_T_le_v4SPD16_eabi.lib : copy_decompress_none.c.obj (.text:decompress:none:__TI_decompress_none)
                  00009f9e    00000002     --HOLE-- [fill = 0]
                  00009fa0    0000000e     sysbios.aem4f : BIOS.obj (.text:ti_sysbios_knl_Queue_empty__E)
                  00009fae    0000000e     empty_min_pem4f.oem4f (.text:ti_sysbios_knl_Task_Object__get__S)
                  00009fbc    0000000c     empty_min_pem4f.oem4f (.text:.bootCodeSection:ti_catalog_arm_cortexm4_tiva_ce_Boot_init__I)
                  00009fc8    0000000c     driverlib.lib : pwm.obj (.text:PWMGenEnable)
                  00009fd4    0000000c                   : usb.obj (.text:USBEndpointPacketCountSet)
                  00009fe0    0000000c                   : usb.obj (.text:USBLPMIntEnable)
                  00009fec    0000000c     rtsv7M4_T_le_v4SPD16_eabi.lib : _lock.c.obj (.text:_register_lock)
                  00009ff8    0000000c                                   : _lock.c.obj (.text:_register_unlock)
                  0000a004    0000000c                                   : copy_zero_init.c.obj (.text:decompress:ZI:__TI_zero_init)
                  0000a010    0000000c     sysbios.aem4f : BIOS.obj (.text:ti_sysbios_family_arm_lm4_Timer_getMaxTicks__E)
                  0000a01c    0000000c     empty_min_pem4f.oem4f (.text:ti_sysbios_family_arm_m3_Hwi_Params__init__S)
                  0000a028    0000000c     sysbios.aem4f : BIOS.obj (.text:ti_sysbios_family_arm_m3_Hwi_disableFxn__E)
                  0000a034    00000004     --HOLE-- [fill = 0]
                  0000a038    0000000c                   : BIOS.obj (.text:ti_sysbios_family_arm_m3_TaskSupport_getStackAlignment__E)
                  0000a044    00000004     --HOLE-- [fill = 0]
                  0000a048    0000000c                   : BIOS.obj (.text:ti_sysbios_gates_GateHwi_enter__E)
                  0000a054    0000000c     empty_min_pem4f.oem4f (.text:ti_sysbios_knl_Queue_Object__get__S)
                  0000a060    0000000c     empty_min_pem4f.oem4f (.text:ti_sysbios_knl_Semaphore_Params__init__S)
                  0000a06c    0000000c     empty_min_pem4f.oem4f (.text:ti_sysbios_knl_Task_Params__init__S)
                  0000a078    0000000c     ti.targets.arm.rtsarm.aem4f : Error.oem4f (.text:xdc_runtime_Error_init__E)
                  0000a084    0000000c                                 : Gate.oem4f (.text:xdc_runtime_Gate_enterSystem__E)
                  0000a090    0000000c                                 : Memory.oem4f (.text:xdc_runtime_Memory_calloc__E)
                  0000a09c    0000000c                                 : Memory.oem4f (.text:xdc_runtime_Memory_getMaxDefaultTypeAlign__E)
                  0000a0a8    0000000a     RLS_USB.obj (.text:USBCDCD_hwiHandler)
                  0000a0b2    0000000a     driverlib.lib : usb.obj (.text:USBClockEnable)
                  0000a0bc    0000000a                   : usb.obj (.text:USBControllerVersion)
                  0000a0c6    0000000a                   : usb.obj (.text:USBDMAChannelAddressSet)
                  0000a0d0    0000000a                   : usb.obj (.text:USBDMAChannelCountSet)
                  0000a0da    0000000a                   : usb.obj (.text:USBDevConnect)
                  0000a0e4    0000000a                   : usb.obj (.text:USBDevDisconnect)
                  0000a0ee    0000000a                   : usb.obj (.text:USBIntStatusEndpoint)
                  0000a0f8    0000000a     sysbios.aem4f : BIOS.obj (.text:ti_sysbios_hal_Hwi_Instance_finalize__E)
                  0000a102    0000000a     empty_min_pem4f.oem4f (.text:xdc_runtime_IHeap_alloc)
                  0000a10c    0000000a     empty_min_pem4f.oem4f (.text:xdc_runtime_IHeap_free)
                  0000a116    00000008     driverlib.lib : usb.obj (.text:USBDevMode)
                  0000a11e    00000008                   : usb.obj (.text:USBFIFOAddrGet)
                  0000a126    00000008                   : usb.obj (.text:USBOTGMode)
                  0000a12e    00000002     --HOLE-- [fill = 0]
                  0000a130    00000008     rtsv7M4_T_le_v4SPD16_eabi.lib : errno.c.obj (.text:__aeabi_errno_addr)
                  0000a138    00000008     usblib.lib : usbdma.obj (.text:iDMAUSBChannelIntDisable)
                  0000a140    00000008                : usbdma.obj (.text:iDMAUSBChannelIntEnable)
                  0000a148    00000008     sysbios.aem4f : BIOS.obj (.text:ti_sysbios_family_arm_lm4_Timer_masterDisable__I)
                  0000a150    00000008                   : BIOS.obj (.text:ti_sysbios_family_arm_m3_Hwi_doSwiRestore__I)
                  0000a158    00000008                   : BIOS.obj (.text:ti_sysbios_family_arm_m3_Hwi_startup__E)
                  0000a160    00000006     driverlib.lib : usb.obj (.text:USBDevLPMConfig)
                  0000a166    00000006                   : usb.obj (.text:USBLPMIntStatus)
                  0000a16c    00000006     usblib.lib : usbdma.obj (.text:iDMAUSBIntStatus)
                  0000a172    00000006     Boot.aem4f : Boot_sysctl.oem4f (.text:ti_catalog_arm_cortexm4_tiva_ce_Boot_sysCtlDelayI__I)
                  0000a178    00000006     sysbios.aem4f : BIOS.obj (.text:ti_sysbios_family_arm_m3_Hwi_doTaskRestore__I)
                  0000a17e    00000002     --HOLE-- [fill = 0]
                  0000a180    00000006                   : BIOS.obj (.text:ti_sysbios_family_arm_m3_Hwi_restoreFxn__E)
                  0000a186    00000002     --HOLE-- [fill = 0]
                  0000a188    00000006                   : BIOS.obj (.text:ti_sysbios_gates_GateHwi_leave__E)
                  0000a18e    00000002     --HOLE-- [fill = 0]
                  0000a190    00000006                   : BIOS.obj (.text:ti_sysbios_heaps_HeapMem_isBlocking__E)
                  0000a196    00000002     --HOLE-- [fill = 0]
                  0000a198    00000006                   : BIOS.obj (.text:ti_sysbios_knl_Queue_Instance_init__E)
                  0000a19e    00000002     --HOLE-- [fill = 0]
                  0000a1a0    00000006                   : BIOS.obj (.text:ti_sysbios_knl_Swi_startup__E)
                  0000a1a6    00000006     ti.targets.arm.rtsarm.aem4f : System.oem4f (.text:xdc_runtime_System_Module_startup__E)
                  0000a1ac    00000004     --HOLE-- [fill = 0]
                  0000a1b0    00000004     sysbios.aem4f : BIOS.obj (.text:ti_sysbios_gates_GateHwi_query__E)
                  0000a1b4    00000004     --HOLE-- [fill = 0]
                  0000a1b8    00000004                   : BIOS.obj (.text:ti_sysbios_gates_GateMutex_query__E)
                  0000a1bc    00000004     --HOLE-- [fill = 0]
                  0000a1c0    00000004                   : BIOS.obj (.text:ti_sysbios_knl_Task_startup__E)
                  0000a1c4    00000004     --HOLE-- [fill = 0]
                  0000a1c8    00000002                   : BIOS.obj (.text:ti_sysbios_gates_GateHwi_Instance_init__E)
                  0000a1ca    00000006     --HOLE-- [fill = 0]
                  0000a1d0    00000002                   : BIOS.obj (.text:ti_sysbios_knl_Clock_logTick__E)

.const     0    0000a1d4    000021ee     
                  0000a1d4    00001860     empty_min_pem4f.oem4f (.const:xdc_runtime_Text_charTab__A)
                  0000ba34    00000101     rtsv7M4_T_le_v4SPD16_eabi.lib : ctype.c.obj (.const:.string:_ctypes_)
                  0000bb35    00000001     empty_min_pem4f.oem4f (.const:xdc_runtime_Error_policy__C)
                  0000bb36    000000bc     empty_min_pem4f.oem4f (.const:xdc_runtime_Text_nodeTab__A)
                  0000bbf2    00000002     empty_min_pem4f.oem4f (.const:ti_catalog_arm_cortexm4_tiva_ce_Boot_Module__id__C)
                  0000bbf4    00000090     driverlib.lib : gpio.obj (.const:g_pui32GPIOBaseAddrs)
                  0000bc84    00000070                   : interrupt.obj (.const)
                  0000bcf4    00000054     drivers_tivaware.aem4f : GPIOTiva.oem4f (.const:.string)
                  0000bd48    00000048     empty_min_pem4f.oem4f (.const:.string)
                  0000bd90    00000048     drivers_tivaware.aem4f : GPIOTiva.oem4f (.const:gpioBaseAddresses)
                  0000bdd8    0000003c     empty_min_pem4f.oem4f (.const:ti_sysbios_knl_Task_Object__PARAMS__C)
                  0000be14    00000038     usblib.lib : usbdcdc.obj (.const)
                  0000be4c    00000034     RLS_USB.obj (.const:.string:g_pui8ConfigString)
                  0000be80    00000034     usblib.lib : usbdenum.obj (.const:g_psUSBDStdRequests)
                  0000beb4    00000030                : usbdcdc.obj (.const:g_sCDCHandlers)
                  0000bee4    00000030     empty_min_pem4f.oem4f (.const:ti_sysbios_family_arm_m3_Hwi_Object__PARAMS__C)
                  0000bf14    0000002c     empty_min_pem4f.oem4f (.const:ti_sysbios_hal_Hwi_Object__PARAMS__C)
                  0000bf40    00000028     empty_min_pem4f.oem4f (.const:ti_sysbios_heaps_HeapMem_Module__FXNS__C)
                  0000bf68    00000026     RLS_USB.obj (.const:.string:g_pui8ControlInterfaceString)
                  0000bf8e    00000002     empty_min_pem4f.oem4f (.const:ti_sysbios_family_arm_m3_Hwi_Module__id__C)
                  0000bf90    00000024     empty_min_pem4f.oem4f (.const:ti_sysbios_gates_GateHwi_Module__FXNS__C)
                  0000bfb4    00000024     empty_min_pem4f.oem4f (.const:ti_sysbios_gates_GateMutex_Module__FXNS__C)
                  0000bfd8    00000024     empty_min_pem4f.oem4f (.const:ti_sysbios_heaps_HeapMem_Object__PARAMS__C)
                  0000bffc    00000024     empty_min_pem4f.oem4f (.const:ti_sysbios_knl_Semaphore_Object__PARAMS__C)
                  0000c020    00000023     usblib.lib : usbdcdc.obj (.const:.string:g_pui8CDCSerCommInterface)
                  0000c043    00000023     RLS_USB.obj (.const:.string:g_pui8ManufacturerString)
                  0000c066    00000002     empty_min_pem4f.oem4f (.const:ti_sysbios_heaps_HeapMem_Module__id__C)
                  0000c068    00000020     empty_min_pem4f.oem4f (.const:ti_sysbios_family_arm_m3_Hwi_Object__DESC__C)
                  0000c088    00000020     empty_min_pem4f.oem4f (.const:ti_sysbios_gates_GateHwi_Object__DESC__C)
                  0000c0a8    00000020     empty_min_pem4f.oem4f (.const:ti_sysbios_gates_GateMutex_Object__DESC__C)
                  0000c0c8    00000020     empty_min_pem4f.oem4f (.const:ti_sysbios_hal_Hwi_Object__DESC__C)
                  0000c0e8    00000020     empty_min_pem4f.oem4f (.const:ti_sysbios_heaps_HeapMem_Object__DESC__C)
                  0000c108    00000020     empty_min_pem4f.oem4f (.const:ti_sysbios_knl_Queue_Object__DESC__C)
                  0000c128    00000020     empty_min_pem4f.oem4f (.const:ti_sysbios_knl_Semaphore_Object__DESC__C)
                  0000c148    00000020     empty_min_pem4f.oem4f (.const:ti_sysbios_knl_Task_Object__DESC__C)
                  0000c168    00000020     empty_min_pem4f.oem4f (.const:xdc_runtime_Startup_sfxnTab__A)
                  0000c188    0000001a     RLS_USB.obj (.const:.string:g_pui8ProductString)
                  0000c1a2    00000002     empty_min_pem4f.oem4f (.const:xdc_runtime_Core_Module__id__C)
                  0000c1a4    00000018     RLS_USB.obj (.const:g_ppui8StringDescriptors)
                  0000c1bc    00000018     empty_min_pem4f.oem4f (.const:ti_sysbios_gates_GateHwi_Object__PARAMS__C)
                  0000c1d4    00000018     empty_min_pem4f.oem4f (.const:ti_sysbios_gates_GateMutex_Object__PARAMS__C)
                  0000c1ec    00000018     empty_min_pem4f.oem4f (.const:ti_sysbios_knl_Queue_Object__PARAMS__C)
                  0000c204    00000017     usblib.lib : usbdcdc.obj (.const:.string)
                  0000c21b    00000001     --HOLE-- [fill = 0]
                  0000c21c    00000014     EK_TM4C123GXL.obj (.const:GPIOTiva_config)
                  0000c230    00000014     empty_min_pem4f.oem4f (.const:xdc_runtime_Startup_firstFxns__A)
                  0000c244    00000012     RLS_USB.obj (.const:.string:g_pui8SerialNumberString)
                  0000c256    00000010     empty_min_pem4f.oem4f (.const:xdc_runtime_Startup_sfxnRts__A)
                  0000c266    00000002     empty_min_pem4f.oem4f (.const:xdc_runtime_Error_Module__loggerDefined__C)
                  0000c268    00000008     empty_min_pem4f.oem4f (.const:ti_sysbios_family_arm_m3_Hwi_excHookFuncs__A)
                  0000c270    00000008     empty_min_pem4f.oem4f (.const:ti_sysbios_knl_Idle_funcList__C)
                  0000c278    00000008     empty_min_pem4f.oem4f (.const:xdc_runtime_Startup_firstFxns__C)
                  0000c280    00000008     empty_min_pem4f.oem4f (.const:xdc_runtime_Startup_lastFxns__C)
                  0000c288    00000004     RLS_USB.obj (.const:.string:g_pui8LangDescriptor)
                  0000c28c    00000004     empty_min_pem4f.oem4f (.const:ti_catalog_arm_cortexm4_tiva_ce_Boot_A_mustUseEnhancedClockMode__C)
                  0000c290    00000004     empty_min_pem4f.oem4f (.const:ti_catalog_arm_cortexm4_tiva_ce_Boot_Module__diagsEnabled__C)
                  0000c294    00000004     empty_min_pem4f.oem4f (.const:ti_catalog_arm_cortexm4_tiva_ce_Boot_Module__diagsIncluded__C)
                  0000c298    00000004     empty_min_pem4f.oem4f (.const:ti_catalog_arm_cortexm4_tiva_ce_Boot_Module__diagsMask__C)
                  0000c29c    00000004     empty_min_pem4f.oem4f (.const:ti_sysbios_family_arm_lm4_Timer_enableFunc__C)
                  0000c2a0    00000004     empty_min_pem4f.oem4f (.const:ti_sysbios_family_arm_lm4_Timer_numTimerDevices__C)
                  0000c2a4    00000004     empty_min_pem4f.oem4f (.const:ti_sysbios_family_arm_lm4_Timer_startupNeeded__C)
                  0000c2a8    00000004     empty_min_pem4f.oem4f (.const:ti_sysbios_family_arm_m3_Hwi_E_NMI__C)
                  0000c2ac    00000004     empty_min_pem4f.oem4f (.const:ti_sysbios_family_arm_m3_Hwi_E_alreadyDefined__C)
                  0000c2b0    00000004     empty_min_pem4f.oem4f (.const:ti_sysbios_family_arm_m3_Hwi_E_busFault__C)
                  0000c2b4    00000004     empty_min_pem4f.oem4f (.const:ti_sysbios_family_arm_m3_Hwi_E_debugMon__C)
                  0000c2b8    00000004     empty_min_pem4f.oem4f (.const:ti_sysbios_family_arm_m3_Hwi_E_hardFault__C)
                  0000c2bc    00000004     empty_min_pem4f.oem4f (.const:ti_sysbios_family_arm_m3_Hwi_E_memFault__C)
                  0000c2c0    00000004     empty_min_pem4f.oem4f (.const:ti_sysbios_family_arm_m3_Hwi_E_noIsr__C)
                  0000c2c4    00000004     empty_min_pem4f.oem4f (.const:ti_sysbios_family_arm_m3_Hwi_E_reserved__C)
                  0000c2c8    00000004     empty_min_pem4f.oem4f (.const:ti_sysbios_family_arm_m3_Hwi_E_svCall__C)
                  0000c2cc    00000004     empty_min_pem4f.oem4f (.const:ti_sysbios_family_arm_m3_Hwi_E_usageFault__C)
                  0000c2d0    00000004     empty_min_pem4f.oem4f (.const:ti_sysbios_family_arm_m3_Hwi_NUM_INTERRUPTS__C)
                  0000c2d4    00000004     empty_min_pem4f.oem4f (.const:ti_sysbios_family_arm_m3_Hwi_Object__count__C)
                  0000c2d8    00000004     empty_min_pem4f.oem4f (.const:ti_sysbios_family_arm_m3_Hwi_ccr__C)
                  0000c2dc    00000004     empty_min_pem4f.oem4f (.const:ti_sysbios_family_arm_m3_Hwi_excHandlerFunc__C)
                  0000c2e0    00000004     empty_min_pem4f.oem4f (.const:ti_sysbios_family_arm_m3_Hwi_excHookFuncs__C)
                  0000c2e4    00000004     empty_min_pem4f.oem4f (.const:ti_sysbios_family_arm_m3_Hwi_nullIsrFunc__C)
                  0000c2e8    00000004     empty_min_pem4f.oem4f (.const:ti_sysbios_family_arm_m3_Hwi_priGroup__C)
                  0000c2ec    00000004     empty_min_pem4f.oem4f (.const:ti_sysbios_family_arm_m3_TaskSupport_stackAlignment__C)
                  0000c2f0    00000004     empty_min_pem4f.oem4f (.const:ti_sysbios_gates_GateMutex_Instance_State_sem__O)
                  0000c2f4    00000004     empty_min_pem4f.oem4f (.const:ti_sysbios_heaps_HeapMem_E_memory__C)
                  0000c2f8    00000004     empty_min_pem4f.oem4f (.const:ti_sysbios_heaps_HeapMem_Module__gateObj__C)
                  0000c2fc    00000004     empty_min_pem4f.oem4f (.const:ti_sysbios_heaps_HeapMem_Object__count__C)
                  0000c300    00000004     empty_min_pem4f.oem4f (.const:ti_sysbios_heaps_HeapMem_reqAlign__C)
                  0000c304    00000004     empty_min_pem4f.oem4f (.const:ti_sysbios_knl_Clock_Module_State_clockQ__O)
                  0000c308    00000004     empty_min_pem4f.oem4f (.const:ti_sysbios_knl_Semaphore_Instance_State_pendQ__O)
                  0000c30c    00000004     empty_min_pem4f.oem4f (.const:ti_sysbios_knl_Swi_Object__count__C)
                  0000c310    00000004     empty_min_pem4f.oem4f (.const:ti_sysbios_knl_Task_Module_State_inactiveQ__O)
                  0000c314    00000004     empty_min_pem4f.oem4f (.const:ti_sysbios_knl_Task_Object__count__C)
                  0000c318    00000004     empty_min_pem4f.oem4f (.const:ti_sysbios_knl_Task_allBlockedFunc__C)
                  0000c31c    00000004     empty_min_pem4f.oem4f (.const:ti_sysbios_knl_Task_defaultStackHeap__C)
                  0000c320    00000004     empty_min_pem4f.oem4f (.const:ti_sysbios_knl_Task_defaultStackSize__C)
                  0000c324    00000004     empty_min_pem4f.oem4f (.const:ti_sysbios_knl_Task_numConstructedTasks__C)
                  0000c328    00000004     empty_min_pem4f.oem4f (.const:xdc_runtime_Assert_E_assertFailed__C)
                  0000c32c    00000004     empty_min_pem4f.oem4f (.const:xdc_runtime_Core_A_initializedParams__C)
                  0000c330    00000004     empty_min_pem4f.oem4f (.const:xdc_runtime_Core_Module__diagsEnabled__C)
                  0000c334    00000004     empty_min_pem4f.oem4f (.const:xdc_runtime_Core_Module__diagsIncluded__C)
                  0000c338    00000004     empty_min_pem4f.oem4f (.const:xdc_runtime_Core_Module__diagsMask__C)
                  0000c33c    00000004     empty_min_pem4f.oem4f (.const:xdc_runtime_Error_E_memory__C)
                  0000c340    00000004     empty_min_pem4f.oem4f (.const:xdc_runtime_Error_Module__diagsEnabled__C)
                  0000c344    00000004     empty_min_pem4f.oem4f (.const:xdc_runtime_Error_Module__diagsIncluded__C)
                  0000c348    00000004     empty_min_pem4f.oem4f (.const:xdc_runtime_Error_Module__diagsMask__C)
                  0000c34c    00000004     empty_min_pem4f.oem4f (.const:xdc_runtime_Error_Module__loggerFxn8__C)
                  0000c350    00000004     empty_min_pem4f.oem4f (.const:xdc_runtime_Error_Module__loggerObj__C)
                  0000c354    00000004     empty_min_pem4f.oem4f (.const:xdc_runtime_Error_policyFxn__C)
                  0000c358    00000004     empty_min_pem4f.oem4f (.const:xdc_runtime_Error_raiseHook__C)
                  0000c35c    00000004     empty_min_pem4f.oem4f (.const:xdc_runtime_IGateProvider_Interface__BASE__C)
                  0000c360    00000004     empty_min_pem4f.oem4f (.const:xdc_runtime_IHeap_Interface__BASE__C)
                  0000c364    00000004     empty_min_pem4f.oem4f (.const:xdc_runtime_IModule_Interface__BASE__C)
                  0000c368    00000004     empty_min_pem4f.oem4f (.const:xdc_runtime_Log_L_error__C)
                  0000c36c    00000004     empty_min_pem4f.oem4f (.const:xdc_runtime_Memory_defaultHeapInstance__C)
                  0000c370    00000004     empty_min_pem4f.oem4f (.const:xdc_runtime_Startup_execImpl__C)
                  0000c374    00000004     empty_min_pem4f.oem4f (.const:xdc_runtime_Startup_maxPasses__C)
                  0000c378    00000004     empty_min_pem4f.oem4f (.const:xdc_runtime_Startup_sfxnRts__C)
                  0000c37c    00000004     empty_min_pem4f.oem4f (.const:xdc_runtime_Startup_sfxnTab__C)
                  0000c380    00000004     empty_min_pem4f.oem4f (.const:xdc_runtime_SysMin_bufSize__C)
                  0000c384    00000004     empty_min_pem4f.oem4f (.const:xdc_runtime_SysMin_outputFunc__C)
                  0000c388    00000004     empty_min_pem4f.oem4f (.const:xdc_runtime_System_Module__gateObj__C)
                  0000c38c    00000004     empty_min_pem4f.oem4f (.const:xdc_runtime_System_abortFxn__C)
                  0000c390    00000004     empty_min_pem4f.oem4f (.const:xdc_runtime_System_exitFxn__C)
                  0000c394    00000004     empty_min_pem4f.oem4f (.const:xdc_runtime_System_extendFxn__C)
                  0000c398    00000004     empty_min_pem4f.oem4f (.const:xdc_runtime_System_maxAtexitHandlers__C)
                  0000c39c    00000004     empty_min_pem4f.oem4f (.const:xdc_runtime_Text_charTab__C)
                  0000c3a0    00000004     empty_min_pem4f.oem4f (.const:xdc_runtime_Text_nameEmpty__C)
                  0000c3a4    00000004     empty_min_pem4f.oem4f (.const:xdc_runtime_Text_nameStatic__C)
                  0000c3a8    00000004     empty_min_pem4f.oem4f (.const:xdc_runtime_Text_nameUnknown__C)
                  0000c3ac    00000004     empty_min_pem4f.oem4f (.const:xdc_runtime_Text_nodeTab__C)
                  0000c3b0    00000004     empty_min_pem4f.oem4f (.const:xdc_runtime_Text_visitRopeFxn__C)
                  0000c3b4    00000002     empty_min_pem4f.oem4f (.const:xdc_runtime_Error_maxDepth__C)
                  0000c3b6    00000002     empty_min_pem4f.oem4f (.const:xdc_runtime_Memory_Module__id__C)
                  0000c3b8    00000002     empty_min_pem4f.oem4f (.const:xdc_runtime_SysMin_flushAtExit__C)
                  0000c3ba    00000002     empty_min_pem4f.oem4f (.const:xdc_runtime_Text_charCnt__C)
                  0000c3bc    00000002     empty_min_pem4f.oem4f (.const:xdc_runtime_Text_isLoaded__C)
                  0000c3be    00000002     empty_min_pem4f.oem4f (.const:xdc_runtime_Text_registryModsLastId__C)
                  0000c3c0    00000002     empty_min_pem4f.oem4f (.const:xdc_runtime_Text_unnamedModsLastId__C)

.cinit     0    0000c3c8    000002c0     
                  0000c3c8    00000285     (.cinit..data.load) [load image, compression = lzss]
                  0000c64d    00000003     --HOLE-- [fill = 0]
                  0000c650    0000000c     (__TI_handler_table)
                  0000c65c    00000004     --HOLE-- [fill = 0]
                  0000c660    00000008     (.cinit..bss.load) [load image, compression = zero_init]
                  0000c668    00000008     (.cinit..vecs.load) [load image, compression = zero_init]
                  0000c670    00000018     (__TI_cinit_table)

.init_array 
*          0    00000000    00000000     UNINITIALIZED

.resetVecs 
*          0    00000000    0000003c     
                  00000000    0000003c     empty_min_pem4f.oem4f (.resetVecs)

.bss       0    20000360    00001cf4     UNINITIALIZED
                  20000360    00000800     (.common:task0Stack)
                  20000b60    00000800     (.common:task1Stack)
                  20001360    00000400     (.common:ti_sysbios_heaps_HeapMem_Instance_State_0_buf__A)
                  20001760    00000360     (.common:ti_sysbios_family_arm_m3_Hwi_dispatchTable)
                  20001ac0    00000120     rtsv7M4_T_le_v4SPD16_eabi.lib : trgmsg.c.obj (.bss:_CIOBUF_)
                  20001be0    00000110     usblib.lib : usbdma.obj (.bss:g_psUSBDMAInst)
                  20001cf0    000000a0     (.common:__TI_tmpnams)
                  20001d90    00000090     drivers_tivaware.aem4f : GPIOTiva.oem4f (.bss:gpioCallbackInfo)
                  20001e20    00000080     (.common:xdc_runtime_SysMin_Module_State_0_outbuf__A)
                  20001ea0    00000050     usblib.lib : usbdenum.obj (.bss:g_psDCDInst)
                  20001ef0    00000050     (.common:task0Struct)
                  20001f40    00000050     (.common:task1Struct)
                  20001f90    00000040                : usbdenum.obj (.bss:g_pui8DataBufferIn)
                  20001fd0    00000020     RLS_LED.obj (.bss:LED_State)
                  20001ff0    0000001c     RLS_USB.obj (.bss)
                  2000200c    00000018     (.common:g_pfnTickHandlers)
                  20002024    00000018     (.common:g_pvTickInstance)
                  2000203c    00000008     (.common:parmbuf)
                  20002044    00000004     (.common:g_pfnUSBModeCallback)
                  20002048    00000004     (.common:g_ppsDevInfo)
                  2000204c    00000004     (.common:g_ui32ULPISupport)
                  20002050    00000004     (.common:gpioInterruptVectors)

.data      0    20002054    00000698     UNINITIALIZED
                  20002054    000000f0     rtsv7M4_T_le_v4SPD16_eabi.lib : defs.c.obj (.data:_ftable)
                  20002144    00000080     empty_min_pem4f.oem4f (.data:ti_sysbios_knl_Swi_Module_State_0_readyQ__A)
                  200021c4    00000080     empty_min_pem4f.oem4f (.data:ti_sysbios_knl_Task_Module_State_0_readyQ__A)
                  20002244    00000078     rtsv7M4_T_le_v4SPD16_eabi.lib : host_device.c.obj (.data:_device)
                  200022bc    00000060     RLS_USB.obj (.data:g_sCDCDevice)
                  2000231c    00000050     rtsv7M4_T_le_v4SPD16_eabi.lib : host_device.c.obj (.data:_stream)
                  2000236c    00000044     empty_min_pem4f.oem4f (.data:ti_sysbios_knl_Task_Module__state__V)
                  200023b0    00000040     empty_min_pem4f.oem4f (.data:ti_sysbios_family_arm_lm4_Timer_Object__table__V)
                  200023f0    00000040     usblib.lib : usbdcdc.obj (.data)
                  20002430    00000038     empty_min_pem4f.oem4f (.data:ti_sysbios_gates_GateMutex_Object__table__V)
                  20002468    00000034     empty_min_pem4f.oem4f (.data:ti_sysbios_family_arm_m3_Hwi_Module__state__V)
                  2000249c    00000030     empty_min_pem4f.oem4f (.data:ti_sysbios_family_arm_lm4_Timer_Module_State_0_device__A)
                  200024cc    00000030     empty_min_pem4f.oem4f (.data:ti_sysbios_family_arm_m3_Hwi_Object__table__V)
                  200024fc    00000030     empty_min_pem4f.oem4f (.data:ti_sysbios_knl_Swi_Object__table__V)
                  2000252c    0000002c     empty_min_pem4f.oem4f (.data:ti_sysbios_knl_Clock_Module__state__V)
                  20002558    00000024     empty_min_pem4f.oem4f (.data:ti_sysbios_BIOS_Module__state__V)
                  2000257c    00000020     empty_min_pem4f.oem4f (.data:ti_sysbios_knl_Clock_Object__table__V)
                  2000259c    0000001c     empty_min_pem4f.oem4f (.data:ti_sysbios_knl_Swi_Module__state__V)
                  200025b8    00000018     empty_min_pem4f.oem4f (.data:ti_sysbios_family_arm_lm4_Timer_Module_State_0_handles__A)
                  200025d0    00000018     empty_min_pem4f.oem4f (.data:ti_sysbios_heaps_HeapMem_Object__table__V)
                  200025e8    00000014     EK_TM4C123GXL.obj (.data:gpioPinConfigs)
                  200025fc    00000010     rtsv7M4_T_le_v4SPD16_eabi.lib : defs.c.obj (.data)
                  2000260c    0000000c                                   : exit.c.obj (.data:$O1$$)
                  20002618    0000000c     empty_min_pem4f.oem4f (.data:ti_sysbios_family_arm_lm4_Timer_Module__state__V)
                  20002624    0000000c     usblib.lib : usbtick.obj (.data)
                  20002630    0000000c     empty_min_pem4f.oem4f (.data:xdc_runtime_SysMin_Module__state__V)
                  2000263c    00000009     usblib.lib : usbmode.obj (.data)
                  20002645    00000001     --HOLE--
                  20002646    00000002     empty_min_pem4f.oem4f (.data:ti_sysbios_family_arm_m3_Hwi_Module_State_0_excActive__A)
                  20002648    00000008     rtsv7M4_T_le_v4SPD16_eabi.lib : _lock.c.obj (.data:$O1$$)
                  20002650    00000008     EK_TM4C123GXL.obj (.data:gpioCallbackFunctions)
                  20002658    00000008     empty_min_pem4f.oem4f (.data:ti_sysbios_family_arm_m3_Hwi_Module__root__V)
                  20002660    00000008     empty_min_pem4f.oem4f (.data:ti_sysbios_gates_GateHwi_Module__root__V)
                  20002668    00000008     empty_min_pem4f.oem4f (.data:ti_sysbios_gates_GateMutex_Module__root__V)
                  20002670    00000008     empty_min_pem4f.oem4f (.data:ti_sysbios_hal_Hwi_Module__root__V)
                  20002678    00000008     empty_min_pem4f.oem4f (.data:ti_sysbios_heaps_HeapMem_Module__root__V)
                  20002680    00000008     empty_min_pem4f.oem4f (.data:ti_sysbios_knl_Queue_Module__root__V)
                  20002688    00000008     empty_min_pem4f.oem4f (.data:ti_sysbios_knl_Semaphore_Module__root__V)
                  20002690    00000008     empty_min_pem4f.oem4f (.data:ti_sysbios_knl_Task_Module__root__V)
                  20002698    00000008     usblib.lib : usbdenum.obj (.data)
[...]
0000a131  __aeabi_errno_addr                                                
0000a149  ti_sysbios_family_arm_lm4_Timer_masterDisable__I                  
0000a151  ti_sysbios_family_arm_m3_Hwi_doSwiRestore__I                      
0000a159  ti_sysbios_family_arm_m3_Hwi_startup__E                           
0000a159  ti_sysbios_hal_Hwi_HwiProxy_startup__E                            
0000a159  ti_sysbios_hal_Hwi_startup__E                                     
0000a161  USBDevLPMConfig                                                   
0000a167  USBLPMIntStatus                                                   
0000a173  ti_catalog_arm_cortexm4_tiva_ce_Boot_sysCtlDelayI__I              
0000a179  ti_sysbios_family_arm_m3_Hwi_doTaskRestore__I                     
0000a181  ti_sysbios_family_arm_m3_Hwi_restoreFxn__E                        
0000a181  ti_sysbios_hal_Hwi_HwiProxy_restore__E                            
0000a189  ti_sysbios_gates_GateHwi_leave__E                                 
0000a191  ti_sysbios_heaps_HeapMem_isBlocking__E                            
0000a199  ti_sysbios_knl_Queue_Instance_init__E                             
0000a1a1  ti_sysbios_knl_Swi_startup__E                                     
0000a1a7  xdc_runtime_System_Module_startup__E                              
0000a1b1  ti_sysbios_gates_GateHwi_query__E                                 
0000a1b1  xdc_runtime_Main_Module_GateProxy_query__E                        
0000a1b1  xdc_runtime_System_Module_GateProxy_query__E                      
0000a1b9  ti_sysbios_BIOS_RtsGateProxy_query__E                             
0000a1b9  ti_sysbios_gates_GateMutex_query__E                               
0000a1b9  ti_sysbios_heaps_HeapMem_Module_GateProxy_query__E                
0000a1c1  ti_sysbios_knl_Task_startup__E                                    
0000a1c9  ti_sysbios_gates_GateHwi_Instance_init__E                         
0000a1d1  ti_sysbios_knl_Clock_logTick__E                                   
0000a1d4  xdc_runtime_Text_charTab__A                                       
0000ba34  _ctypes_                                                          
0000bb35  xdc_runtime_Error_policy__C                                       
0000bb36  xdc_runtime_Text_nodeTab__A                                       
0000bbf2  ti_catalog_arm_cortexm4_tiva_ce_Boot_Module__id__C                
0000bdd8  ti_sysbios_knl_Task_Object__PARAMS__C                             
0000be14  g_sCDCSerConfigSection                                            
0000be1c  g_sIADSerConfigSection                                            
0000be24  g_sCDCSerCommInterfaceSection                                     
0000be2c  g_sCDCSerDataInterfaceSection                                     
0000be34  g_sCDCSerConfigHeader                                             
0000be3c  g_sCDCCompSerConfigHeader                                         
0000be44  g_ppCDCSerConfigDescriptors                                       
0000be48  g_pCDCCompSerConfigDescriptors                                    
0000be4c  g_pui8ConfigString                                                
0000beb4  g_sCDCHandlers                                                    
0000bee4  ti_sysbios_family_arm_m3_Hwi_Object__PARAMS__C                    
0000bf14  ti_sysbios_hal_Hwi_Object__PARAMS__C                              
0000bf40  ti_sysbios_heaps_HeapMem_Module__FXNS__C                          
0000bf68  g_pui8ControlInterfaceString                                      
0000bf8e  ti_sysbios_family_arm_m3_Hwi_Module__id__C                        
0000bf90  ti_sysbios_gates_GateHwi_Module__FXNS__C                          
0000bfb4  ti_sysbios_gates_GateMutex_Module__FXNS__C                        
0000bfd8  ti_sysbios_heaps_HeapMem_Object__PARAMS__C                        
0000bffc  ti_sysbios_knl_Semaphore_Object__PARAMS__C                        
0000c020  g_pui8CDCSerCommInterface                                         
0000c043  g_pui8ManufacturerString                                          
0000c066  ti_sysbios_heaps_HeapMem_Module__id__C                            
0000c068  ti_sysbios_family_arm_m3_Hwi_Object__DESC__C                      
0000c088  ti_sysbios_gates_GateHwi_Object__DESC__C                          
0000c0a8  ti_sysbios_gates_GateMutex_Object__DESC__C                        
0000c0c8  ti_sysbios_hal_Hwi_Object__DESC__C                                
0000c0e8  ti_sysbios_heaps_HeapMem_Object__DESC__C                          
0000c108  ti_sysbios_knl_Queue_Object__DESC__C                              
0000c128  ti_sysbios_knl_Semaphore_Object__DESC__C                          
0000c148  ti_sysbios_knl_Task_Object__DESC__C                               
0000c168  xdc_runtime_Startup_sfxnTab__A                                    
0000c188  g_pui8ProductString                                               
0000c1a2  xdc_runtime_Core_Module__id__C                                    
0000c1a4  g_ppui8StringDescriptors                                          
0000c1bc  ti_sysbios_gates_GateHwi_Object__PARAMS__C                        
0000c1d4  ti_sysbios_gates_GateMutex_Object__PARAMS__C                      
0000c1ec  ti_sysbios_knl_Queue_Object__PARAMS__C                            
0000c204  g_pui8CDCSerDataInterface                                         
0000c21c  GPIOTiva_config                                                   
0000c230  xdc_runtime_Startup_firstFxns__A                                  
0000c244  g_pui8SerialNumberString                                          
0000c256  xdc_runtime_Startup_sfxnRts__A                                    
0000c266  xdc_runtime_Error_Module__loggerDefined__C                        
0000c268  ti_sysbios_family_arm_m3_Hwi_excHookFuncs__A                      
0000c270  ti_sysbios_knl_Idle_funcList__C                                   
0000c278  xdc_runtime_Startup_firstFxns__C                                  
0000c280  xdc_runtime_Startup_lastFxns__C                                   
0000c288  g_pui8LangDescriptor                                              
0000c28c  ti_catalog_arm_cortexm4_tiva_ce_Boot_A_mustUseEnhancedClockMode__C
0000c290  ti_catalog_arm_cortexm4_tiva_ce_Boot_Module__diagsEnabled__C      
0000c294  ti_catalog_arm_cortexm4_tiva_ce_Boot_Module__diagsIncluded__C     
0000c298  ti_catalog_arm_cortexm4_tiva_ce_Boot_Module__diagsMask__C         
0000c29c  ti_sysbios_family_arm_lm4_Timer_enableFunc__C                     
0000c2a0  ti_sysbios_family_arm_lm4_Timer_numTimerDevices__C                
0000c2a4  ti_sysbios_family_arm_lm4_Timer_startupNeeded__C                  
0000c2a8  ti_sysbios_family_arm_m3_Hwi_E_NMI__C                             
0000c2ac  ti_sysbios_family_arm_m3_Hwi_E_alreadyDefined__C                  
0000c2b0  ti_sysbios_family_arm_m3_Hwi_E_busFault__C                        
0000c2b4  ti_sysbios_family_arm_m3_Hwi_E_debugMon__C                        
0000c2b8  ti_sysbios_family_arm_m3_Hwi_E_hardFault__C                       
0000c2bc  ti_sysbios_family_arm_m3_Hwi_E_memFault__C                        
0000c2c0  ti_sysbios_family_arm_m3_Hwi_E_noIsr__C                           
0000c2c4  ti_sysbios_family_arm_m3_Hwi_E_reserved__C                        
0000c2c8  ti_sysbios_family_arm_m3_Hwi_E_svCall__C                          
0000c2cc  ti_sysbios_family_arm_m3_Hwi_E_usageFault__C                      
0000c2d0  ti_sysbios_family_arm_m3_Hwi_NUM_INTERRUPTS__C                    
0000c2d4  ti_sysbios_family_arm_m3_Hwi_Object__count__C                     
0000c2d8  ti_sysbios_family_arm_m3_Hwi_ccr__C                               
0000c2dc  ti_sysbios_family_arm_m3_Hwi_excHandlerFunc__C                    
0000c2e0  ti_sysbios_family_arm_m3_Hwi_excHookFuncs__C                      
0000c2e4  ti_sysbios_family_arm_m3_Hwi_nullIsrFunc__C                       
0000c2e8  ti_sysbios_family_arm_m3_Hwi_priGroup__C                          
0000c2ec  ti_sysbios_family_arm_m3_TaskSupport_stackAlignment__C            
0000c2f0  ti_sysbios_gates_GateMutex_Instance_State_sem__O                  
0000c2f4  ti_sysbios_heaps_HeapMem_E_memory__C                              
0000c2f8  ti_sysbios_heaps_HeapMem_Module__gateObj__C                       
0000c2fc  ti_sysbios_heaps_HeapMem_Object__count__C                         
0000c300  ti_sysbios_heaps_HeapMem_reqAlign__C                              
0000c304  ti_sysbios_knl_Clock_Module_State_clockQ__O                       
0000c308  ti_sysbios_knl_Semaphore_Instance_State_pendQ__O                  
0000c30c  ti_sysbios_knl_Swi_Object__count__C                               
0000c310  ti_sysbios_knl_Task_Module_State_inactiveQ__O                     
0000c314  ti_sysbios_knl_Task_Object__count__C                              
0000c318  ti_sysbios_knl_Task_allBlockedFunc__C                             
0000c31c  ti_sysbios_knl_Task_defaultStackHeap__C                           
0000c320  ti_sysbios_knl_Task_defaultStackSize__C                           
0000c324  ti_sysbios_knl_Task_numConstructedTasks__C                        
0000c328  xdc_runtime_Assert_E_assertFailed__C                              
0000c32c  xdc_runtime_Core_A_initializedParams__C                           
0000c330  xdc_runtime_Core_Module__diagsEnabled__C                          
0000c334  xdc_runtime_Core_Module__diagsIncluded__C                         
0000c338  xdc_runtime_Core_Module__diagsMask__C                             
0000c33c  xdc_runtime_Error_E_memory__C                                     
0000c340  xdc_runtime_Error_Module__diagsEnabled__C                         
0000c344  xdc_runtime_Error_Module__diagsIncluded__C                        
0000c348  xdc_runtime_Error_Module__diagsMask__C                            
0000c34c  xdc_runtime_Error_Module__loggerFxn8__C                           
0000c350  xdc_runtime_Error_Module__loggerObj__C                            
0000c354  xdc_runtime_Error_policyFxn__C                                    
0000c358  xdc_runtime_Error_raiseHook__C                                    
0000c35c  xdc_runtime_IGateProvider_Interface__BASE__C                      
0000c360  xdc_runtime_IHeap_Interface__BASE__C                              
0000c364  xdc_runtime_IModule_Interface__BASE__C                            
0000c368  xdc_runtime_Log_L_error__C                                        
0000c36c  xdc_runtime_Memory_defaultHeapInstance__C                         
0000c370  xdc_runtime_Startup_execImpl__C                                   
0000c374  xdc_runtime_Startup_maxPasses__C                                  
0000c378  xdc_runtime_Startup_sfxnRts__C                                    
0000c37c  xdc_runtime_Startup_sfxnTab__C                                    
0000c380  xdc_runtime_SysMin_bufSize__C                                     
0000c384  xdc_runtime_SysMin_outputFunc__C                                  
0000c388  xdc_runtime_System_Module__gateObj__C                             
0000c38c  xdc_runtime_System_abortFxn__C                                    
0000c390  xdc_runtime_System_exitFxn__C                                     
0000c394  xdc_runtime_System_extendFxn__C                                   
0000c398  xdc_runtime_System_maxAtexitHandlers__C                           
0000c39c  xdc_runtime_Text_charTab__C                                       
0000c3a0  xdc_runtime_Text_nameEmpty__C                                     
0000c3a4  xdc_runtime_Text_nameStatic__C                                    
0000c3a8  xdc_runtime_Text_nameUnknown__C                                   
0000c3ac  xdc_runtime_Text_nodeTab__C                                       
0000c3b0  xdc_runtime_Text_visitRopeFxn__C                                  
0000c3b4  xdc_runtime_Error_maxDepth__C                                     
0000c3b6  xdc_runtime_Memory_Module__id__C                                  
0000c3b8  xdc_runtime_SysMin_flushAtExit__C                                 
0000c3ba  xdc_runtime_Text_charCnt__C                                       
0000c3bc  xdc_runtime_Text_isLoaded__C                                      
0000c3be  xdc_runtime_Text_registryModsLastId__C                            
0000c3c0  xdc_runtime_Text_unnamedModsLastId__C                             
0000c3c8  __TI_static_base__                                                
0000c650  __TI_Handler_Table_Base                                           
0000c65c  __TI_Handler_Table_Limit                                          
0000c670  __TI_CINIT_Base                                                   
0000c688  __TI_CINIT_Limit                                                  
20000000  __start___llvm_prf_cnts                                           
20000000  __stop___llvm_prf_cnts                                            
20000000  ti_sysbios_family_arm_m3_Hwi_ramVectors                           
20000360  task0Stack                                                        
20000b60  task1Stack                                                        
20001360  ti_sysbios_heaps_HeapMem_Instance_State_0_buf__A                  
20001760  ti_sysbios_family_arm_m3_Hwi_dispatchTable                        
20001ac0  __CIOBUF_                                                         
20001cf0  __TI_tmpnams                                                      
20001e20  xdc_runtime_SysMin_Module_State_0_outbuf__A                       
20001ea0  g_psDCDInst                                                       
20001ef0  task0Struct                                                       
20001f40  task1Struct                                                       
2000200c  g_pfnTickHandlers                                                 
20002024  g_pvTickInstance                                                  
2000203c  parmbuf                                                           
20002048  g_ppsDevInfo                                                      
20002054  _ftable                                                           
20002144  ti_sysbios_knl_Swi_Module_State_0_readyQ__A                       
200021c4  ti_sysbios_knl_Task_Module_State_0_readyQ__A                      
20002244  _device                                                           
2000231c  _stream                                                           
2000236c  ti_sysbios_knl_Task_Module__state__V                              
200023b0  ti_sysbios_family_arm_lm4_Timer_Object__table__V                  
200023f0  g_pui8CDCSerDeviceDescriptor                                      
20002402  g_pui8CDCSerDescriptor                                            
2000240b  g_pui8IADSerDescriptor                                            
20002414  g_psCDCSerSections                                                
20002420  g_psCDCCompSerSections                                            
20002430  ti_sysbios_gates_GateMutex_Object__table__V                       
20002468  ti_sysbios_family_arm_m3_Hwi_Module__state__V                     
2000249c  ti_sysbios_family_arm_lm4_Timer_Module_State_0_device__A          
200024cc  ti_sysbios_family_arm_m3_Hwi_Object__table__V                     
200024fc  ti_sysbios_knl_Swi_Object__table__V                               
2000252c  ti_sysbios_knl_Clock_Module__state__V                             
20002558  ti_sysbios_BIOS_Module__state__V                                  
2000257c  ti_sysbios_knl_Clock_Object__table__V                             
2000259c  ti_sysbios_knl_Swi_Module__state__V                               
200025b8  ti_sysbios_family_arm_lm4_Timer_Module_State_0_handles__A         
200025d0  ti_sysbios_heaps_HeapMem_Object__table__V                         
200025e8  gpioPinConfigs                                                    
200025fc  __TI_ft_end                                                       
20002600  __aeabi_stdin                                                     
20002604  __aeabi_stdout                                                    
20002608  __aeabi_stderr                                                    
2000260c  __TI_cleanup_ptr                                                  
20002610  __TI_dtors_ptr                                                    
20002614  __TI_enable_exit_profile_output                                   
20002618  ti_sysbios_family_arm_lm4_Timer_Module__state__V                  
20002624  g_bUSBTimerInitialized                                            
20002628  g_ui32CurrentUSBTick                                              
2000262c  g_ui32USBSOFCount                                                 
20002630  xdc_runtime_SysMin_Module__state__V                               
2000263c  g_iUSBMode                                                        
20002640  g_ui32WaitTicks                                                   
20002646  ti_sysbios_family_arm_m3_Hwi_Module_State_0_excActive__A          
20002648  _lock                                                             
2000264c  _unlock                                                           
20002650  gpioCallbackFunctions                                             
20002658  ti_sysbios_family_arm_m3_Hwi_Module__root__V                      
20002660  ti_sysbios_gates_GateHwi_Module__root__V                          
20002668  ti_sysbios_gates_GateMutex_Module__root__V                        
20002670  ti_sysbios_hal_Hwi_Module__root__V                                
20002678  ti_sysbios_heaps_HeapMem_Module__root__V                          
20002680  ti_sysbios_knl_Queue_Module__root__V                              
20002688  ti_sysbios_knl_Semaphore_Module__root__V                          
20002690  ti_sysbios_knl_Task_Module__root__V                               
200026a0  xdc_runtime_Registry_Module__state__V                             
200026a8  xdc_runtime_Startup_Module__state__V                              
200026b0  xdc_runtime_System_Module_State_0_atexitHandlers__A               
200026b8  xdc_runtime_System_Module__state__V                               
200026ce  xdc_runtime_Error_Module__state__V                                
200026d0  errno                                                             
200026d4  main_func_sp                                                      
200026d8  ti_sysbios_family_arm_m3_Hwi_Module_State_0_excContext__A         
200026dc  ti_sysbios_family_arm_m3_Hwi_Module_State_0_excStack__A           
200026e0  ti_sysbios_gates_GateHwi_Object__table__V                         
200026e4  ti_sysbios_knl_Task_Module_State_0_idleTask__A                    
200026e8  xdc_runtime_Memory_Module__state__V                               
200026f0  __stack                                                           
200029f0  __STACK_END                                                       
e000e000  ti_sysbios_family_arm_m3_Hwi_nvic                                 
ffffffff  __TI_pprof_out_hndl                                               
ffffffff  __TI_prof_data_size                                               
ffffffff  __TI_prof_data_start                                              
ffffffff  __binit__                                                         
ffffffff  __c_args__                                                        
ffffffff  binit                                                             
UNDEFED   SHT$$INIT_ARRAY$$Base                                             
UNDEFED   SHT$$INIT_ARRAY$$Limit                                            

[733 symbols]
