******************************************************************************
                  TI ARM Linker PC v20.2.5                     
******************************************************************************
>> Linked Tue Nov 29 23:10:10 2022

OUTPUT FILE NAME:   <TSGC-Reconfig-Lighting-System-Software.out>
ENTRY POINT SYMBOL: "_c_int00"  address: 000070e1


MEMORY CONFIGURATION

         name            origin    length      used     unused   attr    fill
----------------------  --------  ---------  --------  --------  ----  --------
  FLASH                 00000000   00040000  0000c734  000338cc  R  X
  SRAM                  20000000   00008000  00002a34  000055cc  RW X


SEGMENT ALLOCATION MAP

run origin  load origin   length   init length attrs members
----------  ----------- ---------- ----------- ----- -------
00000000    00000000    0000c740   0000c740    r-x
  00000000    00000000    0000003c   0000003c    r-- .resetVecs
  00000040    00000040    0000a21a   0000a21a    r-x .text
  0000a25c    0000a25c    000021ee   000021ee    r-- .const
  0000c450    0000c450    000002f0   000002f0    r-- .cinit
20000000    20000000    00002a38   00000000    rw-
  20000000    20000000    00000360   00000000    rw- .vecs
  20000360    20000360    00001cf4   00000000    rw- .bss
  20002054    20002054    000006e0   00000000    rw- .data
  20002738    20002738    00000300   00000000    rw- .stack


SECTION ALLOCATION MAP

 output                                  attributes/
section   page    origin      length       input sections
--------  ----  ----------  ----------   ----------------
.text      0    00000040    0000a21a     
                  00000040    00000a4e     rtsv7M4_T_le_v4SPD16_eabi.lib : _printfi.c.obj (.text:__TI_printfi)
                  00000a8e    00000002                                   : _lock.c.obj (.text:_nop)
                  00000a90    00000430     sysbios.aem4f : BIOS.obj (.text:ti_sysbios_family_arm_m3_Hwi_excDumpRegs__I)
                  00000ec0    0000034c     ti.targets.arm.rtsarm.aem4f : System.oem4f (.text:xdc_runtime_System_doPrint__I)
                  0000120c    0000028c     RLS_Command.obj (.text:command_Task)
                  00001498    00000270     rtsv7M4_T_le_v4SPD16_eabi.lib : _printfi.c.obj (.text:_pconv_a)
                  00001708    0000021c     RLS_USB.obj (.text:cdc_Event_Control_Handler)
                  00001924    00000004     usblib.lib : usbdma.obj (.text:DMAUSBStatus)
                  00001928    000001f4     sysbios.aem4f : BIOS.obj (.text:ti_sysbios_family_arm_m3_Hwi_excHandlerMax__I)
                  00001b1c    000001d0     rtsv7M4_T_le_v4SPD16_eabi.lib : _printfi.c.obj (.text:_pconv_g)
                  00001cec    000001b6                                   : fd_add_t2.asm.obj (.text)
                  00001ea2    00000002     usblib.lib : usbdma.obj (.text:iDMAUSBArbSizeSet)
                  00001ea4    000001b0     RLS_LED.obj (.text:RLS_LED_Update_Task)
                  00002054    00000004     driverlib.lib : usb.obj (.text:USBDevAddrSet)
                  00002058    00000174     sysbios.aem4f : BIOS.obj (.text:ti_sysbios_family_arm_m3_Hwi_excBusFault__I)
                  000021cc    00000170     usblib.lib : usbdma.obj (.text:USBLibDMAInit)
                  0000233c    00000004     rtsv7M4_T_le_v4SPD16_eabi.lib : printf.c.obj (.text:_outc)
                  00002340    00000164     sysbios.aem4f : BIOS.obj (.text:ti_sysbios_family_arm_m3_Hwi_excUsageFault__I)
                  000024a4    00000004     rtsv7M4_T_le_v4SPD16_eabi.lib : printf.c.obj (.text:_outs)
                  000024a8    00000154     sysbios.aem4f : BIOS.obj (.text:ti_sysbios_knl_Semaphore_pend__E)
                  000025fc    00000150     drivers_tivaware.aem4f : GPIOTiva.oem4f (.text:GPIO_setConfig)
                  0000274c    00000150     usblib.lib : usbdenum.obj (.text:USBDEP0StateTxConfig)
                  0000289c    00000150                : usbdenum.obj (.text:USBDeviceIntHandlerInternal)
                  000029ec    00000148                : usbdenum.obj (.text:USBDCDInit)
                  00002b34    00000004     rtsv7M4_T_le_v4SPD16_eabi.lib : exit.c.obj (.text:abort:abort)
                  00002b38    00000148     sysbios.aem4f : BIOS.obj (.text:ti_sysbios_family_arm_m3_Hwi_excMemFault__I)
                  00002c80    00000140     usblib.lib : usbdconfig.obj (.text:USBDeviceConfig)
                  00002dc0    0000013c     rtsv7M4_T_le_v4SPD16_eabi.lib : _printfi.c.obj (.text:_pconv_e)
                  00002efc    00000136                                   : fd_div_t2.asm.obj (.text)
                  00003032    00000130     driverlib.lib : gpio.obj (.text:GPIOPadConfigSet)
                  00003162    00000002     usblib.lib : usbdma.obj (.text:iDMAUSBUnitSizeSet)
                  00003164    00000130     RLS_LED.obj (.text:RLS_LED_Setup)
                  00003294    00000124     rtsv7M4_T_le_v4SPD16_eabi.lib : _printfi.c.obj (.text:fcvt)
                  000033b8    00000118     ti.targets.arm.rtsarm.aem4f : Error.oem4f (.text:xdc_runtime_Error_policyDefault__E)
                  000034d0    00000114     rtsv7M4_T_le_v4SPD16_eabi.lib : fputs.c.obj (.text:fputs)
                  000035e4    00000110                                   : s_scalbn.c.obj (.text:scalbn)
                  000036f4    00000108     RLS_USB.obj (.text:USB_serialRX)
                  000037fc    00000004     empty_min_pem4f.oem4f (.text:ti_sysbios_BIOS_RtsGateProxy_enter__E)
                  00003800    00000108     sysbios.aem4f : BIOS.obj (.text:ti_sysbios_family_arm_lm4_Timer_start__E)
                  00003908    00000100     Boot.aem4f : Boot_sysctl.oem4f (.text:ti_catalog_arm_cortexm4_tiva_ce_Boot_sysCtlClockSetI__I)
                  00003a08    00000100     ti.targets.arm.rtsarm.aem4f : Core-mem.oem4f (.text:xdc_runtime_Core_createObject__I)
                  00003b08    000000fc     rtsv7M4_T_le_v4SPD16_eabi.lib : fd_mul_t2.asm.obj (.text)
                  00003c04    000000f8     ti.targets.arm.rtsarm.aem4f : Startup.oem4f (.text:xdc_runtime_Startup_startMods__I)
                  00003cfc    000000f8     empty_min_pem4f.oem4f (.text:xdc_runtime_System_printfExtend__I)
                  00003df4    000000f4     sysbios.aem4f : m3_Hwi_asm.obj (.text:ti_sysbios_family_arm_m3_Hwi_dispatch__I)
                  00003ee8    000000ea     usblib.lib : usbdma.obj (.text:iDMAUSBTransfer)
                  00003fd2    00000002     rtsv7M4_T_le_v4SPD16_eabi.lib : div0.asm.obj (.text)
                  00003fd4    000000e4     usblib.lib : usbdenum.obj (.text:USBDGetDescriptor)
                  000040b8    000000dc     RLS_USB.obj (.text:USB_Setup)
                  00004194    000000dc     rtsv7M4_T_le_v4SPD16_eabi.lib : setvbuf.c.obj (.text:setvbuf)
                  00004270    000000dc     sysbios.aem4f : BIOS.obj (.text:ti_sysbios_knl_Task_sleep__E)
                  0000434c    000000d8     usblib.lib : usbdenum.obj (.text:USBDeviceEnumHandler)
                  00004424    000000d8     RLS_USB.obj (.text:cdc_RX_Handler)
                  000044fc    000000d4     usblib.lib : usbdcdc.obj (.text:HandleRequests)
                  000045d0    000000d4     sysbios.aem4f : BIOS.obj (.text:ti_sysbios_heaps_HeapMem_alloc__E)
                  000046a4    00000004     empty_min_pem4f.oem4f (.text:ti_sysbios_BIOS_RtsGateProxy_leave__E)
                  000046a8    000000cc     sysbios.aem4f : BIOS.obj (.text:ti_sysbios_knl_Task_Instance_init__E)
                  00004774    000000cc     ti.targets.arm.rtsarm.aem4f : Core-smem.oem4f (.text:xdc_runtime_Core_constructObject__I)
                  00004840    000000c0     usblib.lib : usbdma.obj (.text:uDMAUSBChannelAllocate)
                  00004900    000000bc     sysbios.aem4f : BIOS.obj (.text:ti_sysbios_family_arm_m3_Hwi_excDebugMon__I)
                  000049bc    00000004                   : BIOS.obj (.text:ti_sysbios_family_arm_lm4_Timer_masterEnable__I)
                  000049c0    000000bc                   : BIOS.obj (.text:ti_sysbios_family_arm_m3_Hwi_excHardFault__I)
                  00004a7c    00000004     empty_min_pem4f.oem4f (.text:ti_sysbios_family_arm_m3_TaskSupport_Module__startupDone__S)
                  00004a80    000000bc     sysbios.aem4f : BIOS.obj (.text:ti_sysbios_knl_Task_Instance_finalize__E)
                  00004b3c    000000ba     usblib.lib : usbdma.obj (.text:uDMAUSBTransfer)
                  00004bf6    00000002     empty_min_pem4f.oem4f (.text:ti_sysbios_BIOS_nullFunc__I)
                  00004bf8    000000b1     rtsv7M4_T_le_v4SPD16_eabi.lib : _printfi.c.obj (.text:_ltostr)
                  00004ca9    00000001     --HOLE-- [fill = 0]
                  00004caa    00000006     driverlib.lib : gpio.obj (.text:GPIOIntClear)
                  00004cb0    000000ac     sysbios.aem4f : BIOS.obj (.text:ti_sysbios_family_arm_lm4_Timer_enableTiva__I)
                  00004d5c    000000a8     usblib.lib : usbdcdc.obj (.text:HandleDevice)
                  00004e04    000000a0                : usbdcdc.obj (.text:USBDCDCCompositeInit)
                  00004ea4    000000a0     auto_init.aem4f : auto_init.oem4f (.text)
                  00004f44    000000a0     ti.targets.arm.rtsarm.aem4f : Text.oem4f (.text:xdc_runtime_Text_putMod__E)
                  00004fe4    0000009c     rtsv7M4_T_le_v4SPD16_eabi.lib : memcpy_t2.asm.obj (.text)
                  00005080    0000009a     ti.targets.arm.rtsarm.aem4f : Text.oem4f (.text:xdc_runtime_Text_putSite__E)
                  0000511a    00000002     usblib.lib : usbdma.obj (.text:uDMAUSBChannelIntDisable)
                  0000511c    00000098                : usbdenum.obj (.text:USBDSetInterface)
                  000051b4    00000098     Boot.aem4f : Boot.oem4f (.text:ti_catalog_arm_cortexm4_tiva_ce_Boot_sysCtlClockSet__E)
                  0000524c    00000096     usblib.lib : usbdcdc.obj (.text:CDCTickHandler)
                  000052e2    00000096     rtsv7M4_T_le_v4SPD16_eabi.lib : ull_div_t2.asm.obj (.text)
                  00005378    00000094     sysbios.aem4f : BIOS.obj (.text:ti_sysbios_family_arm_m3_Hwi_Instance_init__E)
                  0000540c    00000004     empty_min_pem4f.oem4f (.text:ti_sysbios_hal_Hwi_HwiProxy_delete)
                  00005410    00000094     sysbios.aem4f : BIOS.obj (.text:ti_sysbios_family_arm_m3_Hwi_initNVIC__E)
                  000054a4    00000004     empty_min_pem4f.oem4f (.text:ti_sysbios_heaps_HeapMem_Module_GateProxy_enter__E)
                  000054a8    00000094     sysbios.aem4f : BIOS.obj (.text:ti_sysbios_knl_Task_postInit__I)
                  0000553c    00000092     usblib.lib : usbdcdc.obj (.text:SendSerialState)
                  000055ce    00000090                : usbdcdc.obj (.text:USBDCDCPacketRead)
                  0000565e    00000002                : usbdma.obj (.text:uDMAUSBChannelIntEnable)
                  00005660    0000008c     drivers_tivaware.aem4f : GPIOTiva.oem4f (.text:GPIO_init)
                  000056ec    0000008c     usblib.lib : usbdenum.obj (.text:USBDSetConfiguration)
                  00005778    0000008c                : usbdconfig.obj (.text:USBDeviceConfigAlternate)
                  00005804    0000008c     rtsv7M4_T_le_v4SPD16_eabi.lib : fputc.c.obj (.text:fputc)
                  00005890    0000008c     sysbios.aem4f : m3_TaskSupport_asm.obj (.text:ti_sysbios_family_arm_m3_TaskSupport_buildTaskStack)
                  0000591c    00000086     rtsv7M4_T_le_v4SPD16_eabi.lib : fd_cmp_t2.asm.obj (.text:__aeabi_cdcmple)
                  000059a2    00000086                                   : fd_cmp_t2.asm.obj (.text:__aeabi_cdrcmple)
                  00005a28    00000084     RLS_USB.obj (.text:cdc_TX_Handler)
                  00005aac    00000084     usblib.lib : usbdma.obj (.text:iDMAUSBChannelAllocate)
                  00005b30    00000084     sysbios.aem4f : BIOS.obj (.text:ti_sysbios_family_arm_m3_Hwi_postInit__I)
                  00005bb4    00000084     driverlib.lib : udma.obj (.text:uDMAChannelTransferSet)
                  00005c38    00000080     RLS_Main.obj (.text:main)
                  00005cb8    0000007c     usblib.lib : usbdenum.obj (.text:USBDClearFeature)
                  00005d34    0000007c     RLS_USB.obj (.text:USB_WaitConnect)
                  00005db0    0000007c     sysbios.aem4f : BIOS.obj (.text:ti_sysbios_heaps_HeapMem_free__E)
                  00005e2c    0000007a     driverlib.lib : usb.obj (.text:USBDevEndpointConfigSet)
                  00005ea6    0000007a     rtsv7M4_T_le_v4SPD16_eabi.lib : memset_t2.asm.obj (.text)
                  00005f20    00000074     usblib.lib : usbdenum.obj (.text:USBDGetStatus)
                  00005f94    00000074     rtsv7M4_T_le_v4SPD16_eabi.lib : fclose.c.obj (.text:__TI_closefile)
                  00006008    00000072     usblib.lib : usbdcdc.obj (.text:ProcessDataFromHost)
                  0000607a    00000072                : usbdma.obj (.text:uDMAUSBArbSizeSet)
                  000060ec    00000070                : usbdenum.obj (.text:USBDEP0StateTx)
                  0000615c    00000004     empty_min_pem4f.oem4f (.text:ti_sysbios_heaps_HeapMem_Module_GateProxy_leave__E)
                  00006160    00000070     sysbios.aem4f : BIOS.obj (.text:ti_sysbios_knl_Clock_workFunc__E)
                  000061d0    00000070                   : BIOS.obj (.text:ti_sysbios_knl_Task_exit__E)
                  00006240    00000070     usblib.lib : usbdma.obj (.text:uDMAUSBUnitSizeSet)
                  000062b0    0000006e     rtsv7M4_T_le_v4SPD16_eabi.lib : _printfi.c.obj (.text:_mcpy)
                  0000631e    00000002     empty_min_pem4f.oem4f (.text:xdc_runtime_Startup_reset__I)
                  00006320    0000006d     ti.targets.arm.rtsarm.aem4f : System.oem4f (.text:xdc_runtime_System_formatNum__I)
                  0000638d    00000003     --HOLE-- [fill = 0]
                  00006390    0000006c     rtsv7M4_T_le_v4SPD16_eabi.lib : hostrename.c.obj (.text:HOSTrename)
                  000063fc    0000006c     empty_min_pem4f.oem4f (.text:ti_sysbios_family_arm_m3_Hwi_Object__create__S)
                  00006468    0000006c     sysbios.aem4f : BIOS.obj (.text:ti_sysbios_knl_Swi_restoreHwi__E)
                  000064d4    0000006c     ti.targets.arm.rtsarm.aem4f : Error.oem4f (.text:xdc_runtime_Error_print__E)
                  00006540    0000006c                                 : Memory.oem4f (.text:xdc_runtime_Memory_alloc__E)
                  000065ac    00000068     rtsv7M4_T_le_v4SPD16_eabi.lib : hostlseek.c.obj (.text:HOSTlseek)
                  00006614    00000068     driverlib.lib : interrupt.obj (.text:IntDisable)
                  0000667c    00000068                   : interrupt.obj (.text:IntEnable)
                  000066e4    00000068     usblib.lib : usbdenum.obj (.text:USBDSetFeature)
                  0000674c    00000068     rtsv7M4_T_le_v4SPD16_eabi.lib : copy_decompress_lzss.c.obj (.text:decompress:lzss:__TI_decompress_lzss)
                  000067b4    00000068                                   : printf.c.obj (.text:printf)
                  0000681c    00000066     ti.targets.arm.rtsarm.aem4f : Core-mem.oem4f (.text:xdc_runtime_Core_deleteObject__I)
                  00006882    00000002     --HOLE-- [fill = 0]
                  00006884    00000064     drivers_tivaware.aem4f : GPIOTiva.oem4f (.text:GPIO_hwiIntFxn)
                  000068e8    00000064     driverlib.lib : interrupt.obj (.text:IntIsEnabled)
                  0000694c    00000064     rtsv7M4_T_le_v4SPD16_eabi.lib : s_frexp.c.obj (.text:frexp)
                  000069b0    00000064                                   : fseek.c.obj (.text:fseek)
                  00006a14    00000004     empty_min_pem4f.oem4f (.text:ti_sysbios_knl_Clock_TimerProxy_getMaxTicks__E)
                  00006a18    00000064     sysbios.aem4f : BIOS.obj (.text:ti_sysbios_family_arm_lm4_Timer_Module_startup__E)
                  00006a7c    00000064     empty_min_pem4f.oem4f (.text:ti_sysbios_family_arm_m3_Hwi_create)
                  00006ae0    00000064     sysbios.aem4f : BIOS.obj (.text:ti_sysbios_family_arm_m3_Hwi_dispatchC__I)
                  00006b44    00000064     empty_min_pem4f.oem4f (.text:ti_sysbios_hal_Hwi_create)
                  00006ba8    00000064     sysbios.aem4f : BIOS.obj (.text:ti_sysbios_knl_Semaphore_post__E)
                  00006c0c    00000064     usblib.lib : usbdma.obj (.text:uDMAUSBChannelEnable)
                  00006c70    00000062     rtsv7M4_T_le_v4SPD16_eabi.lib : _io_perm.c.obj (.text:__TI_wrt_ok)
                  00006cd2    00000002     --HOLE-- [fill = 0]
                  00006cd4    00000060                                   : hostopen.c.obj (.text:HOSTopen)
                  00006d34    00000060     usblib.lib : usbdenum.obj (.text:USBDReadAndDispatchRequest)
                  00006d94    0000005e                : usbdcdc.obj (.text:ProcessDataToHost)
                  00006df2    0000005e     driverlib.lib : usb.obj (.text:USBDevEndpointStatusClear)
                  00006e50    0000005c     usblib.lib : usbdcdc.obj (.text:USBDCDCInit)
                  00006eac    0000005c     rtsv7M4_T_le_v4SPD16_eabi.lib : close.c.obj (.text:close)
                  00006f08    0000005c     sysbios.aem4f : BIOS.obj (.text:ti_sysbios_knl_Swi_run__I)
                  00006f64    00000004     empty_min_pem4f.oem4f (.text:ti_sysbios_knl_Queue_destruct)
                  00006f68    0000005c     sysbios.aem4f : BIOS.obj (.text:ti_sysbios_knl_Swi_schedule__I)
                  00006fc4    00000004     empty_min_pem4f.oem4f (.text:ti_sysbios_knl_Semaphore_destruct)
                  00006fc8    0000005c     sysbios.aem4f : BIOS.obj (.text:ti_sysbios_knl_Task_Module_startup__E)
                  00007024    00000004     ti.targets.arm.rtsarm.aem4f : Error.oem4f (.text:xdc_runtime_Error_getSite__E)
                  00007028    0000005c     sysbios.aem4f : BIOS.obj (.text:ti_sysbios_knl_Task_startCore__E)
                  00007084    0000005b     ti.targets.arm.rtsarm.aem4f : Text.oem4f (.text:xdc_runtime_Text_putLab__E)
                  000070df    00000001     --HOLE-- [fill = 0]
                  000070e0    00000058     boot.aem4f : boot.oem4f (.text)
                  00007138    00000058     rtsv7M4_T_le_v4SPD16_eabi.lib : hostread.c.obj (.text:HOSTread)
                  00007190    00000058                                   : hostwrite.c.obj (.text:HOSTwrite)
                  000071e8    00000058     sysbios.aem4f : m3_Hwi_asm_switch.obj (.text:ti_sysbios_family_arm_m3_Hwi_initStacks__E)
                  00007240    00000056     driverlib.lib : gpio.obj (.text:GPIOIntTypeSet)
                  00007296    00000056     rtsv7M4_T_le_v4SPD16_eabi.lib : _printfi.c.obj (.text:_pconv_f)
                  000072ec    00000056     usblib.lib : usbdma.obj (.text:uDMAUSBChannelRelease)
                  00007342    00000054     rtsv7M4_T_le_v4SPD16_eabi.lib : _ltoa.c.obj (.text:__TI_ltoa)
                  00007396    00000002     --HOLE-- [fill = 0]
                  00007398    00000054     sysbios.aem4f : BIOS.obj (.text:ti_sysbios_family_arm_lm4_Timer_initDevice__I)
                  000073ec    00000054     empty_min_pem4f.oem4f (.text:ti_sysbios_knl_Task_construct)
                  00007440    00000054     ti.targets.arm.rtsarm.aem4f : Assert.oem4f (.text:xdc_runtime_Assert_raise__I)
                  00007494    00000052     usblib.lib : usbulpi.obj (.text:ULPIConfigSet)
                  000074e6    00000052     rtsv7M4_T_le_v4SPD16_eabi.lib : _printfi.c.obj (.text:_ecpy)
                  00007538    00000050     drivers_tivaware.aem4f : GPIOTiva.oem4f (.text:GPIO_setCallback)
                  00007588    00000050     driverlib.lib : sysctl.obj (.text:SysCtlPeripheralReset)
                  000075d8    00000050     usblib.lib : usbdcdesc.obj (.text:USBDCDConfigDescGet)
                  00007628    00000050                : usbdenum.obj (.text:USBDeviceResumeTickHandler)
                  00007678    00000050     sysbios.aem4f : BIOS.obj (.text:ti_sysbios_family_arm_m3_Hwi_Module_startup__E)
                  000076c8    00000050     ti.targets.arm.rtsarm.aem4f : Startup.oem4f (.text:xdc_runtime_Startup_exec__E)
                  00007718    00000050                                 : Text.oem4f (.text:xdc_runtime_Text_visitRope2__I)
                  00007768    0000004e     driverlib.lib : usb.obj (.text:USBDevEndpointStallClear)
                  000077b6    0000004c     usblib.lib : usbdcdesc.obj (.text:ConfigAlternateInterfaceGet)
                  00007802    0000004c                : usbdconfig.obj (.text:GetEPDescriptorType)
                  0000784e    0000004c                : usbdcdc.obj (.text:HandleEndpoints)
                  0000789a    0000004c     driverlib.lib : usb.obj (.text:USBEndpointDMAConfigSet)
                  000078e6    0000004c     rtsv7M4_T_le_v4SPD16_eabi.lib : fflush.c.obj (.text:__TI_doflush)
                  00007932    00000002     --HOLE-- [fill = 0]
                  00007934    0000004c                                   : atoi.c.obj (.text:atoi)
                  00007980    0000004c                                   : cpy_tbl.c.obj (.text:copy_in)
                  000079cc    00000004     empty_min_pem4f.oem4f (.text:xdc_runtime_System_Module_GateProxy_enter__E)
                  000079d0    0000004c     sysbios.aem4f : BIOS.obj (.text:ti_sysbios_heaps_HeapMem_getStats__E)
                  00007a1c    00000004     empty_min_pem4f.oem4f (.text:xdc_runtime_System_Module_GateProxy_leave__E)
                  00007a20    0000004c     sysbios.aem4f : BIOS.obj (.text:ti_sysbios_knl_Swi_runLoop__I)
                  00007a6c    00000004     ti.targets.arm.rtsarm.aem4f : System.oem4f (.text:xdc_runtime_System_aprintf_va__F)
                  00007a70    0000004c     sysbios.aem4f : BIOS.obj (.text:ti_sysbios_knl_Task_allBlockedFunction__I)
                  00007abc    00000004     ti.targets.arm.rtsarm.aem4f : System.oem4f (.text:xdc_runtime_System_printf_va__F)
                  00007ac0    0000004c     sysbios.aem4f : BIOS.obj (.text:ti_sysbios_knl_Task_schedule__I)
                  00007b0c    0000004a     usblib.lib : usbdma.obj (.text:iDMAUSBChannelEnable)
                  00007b56    0000004a                : usbdma.obj (.text:uDMAUSBChannelDisable)
                  00007ba0    00000048     EK_TM4C123GXL.obj (.text:EK_TM4C123GXL_initUSB)
                  00007be8    00000048     driverlib.lib : gpio.obj (.text:GPIOPinConfigure)
                  00007c30    00000048     usblib.lib : usbdcdc.obj (.text:HandleEP0Data)
                  00007c78    00000048                : usbdenum.obj (.text:USBDStringIndexFromRequest)
                  00007cc0    00000048                : usbdenum.obj (.text:USBDeviceEnumResetHandler)
                  00007d08    00000048     rtsv7M4_T_le_v4SPD16_eabi.lib : exit.c.obj (.text:exit)
                  00007d50    00000048                                   : fd_toi_t2.asm.obj (.text)
                  00007d98    00000048     sysbios.aem4f : BIOS.obj (.text:ti_sysbios_family_arm_lm4_Timer_enableTimers__I)
                  00007de0    00000048                   : BIOS.obj (.text:ti_sysbios_family_arm_m3_Hwi_disableInterrupt__E)
                  00007e28    00000048                   : BIOS.obj (.text:ti_sysbios_family_arm_m3_Hwi_enableInterrupt__E)
                  00007e70    00000048                   : BIOS.obj (.text:ti_sysbios_family_arm_m3_Hwi_excReserved__I)
                  00007eb8    00000048     driverlib.lib : udma.obj (.text:uDMAChannelAttributeDisable)
                  00007f00    00000046     ti.targets.arm.rtsarm.aem4f : Core-params.oem4f (.text:xdc_runtime_Core_assignParams__I)
                  00007f46    00000002     --HOLE-- [fill = 0]
                  00007f48    00000044     rtsv7M4_T_le_v4SPD16_eabi.lib : hostclose.c.obj (.text:HOSTclose)
                  00007f8c    00000044                                   : hostunlink.c.obj (.text:HOSTunlink)
                  00007fd0    00000044     usblib.lib : usbdenum.obj (.text:USBDCDDeviceInfoInit)
                  00008014    00000044                : usbdenum.obj (.text:USBDGetInterface)
                  00008058    00000044     driverlib.lib : usb.obj (.text:USBEndpointDataGet)
                  0000809c    00000044     rtsv7M4_T_le_v4SPD16_eabi.lib : getdevice.c.obj (.text:getdevice)
                  000080e0    00000044     sysbios.aem4f : BIOS.obj (.text:ti_sysbios_family_arm_lm4_Timer_isrStub__E)
                  00008124    00000004     --HOLE-- [fill = 0]
                  00008128    00000044                   : BIOS.obj (.text:ti_sysbios_family_arm_m3_Hwi_getStackInfo__E)
                  0000816c    00000004     --HOLE-- [fill = 0]
                  00008170    00000044                   : BIOS.obj (.text:ti_sysbios_knl_Swi_post__E)
                  000081b4    00000044     ti.targets.arm.rtsarm.aem4f : Error.oem4f (.text:xdc_runtime_Error_setX__E)
                  000081f8    00000044                                 : SysMin.oem4f (.text:xdc_runtime_SysMin_flush__E)
                  0000823c    00000044                                 : Text.oem4f (.text:xdc_runtime_Text_xprintf__I)
                  00008280    00000040     EK_TM4C123GXL.obj (.text:EK_TM4C123GXL_initGeneral)
                  000082c0    00000040     rtsv7M4_T_le_v4SPD16_eabi.lib : u_divt2.asm.obj (.text)
                  00008300    00000040     sysbios.aem4f : BIOS.obj (.text:ti_sysbios_family_arm_lm4_Timer_startup__E)
                  00008340    00000040                   : BIOS.obj (.text:ti_sysbios_heaps_HeapMem_Instance_init__E)
                  00008380    0000003e     rtsv7M4_T_le_v4SPD16_eabi.lib : _printfi.c.obj (.text:_fcpy)
                  000083be    0000003c     usblib.lib : usbdma.obj (.text:iDMAUSBChannelRelease)
                  000083fa    00000006     driverlib.lib : gpio.obj (.text:GPIOPinRead)
                  00008400    0000003c     sysbios.aem4f : BIOS.obj (.text:ti_sysbios_family_arm_m3_Hwi_excSvCall__I)
                  0000843c    00000004     --HOLE-- [fill = 0]
                  00008440    0000003c                   : BIOS.obj (.text:ti_sysbios_heaps_HeapMem_init__I)
                  0000847c    00000004     --HOLE-- [fill = 0]
                  00008480    0000003c                   : BIOS.obj (.text:ti_sysbios_knl_Swi_restore__E)
                  000084bc    0000003a     usblib.lib : usbdcdesc.obj (.text:USBDCDConfigGetInterfaceEndpoint)
                  000084f6    0000003a     driverlib.lib : usb.obj (.text:USBFIFOConfigSet)
                  00008530    00000038     usblib.lib : usbtick.obj (.text:InternalUSBRegisterTickHandler)
                  00008568    00000038                : usbdcdc.obj (.text:SendBreak)
                  000085a0    00000038     driverlib.lib : sysctl.obj (.text:SysCtlPeripheralReady)
                  000085d8    00000038                   : usb.obj (.text:USBIntStatusControl)
                  00008610    00000038     rtsv7M4_T_le_v4SPD16_eabi.lib : trgmsg.c.obj (.text:__TI_writemsg)
                  00008648    00000038     sysbios.aem4f : BIOS.obj (.text:ti_sysbios_family_arm_m3_Hwi_excNoIsr__I)
                  00008680    00000038                   : BIOS.obj (.text:ti_sysbios_knl_Task_processVitalTaskFlag__I)
                  000086b8    00000038     ti.targets.arm.rtsarm.aem4f : SysMin.oem4f (.text:xdc_runtime_SysMin_putch__E)
                  000086f0    00000038                                 : System.oem4f (.text:xdc_runtime_System_atexit__E)
                  00008728    00000036     rtsv7M4_T_le_v4SPD16_eabi.lib : strncpy.c.obj (.text:strncpy)
                  0000875e    00000002     --HOLE-- [fill = 0]
                  00008760    00000034     usblib.lib : usbtick.obj (.text:InternalUSBStartOfFrameTick)
                  00008794    00000034     driverlib.lib : sysctl.obj (.text:SysCtlPeripheralEnable)
                  000087c8    00000034     rtsv7M4_T_le_v4SPD16_eabi.lib : fopen.c.obj (.text:__TI_cleanup)
                  000087fc    00000034                                   : trgmsg.c.obj (.text:__TI_readmsg)
                  00008830    00000034     usblib.lib : usbdma.obj (.text:iDMAUSBChannelStatus)
                  00008864    00000004     --HOLE-- [fill = 0]
                  00008868    00000034     sysbios.aem4f : BIOS.obj (.text:ti_sysbios_family_arm_m3_Hwi_Instance_finalize__E)
                  0000889c    00000004     --HOLE-- [fill = 0]
                  000088a0    00000034                   : BIOS.obj (.text:ti_sysbios_family_arm_m3_Hwi_excNmi__I)
                  000088d4    00000034     empty_min_pem4f.oem4f (.text:ti_sysbios_knl_Semaphore_create)
                  00008908    00000034     ti.targets.arm.rtsarm.aem4f : Core-label.oem4f (.text:xdc_runtime_Core_assignLabel__I)
                  0000893c    00000033                                 : Text.oem4f (.text:xdc_runtime_Text_printVisFxn__I)
                  0000896f    00000001     --HOLE-- [fill = 0]
                  00008970    00000032     usblib.lib : usbdcdc.obj (.text:HandleConfigChange)
                  000089a2    00000032                : usbdcdesc.obj (.text:NextConfigDescGet)
                  000089d4    00000032                : usbdcdc.obj (.text:ProcessNotificationToHost)
                  00008a06    00000032     driverlib.lib : usb.obj (.text:USBDevEndpointStall)
                  00008a38    00000032     usblib.lib : usbdma.obj (.text:iDMAUSBChannelDisable)
                  00008a6a    00000006     driverlib.lib : gpio.obj (.text:GPIOPinWrite)
                  00008a70    00000032     sysbios.aem4f : BIOS.obj (.text:ti_sysbios_hal_Hwi_initStack)
                  00008aa2    00000030     usblib.lib : usbdma.obj (.text:DMAUSBIntHandler)
                  00008ad2    00000002     --HOLE-- [fill = 0]
                  00008ad4    00000030     EK_TM4C123GXL.obj (.text:EK_TM4C123GXL_initGPIO)
                  00008b04    00000030     usblib.lib : usbtick.obj (.text:InternalUSBTickInit)
                  00008b34    00000030                : usbdenum.obj (.text:USBDGetConfiguration)
                  00008b64    00000030     driverlib.lib : usb.obj (.text:USBEndpointDataPut)
                  00008b94    00000030     rtsv7M4_T_le_v4SPD16_eabi.lib : getdevice.c.obj (.text:finddevice)
                  00008bc4    00000030     empty_min_pem4f.oem4f (.text:ti_sysbios_BIOS_atExitFunc__I)
                  00008bf4    00000004     --HOLE-- [fill = 0]
                  00008bf8    00000030     sysbios.aem4f : BIOS.obj (.text:ti_sysbios_family_arm_lm4_Timer_stop__E)
                  00008c28    00000030                   : BIOS.obj (.text:ti_sysbios_family_arm_m3_TaskSupport_start__E)
                  00008c58    00000030     empty_min_pem4f.oem4f (.text:ti_sysbios_gates_GateHwi_Object__create__S)
                  00008c88    00000030     empty_min_pem4f.oem4f (.text:ti_sysbios_gates_GateMutex_Object__create__S)
                  00008cb8    00000030     empty_min_pem4f.oem4f (.text:ti_sysbios_gates_GateMutex_create)
                  00008ce8    00000030     sysbios.aem4f : BIOS.obj (.text:ti_sysbios_gates_GateMutex_enter__E)
                  00008d18    00000030     empty_min_pem4f.oem4f (.text:ti_sysbios_heaps_HeapMem_Object__create__S)
                  00008d48    00000030     empty_min_pem4f.oem4f (.text:ti_sysbios_knl_Semaphore_construct)
                  00008d78    00000030     sysbios.aem4f : BIOS.obj (.text:ti_sysbios_knl_Semaphore_pendTimeout__I)
                  00008da8    00000030                   : BIOS.obj (.text:ti_sysbios_knl_Task_unblockI__E)
                  00008dd8    00000030     ti.targets.arm.rtsarm.aem4f : SysMin.oem4f (.text:xdc_runtime_SysMin_abort__E)
                  00008e08    00000030                                 : System.oem4f (.text:xdc_runtime_System_processAtExit__E)
                  00008e38    0000002e     usblib.lib : usbdcdc.obj (.text:USBDCDCRxPacketAvailable)
                  00008e66    0000002e     driverlib.lib : usb.obj (.text:USBEndpointDataSend)
                  00008e94    0000002e     empty_min_pem4f.oem4f (.text:malloc)
                  00008ec2    0000002e     rtsv7M4_T_le_v4SPD16_eabi.lib : i_tofd_t2.asm.obj (.text)
                  00008ef0    0000002c     usblib.lib : usbdesc.obj (.text:USBDescGet)
                  00008f1c    0000002c     empty_min_pem4f.oem4f (.text:ti_sysbios_knl_Clock_doTick__I)
                  00008f48    0000002c     empty_min_pem4f.oem4f (.text:ti_sysbios_knl_Queue_construct)
                  00008f74    00000004     --HOLE-- [fill = 0]
                  00008f78    0000002c     sysbios.aem4f : BIOS.obj (.text:ti_sysbios_knl_Task_restore__E)
                  00008fa4    0000002c     usblib.lib : usbdma.obj (.text:uDMAUSBIntStatus)
                  00008fd0    0000002c     rtsv7M4_T_le_v4SPD16_eabi.lib : unlink.c.obj (.text:unlink)
                  00008ffc    0000002c     ti.targets.arm.rtsarm.aem4f : Text.oem4f (.text:xdc_runtime_Text_cordText__E)
                  00009028    0000002a     driverlib.lib : gpio.obj (.text:GPIODirModeSet)
                  00009052    0000002a     usblib.lib : usbdcdesc.obj (.text:USBDCDConfigDescGetNum)
                  0000907c    0000002a     ti.targets.arm.rtsarm.aem4f : System.oem4f (.text:xdc_runtime_System_putchar__I)
                  000090a6    00000002     --HOLE-- [fill = 0]
                  000090a8    00000028     usblib.lib : usbdenum.obj (.text:USBDSetAddress)
                  000090d0    00000028                : usbdesc.obj (.text:USBDescGetNum)
                  000090f8    00000028     driverlib.lib : usb.obj (.text:USBIntEnableControl)
                  00009120    00000028     rtsv7M4_T_le_v4SPD16_eabi.lib : lseek.c.obj (.text:lseek)
                  00009148    00000028     sysbios.aem4f : BIOS.obj (.text:ti_sysbios_hal_Hwi_Instance_init__E)
                  00009170    00000028                   : BIOS.obj (.text:ti_sysbios_knl_Swi_Module_startup__E)
                  00009198    00000028     driverlib.lib : udma.obj (.text:uDMAChannelModeGet)
                  000091c0    00000028     rtsv7M4_T_le_v4SPD16_eabi.lib : write.c.obj (.text:write)
                  000091e8    00000026     sysbios.aem4f : m3_Hwi_asm.obj (.text:ti_sysbios_family_arm_m3_Hwi_pendSV__I)
                  0000920e    00000026     ti.targets.arm.rtsarm.aem4f : System.oem4f (.text:xdc_runtime_System_avprintf__E)
                  00009234    00000024     usblib.lib : usbdcdc.obj (.text:SendLineStateChange)
                  00009258    00000024     driverlib.lib : usb.obj (.text:USBDevEndpointDataAck)
                  0000927c    00000024                   : usb.obj (.text:USBEndpointDMADisable)
                  000092a0    00000024                   : usb.obj (.text:USBEndpointDMAEnable)
                  000092c4    00000024     empty_min_pem4f.oem4f (.text:ti_sysbios_BIOS_errorRaiseHook__I)
                  000092e8    00000024     empty_min_pem4f.oem4f (.text:ti_sysbios_BIOS_registerRTSLock__I)
                  0000930c    00000024     empty_min_pem4f.oem4f (.text:ti_sysbios_BIOS_removeRTSLock__I)
                  00009330    00000024     empty_min_pem4f.oem4f (.text:ti_sysbios_BIOS_startFunc__I)
                  00009354    00000024     empty_min_pem4f.oem4f (.text:ti_sysbios_gates_GateMutex_Object__delete__S)
                  00009378    00000024     sysbios.aem4f : BIOS.obj (.text:ti_sysbios_knl_Clock_Module_startup__E)
                  0000939c    00000004     --HOLE-- [fill = 0]
                  000093a0    00000024                   : BIOS.obj (.text:ti_sysbios_knl_Semaphore_Instance_init__E)
                  000093c4    00000004     --HOLE-- [fill = 0]
                  000093c8    00000024                   : BIOS.obj (.text:ti_sysbios_knl_Task_restoreHwi__E)
                  000093ec    00000024     driverlib.lib : udma.obj (.text:uDMAChannelControlSet)
                  00009410    00000024     ti.targets.arm.rtsarm.aem4f : System.oem4f (.text:xdc_runtime_System_vprintf__E)
                  00009434    00000022     usblib.lib : usbdcdc.obj (.text:HandleDisconnect)
                  00009456    00000022     driverlib.lib : pwm.obj (.text:PWMGenConfigure)
                  00009478    00000022     usblib.lib : usbdcdc.obj (.text:SendLineCodingChange)
                  0000949a    00000006     driverlib.lib : usb.obj (.text:USBDMAChannelIntStatus)
                  000094a0    00000022     sysbios.aem4f : BIOS.obj (.text:ti_sysbios_family_arm_lm4_Timer_write__I)
                  000094c2    00000022     usblib.lib : usbdma.obj (.text:uDMAUSBChannelStatus)
                  000094e4    00000022     empty_min_pem4f.oem4f (.text:xdc_runtime_SysMin_output__I)
                  00009506    00000020     usblib.lib : usbdconfig.obj (.text:GetEndpointFIFOSize)
                  00009526    00000002     --HOLE-- [fill = 0]
                  00009528    00000020                : usbmode.obj (.text:USBStackModeSet)
                  00009548    00000020     rtsv7M4_T_le_v4SPD16_eabi.lib : memchr.c.obj (.text:memchr)
                  00009568    00000020     empty_min_pem4f.oem4f (.text:ti_sysbios_BIOS_rtsLock__I)
                  00009588    00000020     empty_min_pem4f.oem4f (.text:ti_sysbios_family_arm_m3_Hwi_Object__delete__S)
                  000095a8    00000020     sysbios.aem4f : m3_Hwi_asm.obj (.text:ti_sysbios_family_arm_m3_Hwi_excHandlerAsm__I)
                  000095c8    00000020                   : BIOS.obj (.text:ti_sysbios_family_arm_m3_Hwi_excHandler__I)
                  000095e8    00000020     empty_min_pem4f.oem4f (.text:ti_sysbios_gates_GateHwi_Object__delete__S)
                  00009608    00000020     empty_min_pem4f.oem4f (.text:ti_sysbios_heaps_HeapMem_Object__delete__S)
                  00009628    00000020     sysbios.aem4f : BIOS.obj (.text:ti_sysbios_knl_Idle_run__E)
                  00009648    00000020     empty_min_pem4f.oem4f (.text:ti_sysbios_knl_Semaphore_Object__destruct__S)
                  00009668    00000020     ti.targets.arm.rtsarm.aem4f : Registry.oem4f (.text:xdc_runtime_Registry_findById__E)
                  00009688    00000020                                 : SysMin.oem4f (.text:xdc_runtime_SysMin_Module_startup__E)
                  000096a8    0000001e     usblib.lib : usbdcdc.obj (.text:CheckAndSendBreak)
                  000096c6    0000001e     driverlib.lib : pwm.obj (.text:PWMPulseWidthSet)
                  000096e4    0000001e                   : usb.obj (.text:USBULPIRegRead)
                  00009702    0000001e                   : usb.obj (.text:USBULPIRegWrite)
                  00009720    0000001e     sysbios.aem4f : m3_Hwi_asm_switch.obj (.text:ti_sysbios_family_xxx_Hwi_switchAndRunFunc)
                  0000973e    0000001c     usblib.lib : usbdcdesc.obj (.text:USBDCDConfigGetInterface)
                  0000975a    00000002     --HOLE-- [fill = 0]
                  0000975c    0000001c                : usbdenum.obj (.text:USBDCDStallEP0)
                  00009778    0000001c     driverlib.lib : usb.obj (.text:USBEndpointDataAvail)
                  00009794    0000001c     drivers_tivaware.aem4f : GPIOTiva.oem4f (.text:getGpioIntIndex)
                  000097b0    0000001c     rtsv7M4_T_le_v4SPD16_eabi.lib : memccpy.c.obj (.text:memccpy)
                  000097cc    00000004     --HOLE-- [fill = 0]
                  000097d0    0000001c     sysbios.aem4f : BIOS.obj (.text:ti_sysbios_gates_GateMutex_Instance_init__E)
                  000097ec    0000001c     empty_min_pem4f.oem4f (.text:ti_sysbios_hal_Hwi_HwiProxy_create)
                  00009808    0000001c     empty_min_pem4f.oem4f (.text:ti_sysbios_knl_Queue_Object__destruct__S)
                  00009824    00000004     --HOLE-- [fill = 0]
                  00009828    0000001c     sysbios.aem4f : BIOS.obj (.text:ti_sysbios_knl_Queue_put__E)
                  00009844    00000004     --HOLE-- [fill = 0]
                  00009848    0000001c                   : BIOS.obj (.text:ti_sysbios_knl_Task_enter__I)
                  00009864    0000001c     ti.targets.arm.rtsarm.aem4f : Error.oem4f (.text:xdc_runtime_Error_raiseX__E)
                  00009880    0000001c                                 : Memory.oem4f (.text:xdc_runtime_Memory_valloc__E)
                  0000989c    0000001c                                 : SysMin.oem4f (.text:xdc_runtime_SysMin_exit__E)
                  000098b8    0000001c                                 : System.oem4f (.text:xdc_runtime_System_abort__E)
                  000098d4    0000001a     usblib.lib : usbdcdc.obj (.text:DeviceConsumedAllData)
                  000098ee    0000001a     driverlib.lib : usb.obj (.text:USBEndpointDMAChannel)
                  00009908    0000001a     rtsv7M4_T_le_v4SPD16_eabi.lib : s_copysign.c.obj (.text:copysign)
                  00009922    0000001a     empty_min_pem4f.oem4f (.text:free)
                  0000993c    0000001a     empty_min_pem4f.oem4f (.text:ti_sysbios_family_arm_m3_Hwi_Handle__label__S)
                  00009956    0000001a     empty_min_pem4f.oem4f (.text:ti_sysbios_gates_GateHwi_Handle__label__S)
                  00009970    0000001a     empty_min_pem4f.oem4f (.text:ti_sysbios_gates_GateMutex_Handle__label__S)
                  0000998a    0000001a     empty_min_pem4f.oem4f (.text:ti_sysbios_heaps_HeapMem_Handle__label__S)
                  000099a4    0000001a     empty_min_pem4f.oem4f (.text:ti_sysbios_knl_Swi_Handle__label__S)
                  000099be    0000001a     empty_min_pem4f.oem4f (.text:ti_sysbios_knl_Task_Handle__label__S)
                  000099d8    0000001a     empty_min_pem4f.oem4f (.text:xdc_runtime_System_aprintf__E)
                  000099f2    0000001a     empty_min_pem4f.oem4f (.text:xdc_runtime_System_printf__E)
                  00009a0c    00000018     RLS_LED.obj (.text:RLS_Brightness_Update)
                  00009a24    00000018     RLS_LED.obj (.text:RLS_LED_Color_Blue_Update)
                  00009a3c    00000018     RLS_LED.obj (.text:RLS_LED_Color_Red_Update)
                  00009a54    00000018     RLS_LED.obj (.text:RLS_LED_Control)
                  00009a6c    00000018     RLS_LED.obj (.text:RLS_LED_Mode_Update)
                  00009a84    00000018     usblib.lib : usbdcdc.obj (.text:SetDeferredOpFlag)
                  00009a9c    00000018                : usbdhandler.obj (.text:USB0DeviceIntHandler)
                  00009ab4    00000018                : usbdcdesc.obj (.text:USBDCDConfigDescGetSize)
                  00009acc    00000018                : usbdenum.obj (.text:USBDSetDescriptor)
                  00009ae4    00000018                : usbdenum.obj (.text:USBDSyncFrame)
                  00009afc    00000018     rtsv7M4_T_le_v4SPD16_eabi.lib : args_main.c.obj (.text:_args_main)
                  00009b14    00000018     RLS_Main.obj (.text:heartBeatFxn)
                  00009b2c    00000018     rtsv7M4_T_le_v4SPD16_eabi.lib : strcmp.c.obj (.text:strcmp)
                  00009b44    00000018     empty_min_pem4f.oem4f (.text:ti_sysbios_BIOS_rtsUnlock__I)
                  00009b5c    00000018     empty_min_pem4f.oem4f (.text:ti_sysbios_family_arm_lm4_Timer_Module__startupDone__F)
                  00009b74    00000018     empty_min_pem4f.oem4f (.text:ti_sysbios_family_arm_m3_Hwi_Module__startupDone__F)
                  00009b8c    00000018     sysbios.aem4f : m3_TaskSupport_asm.obj (.text:ti_sysbios_family_arm_m3_TaskSupport_swap__E)
                  00009ba4    00000004     --HOLE-- [fill = 0]
                  00009ba8    00000018                   : BIOS.obj (.text:ti_sysbios_gates_GateMutex_leave__E)
                  00009bc0    00000018                   : BIOS.obj (.text:ti_sysbios_knl_Task_sleepTimeout__I)
                  00009bd8    00000018     driverlib.lib : udma.obj (.text:uDMAChannelDisable)
                  00009bf0    00000018                   : udma.obj (.text:uDMAChannelEnable)
                  00009c08    00000018     ti.targets.arm.rtsarm.aem4f : Error.oem4f (.text:xdc_runtime_Error_check__E)
                  00009c20    00000018                                 : System.oem4f (.text:xdc_runtime_System_exit__E)
                  00009c38    00000018                                 : Text.oem4f (.text:xdc_runtime_Text_ropeText__E)
                  00009c50    00000016     usblib.lib : usbdcdc.obj (.text:CheckAndSendLineCodingChange)
                  00009c66    00000016                : usbdcdc.obj (.text:CheckAndSendLineStateChange)
                  00009c7c    00000016     rtsv7M4_T_le_v4SPD16_eabi.lib : strchr.c.obj (.text:strchr)
                  00009c92    00000016     empty_min_pem4f.oem4f (.text:ti_sysbios_BIOS_exitFunc__I)
                  00009ca8    00000016     RLS_USB.obj (.text:ti_sysbios_knl_Semaphore_Params_init)
                  00009cbe    00000016     RLS_Main.obj (.text:ti_sysbios_knl_Task_Params_init)
                  00009cd4    00000014     driverlib.lib : sysctl.obj (.text:SysCtlUSBPLLEnable)
                  00009ce8    00000014     usblib.lib : usbdenum.obj (.text:USBDCDRequestDataEP0)
                  00009cfc    00000014                : usbdenum.obj (.text:USBDCDSendDataEP0)
                  00009d10    00000014     driverlib.lib : usb.obj (.text:USBDMAChannelConfigSet)
                  00009d24    00000014                   : usb.obj (.text:USBHostResume)
                  00009d38    00000014                   : usb.obj (.text:USBIntEnableEndpoint)
                  00009d4c    00000014                   : usb.obj (.text:_USBIndexWrite)
                  00009d60    00000014     rtsv7M4_T_le_v4SPD16_eabi.lib : strcpy.c.obj (.text:strcpy)
                  00009d74    00000014                                   : strlen.c.obj (.text:strlen)
                  00009d88    00000014     empty_min_pem4f.oem4f (.text:ti_sysbios_family_arm_m3_Hwi_Object__get__S)
                  00009d9c    00000004     --HOLE-- [fill = 0]
                  00009da0    00000014     sysbios.aem4f : BIOS.obj (.text:ti_sysbios_family_arm_m3_Hwi_switchFromBootStack__E)
                  00009db4    00000014     empty_min_pem4f.oem4f (.text:ti_sysbios_heaps_HeapMem_Object__get__S)
                  00009dc8    00000014     empty_min_pem4f.oem4f (.text:ti_sysbios_knl_Swi_Object__get__S)
                  00009ddc    00000012     driverlib.lib : gpio.obj (.text:GPIOPinTypeGPIOInput)
                  00009dee    00000012                   : gpio.obj (.text:GPIOPinTypePWM)
                  00009e00    00000012                   : gpio.obj (.text:GPIOPinTypeUSBAnalog)
                  00009e12    00000012     usblib.lib : usbdcdc.obj (.text:HandleResume)
                  00009e24    00000012                : usbdcdc.obj (.text:HandleSuspend)
                  00009e36    00000012     driverlib.lib : pwm.obj (.text:PWMOutputState)
                  00009e48    00000012                   : usb.obj (.text:USBDMAChannelDisable)
                  00009e5a    00000012                   : usb.obj (.text:USBDMAChannelEnable)
                  00009e6c    00000012                   : usb.obj (.text:USBDMAChannelIntDisable)
                  00009e7e    00000012                   : usb.obj (.text:USBDMAChannelIntEnable)
                  00009e90    00000012     sysbios.aem4f : BIOS.obj (.text:ti_sysbios_hal_Hwi_Module_startup__E)
                  00009ea2    00000012     rtsv7M4_T_le_v4SPD16_eabi.lib : wcslen.c.obj (.text:wcslen)
                  00009eb4    00000012     empty_min_pem4f.oem4f (.text:xdc_runtime_Startup_exec__I)
                  00009ec6    00000010     driverlib.lib : pwm.obj (.text:PWMGenPeriodSet)
                  00009ed6    00000010                   : usb.obj (.text:USBEndpointStatus)
                  00009ee6    00000002     --HOLE-- [fill = 0]
                  00009ee8    00000010     sysbios.aem4f : BIOS.obj (.text:ti_sysbios_BIOS_setThreadType__E)
                  00009ef8    00000010                   : BIOS.obj (.text:ti_sysbios_BIOS_start__E)
                  00009f08    00000010                   : m3_TaskSupport_asm.obj (.text:ti_sysbios_family_arm_m3_TaskSupport_glue)
                  00009f18    00000010                   : BIOS.obj (.text:ti_sysbios_gates_GateMutex_Instance_finalize__E)
                  00009f28    00000010     empty_min_pem4f.oem4f (.text:ti_sysbios_hal_Hwi_HwiProxy_Object__create__S)
                  00009f38    00000010     sysbios.aem4f : BIOS.obj (.text:ti_sysbios_knl_Semaphore_Instance_finalize__E)
                  00009f48    00000010                   : BIOS.obj (.text:ti_sysbios_knl_Swi_disable__E)
                  00009f58    00000010                   : BIOS.obj (.text:ti_sysbios_knl_Task_disable__E)
                  00009f68    00000010     ti.targets.arm.rtsarm.aem4f : Gate.oem4f (.text:xdc_runtime_Gate_leaveSystem__E)
                  00009f78    00000010                                 : Memory.oem4f (.text:xdc_runtime_Memory_free__E)
                  00009f88    00000010                                 : SysMin.oem4f (.text:xdc_runtime_SysMin_ready__E)
                  00009f98    00000010                                 : System.oem4f (.text:xdc_runtime_System_vsnprintf__E)
                  00009fa8    00000010     empty_min_pem4f.oem4f (.text:xdc_runtime_Text_visitRope__I)
                  00009fb8    0000000e     usblib.lib : usbdma.obj (.text:DMAUSBIntStatusClear)
                  00009fc6    0000000e     driverlib.lib : gpio.obj (.text:GPIOIntStatus)
                  00009fd4    0000000e                   : usb.obj (.text:USBDMAChannelStatus)
                  00009fe2    0000000e                   : usb.obj (.text:USBDevLPMDisable)
                  00009ff0    0000000e                   : usb.obj (.text:USBDevLPMEnable)
                  00009ffe    0000000e                   : usb.obj (.text:USBULPIDisable)
                  0000a00c    0000000e                   : usb.obj (.text:USBULPIEnable)
                  0000a01a    0000000e     rtsv7M4_T_le_v4SPD16_eabi.lib : copy_decompress_none.c.obj (.text:decompress:none:__TI_decompress_none)
                  0000a028    0000000e     sysbios.aem4f : BIOS.obj (.text:ti_sysbios_knl_Queue_empty__E)
                  0000a036    0000000e     empty_min_pem4f.oem4f (.text:ti_sysbios_knl_Task_Object__get__S)
                  0000a044    0000000c     empty_min_pem4f.oem4f (.text:.bootCodeSection:ti_catalog_arm_cortexm4_tiva_ce_Boot_init__I)
                  0000a050    0000000c     driverlib.lib : pwm.obj (.text:PWMGenEnable)
                  0000a05c    0000000c                   : usb.obj (.text:USBEndpointPacketCountSet)
                  0000a068    0000000c                   : usb.obj (.text:USBLPMIntEnable)
                  0000a074    0000000c     rtsv7M4_T_le_v4SPD16_eabi.lib : _lock.c.obj (.text:_register_lock)
                  0000a080    0000000c                                   : _lock.c.obj (.text:_register_unlock)
                  0000a08c    0000000c                                   : copy_zero_init.c.obj (.text:decompress:ZI:__TI_zero_init)
                  0000a098    0000000c     sysbios.aem4f : BIOS.obj (.text:ti_sysbios_family_arm_lm4_Timer_getMaxTicks__E)
                  0000a0a4    0000000c     empty_min_pem4f.oem4f (.text:ti_sysbios_family_arm_m3_Hwi_Params__init__S)
                  0000a0b0    0000000c     sysbios.aem4f : BIOS.obj (.text:ti_sysbios_family_arm_m3_Hwi_disableFxn__E)
                  0000a0bc    00000004     --HOLE-- [fill = 0]
                  0000a0c0    0000000c                   : BIOS.obj (.text:ti_sysbios_family_arm_m3_TaskSupport_getStackAlignment__E)
                  0000a0cc    00000004     --HOLE-- [fill = 0]
                  0000a0d0    0000000c                   : BIOS.obj (.text:ti_sysbios_gates_GateHwi_enter__E)
                  0000a0dc    0000000c     empty_min_pem4f.oem4f (.text:ti_sysbios_knl_Queue_Object__get__S)
                  0000a0e8    0000000c     empty_min_pem4f.oem4f (.text:ti_sysbios_knl_Semaphore_Params__init__S)
                  0000a0f4    0000000c     empty_min_pem4f.oem4f (.text:ti_sysbios_knl_Task_Params__init__S)
                  0000a100    0000000c     ti.targets.arm.rtsarm.aem4f : Error.oem4f (.text:xdc_runtime_Error_init__E)
                  0000a10c    0000000c                                 : Gate.oem4f (.text:xdc_runtime_Gate_enterSystem__E)
                  0000a118    0000000c                                 : Memory.oem4f (.text:xdc_runtime_Memory_calloc__E)
                  0000a124    0000000c                                 : Memory.oem4f (.text:xdc_runtime_Memory_getMaxDefaultTypeAlign__E)
                  0000a130    0000000a     RLS_USB.obj (.text:USBCDCD_hwiHandler)
                  0000a13a    0000000a     driverlib.lib : usb.obj (.text:USBClockEnable)
                  0000a144    0000000a                   : usb.obj (.text:USBControllerVersion)
                  0000a14e    0000000a                   : usb.obj (.text:USBDMAChannelAddressSet)
                  0000a158    0000000a                   : usb.obj (.text:USBDMAChannelCountSet)
                  0000a162    0000000a                   : usb.obj (.text:USBDevConnect)
                  0000a16c    0000000a                   : usb.obj (.text:USBDevDisconnect)
                  0000a176    0000000a                   : usb.obj (.text:USBIntStatusEndpoint)
                  0000a180    0000000a     sysbios.aem4f : BIOS.obj (.text:ti_sysbios_hal_Hwi_Instance_finalize__E)
                  0000a18a    0000000a     empty_min_pem4f.oem4f (.text:xdc_runtime_IHeap_alloc)
                  0000a194    0000000a     empty_min_pem4f.oem4f (.text:xdc_runtime_IHeap_free)
                  0000a19e    00000008     driverlib.lib : usb.obj (.text:USBDevMode)
                  0000a1a6    00000008                   : usb.obj (.text:USBFIFOAddrGet)
                  0000a1ae    00000008                   : usb.obj (.text:USBOTGMode)
                  0000a1b6    00000002     --HOLE-- [fill = 0]
                  0000a1b8    00000008     rtsv7M4_T_le_v4SPD16_eabi.lib : errno.c.obj (.text:__aeabi_errno_addr)
                  0000a1c0    00000008     usblib.lib : usbdma.obj (.text:iDMAUSBChannelIntDisable)
                  0000a1c8    00000008                : usbdma.obj (.text:iDMAUSBChannelIntEnable)
                  0000a1d0    00000008     sysbios.aem4f : BIOS.obj (.text:ti_sysbios_family_arm_lm4_Timer_masterDisable__I)
                  0000a1d8    00000008                   : BIOS.obj (.text:ti_sysbios_family_arm_m3_Hwi_doSwiRestore__I)
                  0000a1e0    00000008                   : BIOS.obj (.text:ti_sysbios_family_arm_m3_Hwi_startup__E)
                  0000a1e8    00000006     driverlib.lib : usb.obj (.text:USBDevLPMConfig)
                  0000a1ee    00000006                   : usb.obj (.text:USBLPMIntStatus)
                  0000a1f4    00000006     usblib.lib : usbdma.obj (.text:iDMAUSBIntStatus)
                  0000a1fa    00000006     Boot.aem4f : Boot_sysctl.oem4f (.text:ti_catalog_arm_cortexm4_tiva_ce_Boot_sysCtlDelayI__I)
                  0000a200    00000006     sysbios.aem4f : BIOS.obj (.text:ti_sysbios_family_arm_m3_Hwi_doTaskRestore__I)
                  0000a206    00000002     --HOLE-- [fill = 0]
                  0000a208    00000006                   : BIOS.obj (.text:ti_sysbios_family_arm_m3_Hwi_restoreFxn__E)
                  0000a20e    00000002     --HOLE-- [fill = 0]
                  0000a210    00000006                   : BIOS.obj (.text:ti_sysbios_gates_GateHwi_leave__E)
                  0000a216    00000002     --HOLE-- [fill = 0]
                  0000a218    00000006                   : BIOS.obj (.text:ti_sysbios_heaps_HeapMem_isBlocking__E)
                  0000a21e    00000002     --HOLE-- [fill = 0]
                  0000a220    00000006                   : BIOS.obj (.text:ti_sysbios_knl_Queue_Instance_init__E)
                  0000a226    00000002     --HOLE-- [fill = 0]
                  0000a228    00000006                   : BIOS.obj (.text:ti_sysbios_knl_Swi_startup__E)
                  0000a22e    00000006     ti.targets.arm.rtsarm.aem4f : System.oem4f (.text:xdc_runtime_System_Module_startup__E)
                  0000a234    00000004     --HOLE-- [fill = 0]
                  0000a238    00000004     sysbios.aem4f : BIOS.obj (.text:ti_sysbios_gates_GateHwi_query__E)
                  0000a23c    00000004     --HOLE-- [fill = 0]
                  0000a240    00000004                   : BIOS.obj (.text:ti_sysbios_gates_GateMutex_query__E)
                  0000a244    00000004     --HOLE-- [fill = 0]
                  0000a248    00000004                   : BIOS.obj (.text:ti_sysbios_knl_Task_startup__E)
                  0000a24c    00000004     --HOLE-- [fill = 0]
                  0000a250    00000002                   : BIOS.obj (.text:ti_sysbios_gates_GateHwi_Instance_init__E)
                  0000a252    00000006     --HOLE-- [fill = 0]
                  0000a258    00000002                   : BIOS.obj (.text:ti_sysbios_knl_Clock_logTick__E)

.const     0    0000a25c    000021ee     
                  0000a25c    00001860     empty_min_pem4f.oem4f (.const:xdc_runtime_Text_charTab__A)
                  0000babc    00000101     rtsv7M4_T_le_v4SPD16_eabi.lib : ctype.c.obj (.const:.string:_ctypes_)
                  0000bbbd    00000001     empty_min_pem4f.oem4f (.const:xdc_runtime_Error_policy__C)
                  0000bbbe    000000bc     empty_min_pem4f.oem4f (.const:xdc_runtime_Text_nodeTab__A)
                  0000bc7a    00000002     empty_min_pem4f.oem4f (.const:ti_catalog_arm_cortexm4_tiva_ce_Boot_Module__id__C)
                  0000bc7c    00000090     driverlib.lib : gpio.obj (.const:g_pui32GPIOBaseAddrs)
                  0000bd0c    00000070                   : interrupt.obj (.const)
                  0000bd7c    00000054     drivers_tivaware.aem4f : GPIOTiva.oem4f (.const:.string)
                  0000bdd0    00000048     empty_min_pem4f.oem4f (.const:.string)
                  0000be18    00000048     drivers_tivaware.aem4f : GPIOTiva.oem4f (.const:gpioBaseAddresses)
                  0000be60    0000003c     empty_min_pem4f.oem4f (.const:ti_sysbios_knl_Task_Object__PARAMS__C)
                  0000be9c    00000038     usblib.lib : usbdcdc.obj (.const)
                  0000bed4    00000034     RLS_USB.obj (.const:.string:g_pui8ConfigString)
                  0000bf08    00000034     usblib.lib : usbdenum.obj (.const:g_psUSBDStdRequests)
                  0000bf3c    00000030                : usbdcdc.obj (.const:g_sCDCHandlers)
                  0000bf6c    00000030     empty_min_pem4f.oem4f (.const:ti_sysbios_family_arm_m3_Hwi_Object__PARAMS__C)
                  0000bf9c    0000002c     empty_min_pem4f.oem4f (.const:ti_sysbios_hal_Hwi_Object__PARAMS__C)
                  0000bfc8    00000028     empty_min_pem4f.oem4f (.const:ti_sysbios_heaps_HeapMem_Module__FXNS__C)
                  0000bff0    00000026     RLS_USB.obj (.const:.string:g_pui8ControlInterfaceString)
                  0000c016    00000002     empty_min_pem4f.oem4f (.const:ti_sysbios_family_arm_m3_Hwi_Module__id__C)
                  0000c018    00000024     empty_min_pem4f.oem4f (.const:ti_sysbios_gates_GateHwi_Module__FXNS__C)
                  0000c03c    00000024     empty_min_pem4f.oem4f (.const:ti_sysbios_gates_GateMutex_Module__FXNS__C)
                  0000c060    00000024     empty_min_pem4f.oem4f (.const:ti_sysbios_heaps_HeapMem_Object__PARAMS__C)
                  0000c084    00000024     empty_min_pem4f.oem4f (.const:ti_sysbios_knl_Semaphore_Object__PARAMS__C)
                  0000c0a8    00000023     usblib.lib : usbdcdc.obj (.const:.string:g_pui8CDCSerCommInterface)
                  0000c0cb    00000023     RLS_USB.obj (.const:.string:g_pui8ManufacturerString)
                  0000c0ee    00000002     empty_min_pem4f.oem4f (.const:ti_sysbios_heaps_HeapMem_Module__id__C)
                  0000c0f0    00000020     empty_min_pem4f.oem4f (.const:ti_sysbios_family_arm_m3_Hwi_Object__DESC__C)
                  0000c110    00000020     empty_min_pem4f.oem4f (.const:ti_sysbios_gates_GateHwi_Object__DESC__C)
                  0000c130    00000020     empty_min_pem4f.oem4f (.const:ti_sysbios_gates_GateMutex_Object__DESC__C)
                  0000c150    00000020     empty_min_pem4f.oem4f (.const:ti_sysbios_hal_Hwi_Object__DESC__C)
                  0000c170    00000020     empty_min_pem4f.oem4f (.const:ti_sysbios_heaps_HeapMem_Object__DESC__C)
                  0000c190    00000020     empty_min_pem4f.oem4f (.const:ti_sysbios_knl_Queue_Object__DESC__C)
                  0000c1b0    00000020     empty_min_pem4f.oem4f (.const:ti_sysbios_knl_Semaphore_Object__DESC__C)
                  0000c1d0    00000020     empty_min_pem4f.oem4f (.const:ti_sysbios_knl_Task_Object__DESC__C)
                  0000c1f0    00000020     empty_min_pem4f.oem4f (.const:xdc_runtime_Startup_sfxnTab__A)
                  0000c210    0000001a     RLS_USB.obj (.const:.string:g_pui8ProductString)
                  0000c22a    00000002     empty_min_pem4f.oem4f (.const:xdc_runtime_Core_Module__id__C)
                  0000c22c    00000018     RLS_USB.obj (.const:g_ppui8StringDescriptors)
                  0000c244    00000018     empty_min_pem4f.oem4f (.const:ti_sysbios_gates_GateHwi_Object__PARAMS__C)
                  0000c25c    00000018     empty_min_pem4f.oem4f (.const:ti_sysbios_gates_GateMutex_Object__PARAMS__C)
                  0000c274    00000018     empty_min_pem4f.oem4f (.const:ti_sysbios_knl_Queue_Object__PARAMS__C)
                  0000c28c    00000017     usblib.lib : usbdcdc.obj (.const:.string)
                  0000c2a3    00000001     --HOLE-- [fill = 0]
                  0000c2a4    00000014     EK_TM4C123GXL.obj (.const:GPIOTiva_config)
                  0000c2b8    00000014     empty_min_pem4f.oem4f (.const:xdc_runtime_Startup_firstFxns__A)
                  0000c2cc    00000012     RLS_USB.obj (.const:.string:g_pui8SerialNumberString)
                  0000c2de    00000010     empty_min_pem4f.oem4f (.const:xdc_runtime_Startup_sfxnRts__A)
                  0000c2ee    00000002     empty_min_pem4f.oem4f (.const:xdc_runtime_Error_Module__loggerDefined__C)
                  0000c2f0    00000008     empty_min_pem4f.oem4f (.const:ti_sysbios_family_arm_m3_Hwi_excHookFuncs__A)
                  0000c2f8    00000008     empty_min_pem4f.oem4f (.const:ti_sysbios_knl_Idle_funcList__C)
                  0000c300    00000008     empty_min_pem4f.oem4f (.const:xdc_runtime_Startup_firstFxns__C)
                  0000c308    00000008     empty_min_pem4f.oem4f (.const:xdc_runtime_Startup_lastFxns__C)
                  0000c310    00000004     RLS_USB.obj (.const:.string:g_pui8LangDescriptor)
                  0000c314    00000004     empty_min_pem4f.oem4f (.const:ti_catalog_arm_cortexm4_tiva_ce_Boot_A_mustUseEnhancedClockMode__C)
                  0000c318    00000004     empty_min_pem4f.oem4f (.const:ti_catalog_arm_cortexm4_tiva_ce_Boot_Module__diagsEnabled__C)
                  0000c31c    00000004     empty_min_pem4f.oem4f (.const:ti_catalog_arm_cortexm4_tiva_ce_Boot_Module__diagsIncluded__C)
                  0000c320    00000004     empty_min_pem4f.oem4f (.const:ti_catalog_arm_cortexm4_tiva_ce_Boot_Module__diagsMask__C)
                  0000c324    00000004     empty_min_pem4f.oem4f (.const:ti_sysbios_family_arm_lm4_Timer_enableFunc__C)
                  0000c328    00000004     empty_min_pem4f.oem4f (.const:ti_sysbios_family_arm_lm4_Timer_numTimerDevices__C)
                  0000c32c    00000004     empty_min_pem4f.oem4f (.const:ti_sysbios_family_arm_lm4_Timer_startupNeeded__C)
                  0000c330    00000004     empty_min_pem4f.oem4f (.const:ti_sysbios_family_arm_m3_Hwi_E_NMI__C)
                  0000c334    00000004     empty_min_pem4f.oem4f (.const:ti_sysbios_family_arm_m3_Hwi_E_alreadyDefined__C)
                  0000c338    00000004     empty_min_pem4f.oem4f (.const:ti_sysbios_family_arm_m3_Hwi_E_busFault__C)
                  0000c33c    00000004     empty_min_pem4f.oem4f (.const:ti_sysbios_family_arm_m3_Hwi_E_debugMon__C)
                  0000c340    00000004     empty_min_pem4f.oem4f (.const:ti_sysbios_family_arm_m3_Hwi_E_hardFault__C)
                  0000c344    00000004     empty_min_pem4f.oem4f (.const:ti_sysbios_family_arm_m3_Hwi_E_memFault__C)
                  0000c348    00000004     empty_min_pem4f.oem4f (.const:ti_sysbios_family_arm_m3_Hwi_E_noIsr__C)
                  0000c34c    00000004     empty_min_pem4f.oem4f (.const:ti_sysbios_family_arm_m3_Hwi_E_reserved__C)
                  0000c350    00000004     empty_min_pem4f.oem4f (.const:ti_sysbios_family_arm_m3_Hwi_E_svCall__C)
                  0000c354    00000004     empty_min_pem4f.oem4f (.const:ti_sysbios_family_arm_m3_Hwi_E_usageFault__C)
                  0000c358    00000004     empty_min_pem4f.oem4f (.const:ti_sysbios_family_arm_m3_Hwi_NUM_INTERRUPTS__C)
                  0000c35c    00000004     empty_min_pem4f.oem4f (.const:ti_sysbios_family_arm_m3_Hwi_Object__count__C)
                  0000c360    00000004     empty_min_pem4f.oem4f (.const:ti_sysbios_family_arm_m3_Hwi_ccr__C)
                  0000c364    00000004     empty_min_pem4f.oem4f (.const:ti_sysbios_family_arm_m3_Hwi_excHandlerFunc__C)
                  0000c368    00000004     empty_min_pem4f.oem4f (.const:ti_sysbios_family_arm_m3_Hwi_excHookFuncs__C)
                  0000c36c    00000004     empty_min_pem4f.oem4f (.const:ti_sysbios_family_arm_m3_Hwi_nullIsrFunc__C)
                  0000c370    00000004     empty_min_pem4f.oem4f (.const:ti_sysbios_family_arm_m3_Hwi_priGroup__C)
                  0000c374    00000004     empty_min_pem4f.oem4f (.const:ti_sysbios_family_arm_m3_TaskSupport_stackAlignment__C)
                  0000c378    00000004     empty_min_pem4f.oem4f (.const:ti_sysbios_gates_GateMutex_Instance_State_sem__O)
                  0000c37c    00000004     empty_min_pem4f.oem4f (.const:ti_sysbios_heaps_HeapMem_E_memory__C)
                  0000c380    00000004     empty_min_pem4f.oem4f (.const:ti_sysbios_heaps_HeapMem_Module__gateObj__C)
                  0000c384    00000004     empty_min_pem4f.oem4f (.const:ti_sysbios_heaps_HeapMem_Object__count__C)
                  0000c388    00000004     empty_min_pem4f.oem4f (.const:ti_sysbios_heaps_HeapMem_reqAlign__C)
                  0000c38c    00000004     empty_min_pem4f.oem4f (.const:ti_sysbios_knl_Clock_Module_State_clockQ__O)
                  0000c390    00000004     empty_min_pem4f.oem4f (.const:ti_sysbios_knl_Semaphore_Instance_State_pendQ__O)
                  0000c394    00000004     empty_min_pem4f.oem4f (.const:ti_sysbios_knl_Swi_Object__count__C)
                  0000c398    00000004     empty_min_pem4f.oem4f (.const:ti_sysbios_knl_Task_Module_State_inactiveQ__O)
                  0000c39c    00000004     empty_min_pem4f.oem4f (.const:ti_sysbios_knl_Task_Object__count__C)
                  0000c3a0    00000004     empty_min_pem4f.oem4f (.const:ti_sysbios_knl_Task_allBlockedFunc__C)
                  0000c3a4    00000004     empty_min_pem4f.oem4f (.const:ti_sysbios_knl_Task_defaultStackHeap__C)
                  0000c3a8    00000004     empty_min_pem4f.oem4f (.const:ti_sysbios_knl_Task_defaultStackSize__C)
                  0000c3ac    00000004     empty_min_pem4f.oem4f (.const:ti_sysbios_knl_Task_numConstructedTasks__C)
                  0000c3b0    00000004     empty_min_pem4f.oem4f (.const:xdc_runtime_Assert_E_assertFailed__C)
                  0000c3b4    00000004     empty_min_pem4f.oem4f (.const:xdc_runtime_Core_A_initializedParams__C)
                  0000c3b8    00000004     empty_min_pem4f.oem4f (.const:xdc_runtime_Core_Module__diagsEnabled__C)
                  0000c3bc    00000004     empty_min_pem4f.oem4f (.const:xdc_runtime_Core_Module__diagsIncluded__C)
                  0000c3c0    00000004     empty_min_pem4f.oem4f (.const:xdc_runtime_Core_Module__diagsMask__C)
                  0000c3c4    00000004     empty_min_pem4f.oem4f (.const:xdc_runtime_Error_E_memory__C)
                  0000c3c8    00000004     empty_min_pem4f.oem4f (.const:xdc_runtime_Error_Module__diagsEnabled__C)
                  0000c3cc    00000004     empty_min_pem4f.oem4f (.const:xdc_runtime_Error_Module__diagsIncluded__C)
                  0000c3d0    00000004     empty_min_pem4f.oem4f (.const:xdc_runtime_Error_Module__diagsMask__C)
                  0000c3d4    00000004     empty_min_pem4f.oem4f (.const:xdc_runtime_Error_Module__loggerFxn8__C)
                  0000c3d8    00000004     empty_min_pem4f.oem4f (.const:xdc_runtime_Error_Module__loggerObj__C)
                  0000c3dc    00000004     empty_min_pem4f.oem4f (.const:xdc_runtime_Error_policyFxn__C)
                  0000c3e0    00000004     empty_min_pem4f.oem4f (.const:xdc_runtime_Error_raiseHook__C)
                  0000c3e4    00000004     empty_min_pem4f.oem4f (.const:xdc_runtime_IGateProvider_Interface__BASE__C)
                  0000c3e8    00000004     empty_min_pem4f.oem4f (.const:xdc_runtime_IHeap_Interface__BASE__C)
                  0000c3ec    00000004     empty_min_pem4f.oem4f (.const:xdc_runtime_IModule_Interface__BASE__C)
                  0000c3f0    00000004     empty_min_pem4f.oem4f (.const:xdc_runtime_Log_L_error__C)
                  0000c3f4    00000004     empty_min_pem4f.oem4f (.const:xdc_runtime_Memory_defaultHeapInstance__C)
                  0000c3f8    00000004     empty_min_pem4f.oem4f (.const:xdc_runtime_Startup_execImpl__C)
                  0000c3fc    00000004     empty_min_pem4f.oem4f (.const:xdc_runtime_Startup_maxPasses__C)
                  0000c400    00000004     empty_min_pem4f.oem4f (.const:xdc_runtime_Startup_sfxnRts__C)
                  0000c404    00000004     empty_min_pem4f.oem4f (.const:xdc_runtime_Startup_sfxnTab__C)
                  0000c408    00000004     empty_min_pem4f.oem4f (.const:xdc_runtime_SysMin_bufSize__C)
                  0000c40c    00000004     empty_min_pem4f.oem4f (.const:xdc_runtime_SysMin_outputFunc__C)
                  0000c410    00000004     empty_min_pem4f.oem4f (.const:xdc_runtime_System_Module__gateObj__C)
                  0000c414    00000004     empty_min_pem4f.oem4f (.const:xdc_runtime_System_abortFxn__C)
                  0000c418    00000004     empty_min_pem4f.oem4f (.const:xdc_runtime_System_exitFxn__C)
                  0000c41c    00000004     empty_min_pem4f.oem4f (.const:xdc_runtime_System_extendFxn__C)
                  0000c420    00000004     empty_min_pem4f.oem4f (.const:xdc_runtime_System_maxAtexitHandlers__C)
                  0000c424    00000004     empty_min_pem4f.oem4f (.const:xdc_runtime_Text_charTab__C)
                  0000c428    00000004     empty_min_pem4f.oem4f (.const:xdc_runtime_Text_nameEmpty__C)
                  0000c42c    00000004     empty_min_pem4f.oem4f (.const:xdc_runtime_Text_nameStatic__C)
                  0000c430    00000004     empty_min_pem4f.oem4f (.const:xdc_runtime_Text_nameUnknown__C)
                  0000c434    00000004     empty_min_pem4f.oem4f (.const:xdc_runtime_Text_nodeTab__C)
                  0000c438    00000004     empty_min_pem4f.oem4f (.const:xdc_runtime_Text_visitRopeFxn__C)
                  0000c43c    00000002     empty_min_pem4f.oem4f (.const:xdc_runtime_Error_maxDepth__C)
                  0000c43e    00000002     empty_min_pem4f.oem4f (.const:xdc_runtime_Memory_Module__id__C)
                  0000c440    00000002     empty_min_pem4f.oem4f (.const:xdc_runtime_SysMin_flushAtExit__C)
                  0000c442    00000002     empty_min_pem4f.oem4f (.const:xdc_runtime_Text_charCnt__C)
                  0000c444    00000002     empty_min_pem4f.oem4f (.const:xdc_runtime_Text_isLoaded__C)
                  0000c446    00000002     empty_min_pem4f.oem4f (.const:xdc_runtime_Text_registryModsLastId__C)
                  0000c448    00000002     empty_min_pem4f.oem4f (.const:xdc_runtime_Text_unnamedModsLastId__C)

.cinit     0    0000c450    000002f0     
                  0000c450    000002b7     (.cinit..data.load) [load image, compression = lzss]
                  0000c707    00000001     --HOLE-- [fill = 0]
                  0000c708    0000000c     (__TI_handler_table)
                  0000c714    00000004     --HOLE-- [fill = 0]
                  0000c718    00000008     (.cinit..bss.load) [load image, compression = zero_init]
                  0000c720    00000008     (.cinit..vecs.load) [load image, compression = zero_init]
                  0000c728    00000018     (__TI_cinit_table)

.init_array 
*          0    00000000    00000000     UNINITIALIZED

.resetVecs 
*          0    00000000    0000003c     
                  00000000    0000003c     empty_min_pem4f.oem4f (.resetVecs)

.bss       0    20000360    00001cf4     UNINITIALIZED
                  20000360    00000800     (.common:task0Stack)
                  20000b60    00000800     (.common:task1Stack)
                  20001360    00000400     (.common:ti_sysbios_heaps_HeapMem_Instance_State_0_buf__A)
                  20001760    00000360     (.common:ti_sysbios_family_arm_m3_Hwi_dispatchTable)
                  20001ac0    00000120     rtsv7M4_T_le_v4SPD16_eabi.lib : trgmsg.c.obj (.bss:_CIOBUF_)
                  20001be0    00000110     usblib.lib : usbdma.obj (.bss:g_psUSBDMAInst)
                  20001cf0    000000a0     (.common:__TI_tmpnams)
                  20001d90    00000090     drivers_tivaware.aem4f : GPIOTiva.oem4f (.bss:gpioCallbackInfo)
                  20001e20    00000080     (.common:xdc_runtime_SysMin_Module_State_0_outbuf__A)
                  20001ea0    00000050     usblib.lib : usbdenum.obj (.bss:g_psDCDInst)
                  20001ef0    00000050     (.common:task0Struct)
                  20001f40    00000050     (.common:task1Struct)
                  20001f90    00000040                : usbdenum.obj (.bss:g_pui8DataBufferIn)
                  20001fd0    00000020     RLS_LED.obj (.bss:LED_State)
                  20001ff0    0000001c     RLS_USB.obj (.bss)
                  2000200c    00000018     (.common:g_pfnTickHandlers)
                  20002024    00000018     (.common:g_pvTickInstance)
                  2000203c    00000008     (.common:parmbuf)
                  20002044    00000004     (.common:g_pfnUSBModeCallback)
                  20002048    00000004     (.common:g_ppsDevInfo)
                  2000204c    00000004     (.common:g_ui32ULPISupport)
                  20002050    00000004     (.common:gpioInterruptVectors)

.data      0    20002054    000006e0     UNINITIALIZED
                  20002054    000000f0     rtsv7M4_T_le_v4SPD16_eabi.lib : defs.c.obj (.data:_ftable)
                  20002144    00000080     empty_min_pem4f.oem4f (.data:ti_sysbios_knl_Swi_Module_State_0_readyQ__A)
                  200021c4    00000080     empty_min_pem4f.oem4f (.data:ti_sysbios_knl_Task_Module_State_0_readyQ__A)
                  20002244    00000078     rtsv7M4_T_le_v4SPD16_eabi.lib : host_device.c.obj (.data:_device)
                  200022bc    00000060     RLS_USB.obj (.data:g_sCDCDevice)
                  2000231c    00000050     rtsv7M4_T_le_v4SPD16_eabi.lib : host_device.c.obj (.data:_stream)
                  2000236c    00000044     empty_min_pem4f.oem4f (.data:ti_sysbios_knl_Task_Module__state__V)
                  200023b0    00000040     empty_min_pem4f.oem4f (.data:ti_sysbios_family_arm_lm4_Timer_Object__table__V)
                  200023f0    00000040     usblib.lib : usbdcdc.obj (.data)
                  20002430    00000038     empty_min_pem4f.oem4f (.data:ti_sysbios_gates_GateMutex_Object__table__V)
                  20002468    00000034     empty_min_pem4f.oem4f (.data:ti_sysbios_family_arm_m3_Hwi_Module__state__V)
                  2000249c    00000030     empty_min_pem4f.oem4f (.data:ti_sysbios_family_arm_lm4_Timer_Module_State_0_device__A)
                  200024cc    00000030     empty_min_pem4f.oem4f (.data:ti_sysbios_family_arm_m3_Hwi_Object__table__V)
                  200024fc    00000030     empty_min_pem4f.oem4f (.data:ti_sysbios_knl_Swi_Object__table__V)
                  2000252c    0000002c     empty_min_pem4f.oem4f (.data:ti_sysbios_knl_Clock_Module__state__V)
                  20002558    00000024     empty_min_pem4f.oem4f (.data:ti_sysbios_BIOS_Module__state__V)
                  2000257c    00000020     empty_min_pem4f.oem4f (.data:ti_sysbios_knl_Clock_Object__table__V)
                  2000259c    0000001c     empty_min_pem4f.oem4f (.data:ti_sysbios_knl_Swi_Module__state__V)
                  200025b8    00000018     RLS_Command.obj (.data:commandArgument)
                  200025d0    00000018     RLS_Command.obj (.data:commandFuctions)
                  200025e8    00000018     RLS_Command.obj (.data:commandName)
                  20002600    00000018     empty_min_pem4f.oem4f (.data:ti_sysbios_family_arm_lm4_Timer_Module_State_0_handles__A)
                  20002618    00000018     empty_min_pem4f.oem4f (.data:ti_sysbios_heaps_HeapMem_Object__table__V)
                  20002630    00000014     EK_TM4C123GXL.obj (.data:gpioPinConfigs)
                  20002644    00000010     rtsv7M4_T_le_v4SPD16_eabi.lib : defs.c.obj (.data)
                  20002654    0000000c                                   : exit.c.obj (.data:$O1$$)
                  20002660    0000000c     empty_min_pem4f.oem4f (.data:ti_sysbios_family_arm_lm4_Timer_Module__state__V)
                  2000266c    0000000c     usblib.lib : usbtick.obj (.data)
                  20002678    0000000c     empty_min_pem4f.oem4f (.data:xdc_runtime_SysMin_Module__state__V)
                  20002684    00000009     usblib.lib : usbmode.obj (.data)
                  2000268d    00000001     --HOLE--
                  2000268e    00000002     empty_min_pem4f.oem4f (.data:ti_sysbios_family_arm_m3_Hwi_Module_State_0_excActive__A)
                  20002690    00000008     rtsv7M4_T_le_v4SPD16_eabi.lib : _lock.c.obj (.data:$O1$$)
                  20002698    00000008     EK_TM4C123GXL.obj (.data:gpioCallbackFunctions)
                  200026a0    00000008     empty_min_pem4f.oem4f (.data:ti_sysbios_family_arm_m3_Hwi_Module__root__V)
                  200026a8    00000008     empty_min_pem4f.oem4f (.data:ti_sysbios_gates_GateHwi_Module__root__V)
                  200026b0    00000008     empty_min_pem4f.oem4f (.data:ti_sysbios_gates_GateMutex_Module__root__V)
                  200026b8    00000008     empty_min_pem4f.oem4f (.data:ti_sysbios_hal_Hwi_Module__root__V)
                  200026c0    00000008     empty_min_pem4f.oem4f (.data:ti_sysbios_heaps_HeapMem_Module__root__V)
[...]
0000a1e1  ti_sysbios_family_arm_m3_Hwi_startup__E                           
0000a1e1  ti_sysbios_hal_Hwi_HwiProxy_startup__E                            
0000a1e1  ti_sysbios_hal_Hwi_startup__E                                     
0000a1e9  USBDevLPMConfig                                                   
0000a1ef  USBLPMIntStatus                                                   
0000a1fb  ti_catalog_arm_cortexm4_tiva_ce_Boot_sysCtlDelayI__I              
0000a201  ti_sysbios_family_arm_m3_Hwi_doTaskRestore__I                     
0000a209  ti_sysbios_family_arm_m3_Hwi_restoreFxn__E                        
0000a209  ti_sysbios_hal_Hwi_HwiProxy_restore__E                            
0000a211  ti_sysbios_gates_GateHwi_leave__E                                 
0000a219  ti_sysbios_heaps_HeapMem_isBlocking__E                            
0000a221  ti_sysbios_knl_Queue_Instance_init__E                             
0000a229  ti_sysbios_knl_Swi_startup__E                                     
0000a22f  xdc_runtime_System_Module_startup__E                              
0000a239  ti_sysbios_gates_GateHwi_query__E                                 
0000a239  xdc_runtime_Main_Module_GateProxy_query__E                        
0000a239  xdc_runtime_System_Module_GateProxy_query__E                      
0000a241  ti_sysbios_BIOS_RtsGateProxy_query__E                             
0000a241  ti_sysbios_gates_GateMutex_query__E                               
0000a241  ti_sysbios_heaps_HeapMem_Module_GateProxy_query__E                
0000a249  ti_sysbios_knl_Task_startup__E                                    
0000a251  ti_sysbios_gates_GateHwi_Instance_init__E                         
0000a259  ti_sysbios_knl_Clock_logTick__E                                   
0000a25c  xdc_runtime_Text_charTab__A                                       
0000babc  _ctypes_                                                          
0000bbbd  xdc_runtime_Error_policy__C                                       
0000bbbe  xdc_runtime_Text_nodeTab__A                                       
0000bc7a  ti_catalog_arm_cortexm4_tiva_ce_Boot_Module__id__C                
0000be60  ti_sysbios_knl_Task_Object__PARAMS__C                             
0000be9c  g_sCDCSerConfigSection                                            
0000bea4  g_sIADSerConfigSection                                            
0000beac  g_sCDCSerCommInterfaceSection                                     
0000beb4  g_sCDCSerDataInterfaceSection                                     
0000bebc  g_sCDCSerConfigHeader                                             
0000bec4  g_sCDCCompSerConfigHeader                                         
0000becc  g_ppCDCSerConfigDescriptors                                       
0000bed0  g_pCDCCompSerConfigDescriptors                                    
0000bed4  g_pui8ConfigString                                                
0000bf3c  g_sCDCHandlers                                                    
0000bf6c  ti_sysbios_family_arm_m3_Hwi_Object__PARAMS__C                    
0000bf9c  ti_sysbios_hal_Hwi_Object__PARAMS__C                              
0000bfc8  ti_sysbios_heaps_HeapMem_Module__FXNS__C                          
0000bff0  g_pui8ControlInterfaceString                                      
0000c016  ti_sysbios_family_arm_m3_Hwi_Module__id__C                        
0000c018  ti_sysbios_gates_GateHwi_Module__FXNS__C                          
0000c03c  ti_sysbios_gates_GateMutex_Module__FXNS__C                        
0000c060  ti_sysbios_heaps_HeapMem_Object__PARAMS__C                        
0000c084  ti_sysbios_knl_Semaphore_Object__PARAMS__C                        
0000c0a8  g_pui8CDCSerCommInterface                                         
0000c0cb  g_pui8ManufacturerString                                          
0000c0ee  ti_sysbios_heaps_HeapMem_Module__id__C                            
0000c0f0  ti_sysbios_family_arm_m3_Hwi_Object__DESC__C                      
0000c110  ti_sysbios_gates_GateHwi_Object__DESC__C                          
0000c130  ti_sysbios_gates_GateMutex_Object__DESC__C                        
0000c150  ti_sysbios_hal_Hwi_Object__DESC__C                                
0000c170  ti_sysbios_heaps_HeapMem_Object__DESC__C                          
0000c190  ti_sysbios_knl_Queue_Object__DESC__C                              
0000c1b0  ti_sysbios_knl_Semaphore_Object__DESC__C                          
0000c1d0  ti_sysbios_knl_Task_Object__DESC__C                               
0000c1f0  xdc_runtime_Startup_sfxnTab__A                                    
0000c210  g_pui8ProductString                                               
0000c22a  xdc_runtime_Core_Module__id__C                                    
0000c22c  g_ppui8StringDescriptors                                          
0000c244  ti_sysbios_gates_GateHwi_Object__PARAMS__C                        
0000c25c  ti_sysbios_gates_GateMutex_Object__PARAMS__C                      
0000c274  ti_sysbios_knl_Queue_Object__PARAMS__C                            
0000c28c  g_pui8CDCSerDataInterface                                         
0000c2a4  GPIOTiva_config                                                   
0000c2b8  xdc_runtime_Startup_firstFxns__A                                  
0000c2cc  g_pui8SerialNumberString                                          
0000c2de  xdc_runtime_Startup_sfxnRts__A                                    
0000c2ee  xdc_runtime_Error_Module__loggerDefined__C                        
0000c2f0  ti_sysbios_family_arm_m3_Hwi_excHookFuncs__A                      
0000c2f8  ti_sysbios_knl_Idle_funcList__C                                   
0000c300  xdc_runtime_Startup_firstFxns__C                                  
0000c308  xdc_runtime_Startup_lastFxns__C                                   
0000c310  g_pui8LangDescriptor                                              
0000c314  ti_catalog_arm_cortexm4_tiva_ce_Boot_A_mustUseEnhancedClockMode__C
0000c318  ti_catalog_arm_cortexm4_tiva_ce_Boot_Module__diagsEnabled__C      
0000c31c  ti_catalog_arm_cortexm4_tiva_ce_Boot_Module__diagsIncluded__C     
0000c320  ti_catalog_arm_cortexm4_tiva_ce_Boot_Module__diagsMask__C         
0000c324  ti_sysbios_family_arm_lm4_Timer_enableFunc__C                     
0000c328  ti_sysbios_family_arm_lm4_Timer_numTimerDevices__C                
0000c32c  ti_sysbios_family_arm_lm4_Timer_startupNeeded__C                  
0000c330  ti_sysbios_family_arm_m3_Hwi_E_NMI__C                             
0000c334  ti_sysbios_family_arm_m3_Hwi_E_alreadyDefined__C                  
0000c338  ti_sysbios_family_arm_m3_Hwi_E_busFault__C                        
0000c33c  ti_sysbios_family_arm_m3_Hwi_E_debugMon__C                        
0000c340  ti_sysbios_family_arm_m3_Hwi_E_hardFault__C                       
0000c344  ti_sysbios_family_arm_m3_Hwi_E_memFault__C                        
0000c348  ti_sysbios_family_arm_m3_Hwi_E_noIsr__C                           
0000c34c  ti_sysbios_family_arm_m3_Hwi_E_reserved__C                        
0000c350  ti_sysbios_family_arm_m3_Hwi_E_svCall__C                          
0000c354  ti_sysbios_family_arm_m3_Hwi_E_usageFault__C                      
0000c358  ti_sysbios_family_arm_m3_Hwi_NUM_INTERRUPTS__C                    
0000c35c  ti_sysbios_family_arm_m3_Hwi_Object__count__C                     
0000c360  ti_sysbios_family_arm_m3_Hwi_ccr__C                               
0000c364  ti_sysbios_family_arm_m3_Hwi_excHandlerFunc__C                    
0000c368  ti_sysbios_family_arm_m3_Hwi_excHookFuncs__C                      
0000c36c  ti_sysbios_family_arm_m3_Hwi_nullIsrFunc__C                       
0000c370  ti_sysbios_family_arm_m3_Hwi_priGroup__C                          
0000c374  ti_sysbios_family_arm_m3_TaskSupport_stackAlignment__C            
0000c378  ti_sysbios_gates_GateMutex_Instance_State_sem__O                  
0000c37c  ti_sysbios_heaps_HeapMem_E_memory__C                              
0000c380  ti_sysbios_heaps_HeapMem_Module__gateObj__C                       
0000c384  ti_sysbios_heaps_HeapMem_Object__count__C                         
0000c388  ti_sysbios_heaps_HeapMem_reqAlign__C                              
0000c38c  ti_sysbios_knl_Clock_Module_State_clockQ__O                       
0000c390  ti_sysbios_knl_Semaphore_Instance_State_pendQ__O                  
0000c394  ti_sysbios_knl_Swi_Object__count__C                               
0000c398  ti_sysbios_knl_Task_Module_State_inactiveQ__O                     
0000c39c  ti_sysbios_knl_Task_Object__count__C                              
0000c3a0  ti_sysbios_knl_Task_allBlockedFunc__C                             
0000c3a4  ti_sysbios_knl_Task_defaultStackHeap__C                           
0000c3a8  ti_sysbios_knl_Task_defaultStackSize__C                           
0000c3ac  ti_sysbios_knl_Task_numConstructedTasks__C                        
0000c3b0  xdc_runtime_Assert_E_assertFailed__C                              
0000c3b4  xdc_runtime_Core_A_initializedParams__C                           
0000c3b8  xdc_runtime_Core_Module__diagsEnabled__C                          
0000c3bc  xdc_runtime_Core_Module__diagsIncluded__C                         
0000c3c0  xdc_runtime_Core_Module__diagsMask__C                             
0000c3c4  xdc_runtime_Error_E_memory__C                                     
0000c3c8  xdc_runtime_Error_Module__diagsEnabled__C                         
0000c3cc  xdc_runtime_Error_Module__diagsIncluded__C                        
0000c3d0  xdc_runtime_Error_Module__diagsMask__C                            
0000c3d4  xdc_runtime_Error_Module__loggerFxn8__C                           
0000c3d8  xdc_runtime_Error_Module__loggerObj__C                            
0000c3dc  xdc_runtime_Error_policyFxn__C                                    
0000c3e0  xdc_runtime_Error_raiseHook__C                                    
0000c3e4  xdc_runtime_IGateProvider_Interface__BASE__C                      
0000c3e8  xdc_runtime_IHeap_Interface__BASE__C                              
0000c3ec  xdc_runtime_IModule_Interface__BASE__C                            
0000c3f0  xdc_runtime_Log_L_error__C                                        
0000c3f4  xdc_runtime_Memory_defaultHeapInstance__C                         
0000c3f8  xdc_runtime_Startup_execImpl__C                                   
0000c3fc  xdc_runtime_Startup_maxPasses__C                                  
0000c400  xdc_runtime_Startup_sfxnRts__C                                    
0000c404  xdc_runtime_Startup_sfxnTab__C                                    
0000c408  xdc_runtime_SysMin_bufSize__C                                     
0000c40c  xdc_runtime_SysMin_outputFunc__C                                  
0000c410  xdc_runtime_System_Module__gateObj__C                             
0000c414  xdc_runtime_System_abortFxn__C                                    
0000c418  xdc_runtime_System_exitFxn__C                                     
0000c41c  xdc_runtime_System_extendFxn__C                                   
0000c420  xdc_runtime_System_maxAtexitHandlers__C                           
0000c424  xdc_runtime_Text_charTab__C                                       
0000c428  xdc_runtime_Text_nameEmpty__C                                     
0000c42c  xdc_runtime_Text_nameStatic__C                                    
0000c430  xdc_runtime_Text_nameUnknown__C                                   
0000c434  xdc_runtime_Text_nodeTab__C                                       
0000c438  xdc_runtime_Text_visitRopeFxn__C                                  
0000c43c  xdc_runtime_Error_maxDepth__C                                     
0000c43e  xdc_runtime_Memory_Module__id__C                                  
0000c440  xdc_runtime_SysMin_flushAtExit__C                                 
0000c442  xdc_runtime_Text_charCnt__C                                       
0000c444  xdc_runtime_Text_isLoaded__C                                      
0000c446  xdc_runtime_Text_registryModsLastId__C                            
0000c448  xdc_runtime_Text_unnamedModsLastId__C                             
0000c450  __TI_static_base__                                                
0000c708  __TI_Handler_Table_Base                                           
0000c714  __TI_Handler_Table_Limit                                          
0000c728  __TI_CINIT_Base                                                   
0000c740  __TI_CINIT_Limit                                                  
20000000  __start___llvm_prf_cnts                                           
20000000  __stop___llvm_prf_cnts                                            
20000000  ti_sysbios_family_arm_m3_Hwi_ramVectors                           
20000360  task0Stack                                                        
20000b60  task1Stack                                                        
20001360  ti_sysbios_heaps_HeapMem_Instance_State_0_buf__A                  
20001760  ti_sysbios_family_arm_m3_Hwi_dispatchTable                        
20001ac0  __CIOBUF_                                                         
20001cf0  __TI_tmpnams                                                      
20001e20  xdc_runtime_SysMin_Module_State_0_outbuf__A                       
20001ea0  g_psDCDInst                                                       
20001ef0  task0Struct                                                       
20001f40  task1Struct                                                       
2000200c  g_pfnTickHandlers                                                 
20002024  g_pvTickInstance                                                  
2000203c  parmbuf                                                           
20002048  g_ppsDevInfo                                                      
20002054  _ftable                                                           
20002144  ti_sysbios_knl_Swi_Module_State_0_readyQ__A                       
200021c4  ti_sysbios_knl_Task_Module_State_0_readyQ__A                      
20002244  _device                                                           
2000231c  _stream                                                           
2000236c  ti_sysbios_knl_Task_Module__state__V                              
200023b0  ti_sysbios_family_arm_lm4_Timer_Object__table__V                  
200023f0  g_pui8CDCSerDeviceDescriptor                                      
20002402  g_pui8CDCSerDescriptor                                            
2000240b  g_pui8IADSerDescriptor                                            
20002414  g_psCDCSerSections                                                
20002420  g_psCDCCompSerSections                                            
20002430  ti_sysbios_gates_GateMutex_Object__table__V                       
20002468  ti_sysbios_family_arm_m3_Hwi_Module__state__V                     
2000249c  ti_sysbios_family_arm_lm4_Timer_Module_State_0_device__A          
200024cc  ti_sysbios_family_arm_m3_Hwi_Object__table__V                     
200024fc  ti_sysbios_knl_Swi_Object__table__V                               
2000252c  ti_sysbios_knl_Clock_Module__state__V                             
20002558  ti_sysbios_BIOS_Module__state__V                                  
2000257c  ti_sysbios_knl_Clock_Object__table__V                             
2000259c  ti_sysbios_knl_Swi_Module__state__V                               
200025b8  commandArgument                                                   
200025d0  commandFuctions                                                   
200025e8  commandName                                                       
20002600  ti_sysbios_family_arm_lm4_Timer_Module_State_0_handles__A         
20002618  ti_sysbios_heaps_HeapMem_Object__table__V                         
20002630  gpioPinConfigs                                                    
20002644  __TI_ft_end                                                       
20002648  __aeabi_stdin                                                     
2000264c  __aeabi_stdout                                                    
20002650  __aeabi_stderr                                                    
20002654  __TI_cleanup_ptr                                                  
20002658  __TI_dtors_ptr                                                    
2000265c  __TI_enable_exit_profile_output                                   
20002660  ti_sysbios_family_arm_lm4_Timer_Module__state__V                  
2000266c  g_bUSBTimerInitialized                                            
20002670  g_ui32CurrentUSBTick                                              
20002674  g_ui32USBSOFCount                                                 
20002678  xdc_runtime_SysMin_Module__state__V                               
20002684  g_iUSBMode                                                        
20002688  g_ui32WaitTicks                                                   
2000268e  ti_sysbios_family_arm_m3_Hwi_Module_State_0_excActive__A          
20002690  _lock                                                             
20002694  _unlock                                                           
20002698  gpioCallbackFunctions                                             
200026a0  ti_sysbios_family_arm_m3_Hwi_Module__root__V                      
200026a8  ti_sysbios_gates_GateHwi_Module__root__V                          
200026b0  ti_sysbios_gates_GateMutex_Module__root__V                        
200026b8  ti_sysbios_hal_Hwi_Module__root__V                                
200026c0  ti_sysbios_heaps_HeapMem_Module__root__V                          
200026c8  ti_sysbios_knl_Queue_Module__root__V                              
200026d0  ti_sysbios_knl_Semaphore_Module__root__V                          
200026d8  ti_sysbios_knl_Task_Module__root__V                               
200026e8  xdc_runtime_Registry_Module__state__V                             
200026f0  xdc_runtime_Startup_Module__state__V                              
200026f8  xdc_runtime_System_Module_State_0_atexitHandlers__A               
20002700  xdc_runtime_System_Module__state__V                               
20002716  xdc_runtime_Error_Module__state__V                                
20002718  errno                                                             
2000271c  main_func_sp                                                      
20002720  ti_sysbios_family_arm_m3_Hwi_Module_State_0_excContext__A         
20002724  ti_sysbios_family_arm_m3_Hwi_Module_State_0_excStack__A           
20002728  ti_sysbios_gates_GateHwi_Object__table__V                         
2000272c  ti_sysbios_knl_Task_Module_State_0_idleTask__A                    
20002730  xdc_runtime_Memory_Module__state__V                               
20002738  __stack                                                           
20002a38  __STACK_END                                                       
e000e000  ti_sysbios_family_arm_m3_Hwi_nvic                                 
ffffffff  __TI_pprof_out_hndl                                               
ffffffff  __TI_prof_data_size                                               
ffffffff  __TI_prof_data_start                                              
ffffffff  __binit__                                                         
ffffffff  __c_args__                                                        
ffffffff  binit                                                             
UNDEFED   SHT$$INIT_ARRAY$$Base                                             
UNDEFED   SHT$$INIT_ARRAY$$Limit                                            

[738 symbols]
